Flutter crash report.
Please report a bug at https://github.com/flutter/flutter/issues.

## command

flutter analyze lib/main.dart lib/services/notification_service.dart

## exception

_Exception: Exception: analysis server exited with code -1073740791 and output:
[stdout] {"event":"server.connected","params":{"version":"1.40.1","pid":15500}}
[stdout] {"id":"1"}
[stdout] {"event":"server.status","params":{"analysis":{"isAnalyzing":true}}}
[stderr] ../../runtime/vm/zone.cc: 96: error: Out of memory.
[stderr] version=3.11.5 (stable) (Wed Apr 15 00:36:32 2026 -0700) on "windows_x64"
[stderr] pid=15500, thread=27700, isolate_group=main(000002866C057CF0), isolate=(nil)(0000000000000000)
[stderr] os=windows, arch=x64, comp=no, sim=no
[stderr] isolate_instructions=2866a6b0000, vm_instructions=7ff793288400
[stderr] fp=e9d4bfd9d0, sp=e9d4bfd988, pc=7ff79356cca3
[stderr]   pc 0x00007ff79356cca3 fp 0x000000e9d4bfd9d0 Dart_DetectNullSafety+0x2dc1c3
[stderr] -- End of DumpStackTrace
[stderr] ../../runtime/vm/zone.cc: 96: error: Out of memory.
[stderr] Aborting reentrant request for stack trace.

```
```

## flutter doctor

```
[32m[✓][39m Flutter (Channel stable, 3.41.9, on Microsoft Windows [Version
    10.0.22000.2538], locale en-US) [1,525ms]
    [32m•[39m Flutter version 3.41.9 on channel stable at C:\flutter
    [32m•[39m Upstream repository https://github.com/flutter/flutter.git
    [32m•[39m Framework revision 00b0c91f06 (3 months ago), 2026-04-29 10:03:19 -0700
    [32m•[39m Engine revision 42d3d75a56
    [32m•[39m Dart version 3.11.5
    [32m•[39m DevTools version 2.54.2
    [32m•[39m Feature flags: enable-web, enable-linux-desktop, enable-macos-desktop,
      enable-windows-desktop, enable-android, enable-ios, cli-animations,
      enable-native-assets, omit-legacy-version-file, enable-lldb-debugging,
      enable-uiscene-migration

[32m[✓][39m Windows Version (11 Pro 64-bit, 21H2, 2009) [42.2s]

[32m[✓][39m Android toolchain - develop for Android devices (Android SDK version 36.1.0)
    [112.8s]
    [32m•[39m Android SDK at C:\Users\u\AppData\Local\Android\sdk
    [32m•[39m Emulator version 36.6.11.0 (build_id 15507667) (CL:N/A)
    [32m•[39m Platform android-36.1, build-tools 36.1.0
    [32m•[39m Java binary at: C:\Program Files\Android\Android Studio1\jbr\bin\java
      This is the JDK bundled with the latest Android Studio installation on
      this machine.
      To manually set the JDK path, use: `flutter config
      --jdk-dir="path/to/jdk"`.
    [32m•[39m Java version OpenJDK Runtime Environment (build
      21.0.10+-14961533-b1163.108)
    [32m•[39m All Android licenses accepted.

[32m[✓][39m Chrome - develop for the web [667ms]
    [32m•[39m Chrome at C:\Program Files\Google\Chrome\Application\chrome.exe

[32m[✓][39m Visual Studio - develop Windows apps (Visual Studio Build Tools 2026 18.3.2)
    [664ms]
    [32m•[39m Visual Studio at C:\Program Files (x86)\Microsoft Visual
      Studio\18\BuildTools
    [32m•[39m Visual Studio Build Tools 2026 version 18.3.11520.95
    [32m•[39m Windows 10 SDK version 10.0.26100.0

[32m[✓][39m Connected device (3 available) [2.1s]
    [32m•[39m Windows (desktop) • windows • windows-x64    • Microsoft Windows [Version
      10.0.22000.2538]
    [32m•[39m Chrome (web)      • chrome  • web-javascript • Google Chrome
      150.0.7871.186
    [32m•[39m Edge (web)        • edge    • web-javascript • Microsoft Edge
      150.0.4078.65

[32m[✓][39m Network resources [1,004ms]
    [32m•[39m All expected network resources are available.

[32m•[39m No issues found!
```
