#
# There is insufficient memory for the Java Runtime Environment to continue.
# Native memory allocation (malloc) failed to allocate 32744 bytes. Error detail: Chunk::new
# Possible reasons:
#   The system is out of physical RAM or swap space
#   This process is running with CompressedOops enabled, and the Java Heap may be blocking the growth of the native heap
# Possible solutions:
#   Reduce memory load on the system
#   Increase physical memory or swap space
#   Check if swap backing store is full
#   Decrease Java heap size (-Xmx/-Xms)
#   Decrease number of Java threads
#   Decrease Java thread stack sizes (-Xss)
#   Set larger code cache with -XX:ReservedCodeCacheSize=
#   JVM is running with Unscaled Compressed Oops mode in which the Java heap is
#     placed in the first 4GB address space. The Java Heap base address is the
#     maximum limit for the native heap growth. Please use -XX:HeapBaseMinAddress
#     to set the Java Heap base and to place the Java Heap above 4GB virtual address.
# This output file may be truncated or incomplete.
#
#  Out of Memory Error (arena.cpp:168), pid=34728, tid=14800
#
# JRE version: OpenJDK Runtime Environment Temurin-21.0.11+10 (21.0.11+10) (build 21.0.11+10-LTS)
# Java VM: OpenJDK 64-Bit Server VM Temurin-21.0.11+10 (21.0.11+10-LTS, mixed mode, sharing, tiered, compressed oops, compressed class ptrs, g1 gc, windows-amd64)
# No core dump will be written. Minidumps are not enabled by default on client versions of Windows
#

---------------  S U M M A R Y ------------

Command Line: --add-opens=java.base/java.lang=ALL-UNNAMED --add-opens=java.base/java.lang.invoke=ALL-UNNAMED --add-opens=java.base/java.util=ALL-UNNAMED --add-opens=java.prefs/java.util.prefs=ALL-UNNAMED --add-exports=jdk.compiler/com.sun.tools.javac.api=ALL-UNNAMED --add-exports=jdk.compiler/com.sun.tools.javac.util=ALL-UNNAMED --add-opens=java.base/java.util=ALL-UNNAMED --add-opens=java.prefs/java.util.prefs=ALL-UNNAMED --add-opens=java.base/java.nio.charset=ALL-UNNAMED --add-opens=java.base/java.net=ALL-UNNAMED --add-opens=java.base/java.util.concurrent.atomic=ALL-UNNAMED --add-opens=java.xml/javax.xml.namespace=ALL-UNNAMED -XX:MaxMetaspaceSize=256m -Xss512k -Xmx1536m -Dfile.encoding=UTF-8 -Duser.country=US -Duser.language=en -Duser.variant -javaagent:C:\Users\u\.gradle\wrapper\dists\gradle-8.12-all\ejduaidbjup3bmmkhw3rie4zb\gradle-8.12\lib\agents\gradle-instrumentation-agent-8.12.jar org.gradle.launcher.daemon.bootstrap.GradleDaemon 8.12

Host: Intel(R) Core(TM) i5-6300U CPU @ 2.40GHz, 4 cores, 7G,  Windows 11 , 64 bit Build 22000 (10.0.22000.2538)
Time: Sat Aug 22 15:01:16 2026 E. Africa Standard Time elapsed time: 238.062262 seconds (0d 0h 3m 58s)

---------------  T H R E A D  ---------------

Current thread (0x000002cd131c1050):  JavaThread "C2 CompilerThread0" daemon [_thread_in_native, id=14800, stack(0x000000cff2980000,0x000000cff2a80000) (1024K)]


Current CompileTask:
C2:238068 11801       4       org.gradle.util.internal.CollectionUtils::collect (44 bytes)

Stack: [0x000000cff2980000,0x000000cff2a80000]
Native frames: (J=compiled Java code, j=interpreted, Vv=VM code, C=native code)
V  [jvm.dll+0x6d7e19]
V  [jvm.dll+0x8b5096]
V  [jvm.dll+0x8b764e]
V  [jvm.dll+0x8b7d33]
V  [jvm.dll+0x284596]
V  [jvm.dll+0xc685d]
V  [jvm.dll+0xc6da1]
V  [jvm.dll+0x65fa7d]
V  [jvm.dll+0x65fc0b]
V  [jvm.dll+0x6658db]
V  [jvm.dll+0x6668d6]
V  [jvm.dll+0x664c1b]
V  [jvm.dll+0x24c57b]
V  [jvm.dll+0x24bce0]
V  [jvm.dll+0x1cb4ae]
V  [jvm.dll+0x25baad]
V  [jvm.dll+0x25a03a]
V  [jvm.dll+0x3f868e]
V  [jvm.dll+0x85fb0d]
V  [jvm.dll+0x6d664d]
C  [ucrtbase.dll+0x26c0c]
C  [KERNEL32.DLL+0x153e0]
C  [ntdll.dll+0x485b]


---------------  P R O C E S S  ---------------

Threads class SMR info:
_java_thread_list=0x000002cd29a26400, length=50, elements={
0x000002cd7cc35910, 0x000002cd131b3ab0, 0x000002cd131b4e10, 0x000002cd131b8540,
0x000002cd131bb340, 0x000002cd131bc020, 0x000002cd131c06b0, 0x000002cd131c1050,
0x000002cd1322b730, 0x000002cd13489950, 0x000002cd1343e640, 0x000002cd1357a310,
0x000002cd1350c6e0, 0x000002cd26a37270, 0x000002cd269dbe60, 0x000002cd26cac9d0,
0x000002cd13527d60, 0x000002cd13529110, 0x000002cd135297a0, 0x000002cd13529e30,
0x000002cd135283f0, 0x000002cd135276d0, 0x000002cd1352a4c0, 0x000002cd13527040,
0x000002cd2769dc90, 0x000002cd2769f6d0, 0x000002cd2769cf70, 0x000002cd276a17a0,
0x000002cd2769e320, 0x000002cd2769e9b0, 0x000002cd276a31e0, 0x000002cd276a1110,
0x000002cd2769f040, 0x000002cd276a03f0, 0x000002cd2769fd60, 0x000002cd2769d600,
0x000002cd2798eee0, 0x000002cd27993710, 0x000002cd27994ac0, 0x000002cd27995150,
0x000002cd2798f570, 0x000002cd27991cd0, 0x000002cd27992360, 0x000002cd27993080,
0x000002cd27995e70, 0x000002cd27990290, 0x000002cd27990920, 0x000002cd279929f0,
0x000002cd27993da0, 0x000002cd27620f80
}

Java Threads: ( => current thread )
  0x000002cd7cc35910 JavaThread "main"                              [_thread_blocked, id=2228, stack(0x000000cff1f00000,0x000000cff1f80000) (512K)]
  0x000002cd131b3ab0 JavaThread "Reference Handler"          daemon [_thread_blocked, id=12424, stack(0x000000cff2680000,0x000000cff2700000) (512K)]
  0x000002cd131b4e10 JavaThread "Finalizer"                  daemon [_thread_blocked, id=7876, stack(0x000000cff2700000,0x000000cff2780000) (512K)]
  0x000002cd131b8540 JavaThread "Signal Dispatcher"          daemon [_thread_blocked, id=35124, stack(0x000000cff2780000,0x000000cff2800000) (512K)]
  0x000002cd131bb340 JavaThread "Attach Listener"            daemon [_thread_blocked, id=23892, stack(0x000000cff2800000,0x000000cff2880000) (512K)]
  0x000002cd131bc020 JavaThread "Service Thread"             daemon [_thread_blocked, id=17080, stack(0x000000cff2880000,0x000000cff2900000) (512K)]
  0x000002cd131c06b0 JavaThread "Monitor Deflation Thread"   daemon [_thread_blocked, id=16420, stack(0x000000cff2900000,0x000000cff2980000) (512K)]
=>0x000002cd131c1050 JavaThread "C2 CompilerThread0"         daemon [_thread_in_native, id=14800, stack(0x000000cff2980000,0x000000cff2a80000) (1024K)]
  0x000002cd1322b730 JavaThread "C1 CompilerThread0"         daemon [_thread_blocked, id=6500, stack(0x000000cff2a80000,0x000000cff2b80000) (1024K)]
  0x000002cd13489950 JavaThread "Common-Cleaner"             daemon [_thread_blocked, id=292, stack(0x000000cff2b80000,0x000000cff2c00000) (512K)]
  0x000002cd1343e640 JavaThread "Notification Thread"        daemon [_thread_blocked, id=15620, stack(0x000000cff2c00000,0x000000cff2c80000) (512K)]
  0x000002cd1357a310 JavaThread "Daemon health stats"               [_thread_blocked, id=26896, stack(0x000000cff2f80000,0x000000cff3000000) (512K)]
  0x000002cd1350c6e0 JavaThread "Incoming local TCP Connector on port 56462"        [_thread_in_native, id=35660, stack(0x000000cff3000000,0x000000cff3080000) (512K)]
  0x000002cd26a37270 JavaThread "Daemon periodic checks"            [_thread_blocked, id=22960, stack(0x000000cff3080000,0x000000cff3100000) (512K)]
  0x000002cd269dbe60 JavaThread "Daemon"                            [_thread_blocked, id=23668, stack(0x000000cff3100000,0x000000cff3180000) (512K)]
  0x000002cd26cac9d0 JavaThread "Handler for socket connection from /127.0.0.1:56462 to /127.0.0.1:56467"        [_thread_in_native, id=5448, stack(0x000000cff3180000,0x000000cff3200000) (512K)]
  0x000002cd13527d60 JavaThread "Cancel handler"                    [_thread_blocked, id=916, stack(0x000000cff3200000,0x000000cff3280000) (512K)]
  0x000002cd13529110 JavaThread "Daemon worker"                     [_thread_in_native, id=3528, stack(0x000000cff3280000,0x000000cff3300000) (512K)]
  0x000002cd135297a0 JavaThread "Asynchronous log dispatcher for DefaultDaemonConnection: socket connection from /127.0.0.1:56462 to /127.0.0.1:56467"        [_thread_blocked, id=24612, stack(0x000000cff3300000,0x000000cff3380000) (512K)]
  0x000002cd13529e30 JavaThread "Stdin handler"                     [_thread_blocked, id=25488, stack(0x000000cff3380000,0x000000cff3400000) (512K)]
  0x000002cd135283f0 JavaThread "Daemon client event forwarder"        [_thread_blocked, id=16568, stack(0x000000cff3400000,0x000000cff3480000) (512K)]
  0x000002cd135276d0 JavaThread "Cache worker for journal cache (C:\Users\u\.gradle\caches\journal-1)"        [_thread_blocked, id=10092, stack(0x000000cff3480000,0x000000cff3500000) (512K)]
  0x000002cd1352a4c0 JavaThread "File lock request listener"        [_thread_in_native, id=7996, stack(0x000000cff3500000,0x000000cff3580000) (512K)]
  0x000002cd13527040 JavaThread "Cache worker for file hash cache (C:\Users\u\.gradle\caches\8.12\fileHashes)"        [_thread_blocked, id=35736, stack(0x000000cff3580000,0x000000cff3600000) (512K)]
  0x000002cd2769dc90 JavaThread "Cache worker for file hash cache (C:\farm\android\.gradle\8.12\fileHashes)"        [_thread_blocked, id=21408, stack(0x000000cff3600000,0x000000cff3680000) (512K)]
  0x000002cd2769f6d0 JavaThread "Cache worker for Build Output Cleanup Cache (C:\farm\android\.gradle\buildOutputCleanup)"        [_thread_blocked, id=5732, stack(0x000000cff3680000,0x000000cff3700000) (512K)]
  0x000002cd2769cf70 JavaThread "File watcher server"        daemon [_thread_in_native, id=14664, stack(0x000000cff3700000,0x000000cff3780000) (512K)]
  0x000002cd276a17a0 JavaThread "File watcher consumer"      daemon [_thread_blocked, id=27260, stack(0x000000cff3780000,0x000000cff3800000) (512K)]
  0x000002cd2769e320 JavaThread "jar transforms"                    [_thread_blocked, id=35380, stack(0x000000cff3800000,0x000000cff3880000) (512K)]
  0x000002cd2769e9b0 JavaThread "jar transforms Thread 2"           [_thread_blocked, id=12560, stack(0x000000cff3880000,0x000000cff3900000) (512K)]
  0x000002cd276a31e0 JavaThread "Cache worker for checksums cache (C:\farm\android\.gradle\8.12\checksums)"        [_thread_blocked, id=21040, stack(0x000000cff3900000,0x000000cff3980000) (512K)]
  0x000002cd276a1110 JavaThread "Cache worker for file content cache (C:\Users\u\.gradle\caches\8.12\fileContent)"        [_thread_blocked, id=10852, stack(0x000000cff3980000,0x000000cff3a00000) (512K)]
  0x000002cd2769f040 JavaThread "jar transforms Thread 3"           [_thread_blocked, id=34160, stack(0x000000cff3a00000,0x000000cff3a80000) (512K)]
  0x000002cd276a03f0 JavaThread "Cache worker for cache directory md-rule (C:\Users\u\.gradle\caches\8.12\md-rule)"        [_thread_blocked, id=22284, stack(0x000000cff3a80000,0x000000cff3b00000) (512K)]
  0x000002cd2769fd60 JavaThread "Cache worker for cache directory md-supplier (C:\Users\u\.gradle\caches\8.12\md-supplier)"        [_thread_blocked, id=34848, stack(0x000000cff3b00000,0x000000cff3b80000) (512K)]
  0x000002cd2769d600 JavaThread "Cache worker for Build Output Cleanup Cache (C:\flutter\packages\flutter_tools\gradle\.gradle\buildOutputCleanup)"        [_thread_blocked, id=25308, stack(0x000000cff1d00000,0x000000cff1d80000) (512K)]
  0x000002cd2798eee0 JavaThread "Unconstrained build operations"        [_thread_blocked, id=33244, stack(0x000000cff1e80000,0x000000cff1f00000) (512K)]
  0x000002cd27993710 JavaThread "Unconstrained build operations Thread 2"        [_thread_blocked, id=34468, stack(0x000000cff3c80000,0x000000cff3d00000) (512K)]
  0x000002cd27994ac0 JavaThread "Unconstrained build operations Thread 3"        [_thread_blocked, id=3148, stack(0x000000cff3d00000,0x000000cff3d80000) (512K)]
  0x000002cd27995150 JavaThread "Memory manager"                    [_thread_blocked, id=22064, stack(0x000000cff3d80000,0x000000cff3e00000) (512K)]
  0x000002cd2798f570 JavaThread "build event listener"              [_thread_blocked, id=21060, stack(0x000000cff3e00000,0x000000cff3e80000) (512K)]
  0x000002cd27991cd0 JavaThread "Cache worker for execution history cache (C:\flutter\packages\flutter_tools\gradle\.gradle\8.12\executionHistory)"        [_thread_blocked, id=15692, stack(0x000000cff1e00000,0x000000cff1e80000) (512K)]
  0x000002cd27992360 JavaThread "Unconstrained build operations Thread 4"        [_thread_blocked, id=35068, stack(0x000000cff4080000,0x000000cff4100000) (512K)]
  0x000002cd27993080 JavaThread "Unconstrained build operations Thread 5"        [_thread_blocked, id=9192, stack(0x000000cff4100000,0x000000cff4180000) (512K)]
  0x000002cd27995e70 JavaThread "Unconstrained build operations Thread 6"        [_thread_blocked, id=30352, stack(0x000000cff4180000,0x000000cff4200000) (512K)]
  0x000002cd27990290 JavaThread "Unconstrained build operations Thread 7"        [_thread_blocked, id=25032, stack(0x000000cff4200000,0x000000cff4280000) (512K)]
  0x000002cd27990920 JavaThread "Unconstrained build operations Thread 8"        [_thread_blocked, id=35780, stack(0x000000cff4280000,0x000000cff4300000) (512K)]
  0x000002cd279929f0 JavaThread "Unconstrained build operations Thread 9"        [_thread_blocked, id=15144, stack(0x000000cff4300000,0x000000cff4380000) (512K)]
  0x000002cd27993da0 JavaThread "Unconstrained build operations Thread 10"        [_thread_blocked, id=34764, stack(0x000000cff4380000,0x000000cff4400000) (512K)]
  0x000002cd27620f80 JavaThread "jar transforms Thread 4"           [_thread_blocked, id=24488, stack(0x000000cff1d80000,0x000000cff1e00000) (512K)]
Total: 50

Other Threads:
  0x000002cd1318ff10 VMThread "VM Thread"                           [id=26964, stack(0x000000cff2580000,0x000000cff2680000) (1024K)]
  0x000002cd1317db20 WatcherThread "VM Periodic Task Thread"        [id=18508, stack(0x000000cff2480000,0x000000cff2580000) (1024K)]
  0x000002cd7cc7a920 WorkerThread "GC Thread#0"                     [id=33968, stack(0x000000cff1f80000,0x000000cff2080000) (1024K)]
  0x000002cd134b1d80 WorkerThread "GC Thread#1"                     [id=25168, stack(0x000000cff2c80000,0x000000cff2d80000) (1024K)]
  0x000002cd134b2130 WorkerThread "GC Thread#2"                     [id=33116, stack(0x000000cff2d80000,0x000000cff2e80000) (1024K)]
  0x000002cd26063ce0 WorkerThread "GC Thread#3"                     [id=8232, stack(0x000000cff2e80000,0x000000cff2f80000) (1024K)]
  0x000002cd7cc89040 ConcurrentGCThread "G1 Main Marker"            [id=3796, stack(0x000000cff2080000,0x000000cff2180000) (1024K)]
  0x000002cd7cc89a60 WorkerThread "G1 Conc#0"                       [id=32588, stack(0x000000cff2180000,0x000000cff2280000) (1024K)]
  0x000002cd7ccfe810 ConcurrentGCThread "G1 Refine#0"               [id=6020, stack(0x000000cff2280000,0x000000cff2380000) (1024K)]
  0x000002cd130484d0 ConcurrentGCThread "G1 Service"                [id=33184, stack(0x000000cff2380000,0x000000cff2480000) (1024K)]
Total: 10

Threads with active compile tasks:
C2 CompilerThread0  239303 11801       4       org.gradle.util.internal.CollectionUtils::collect (44 bytes)
Total: 1

VM state: not at safepoint (normal execution)

VM Mutex/Monitor currently owned by a thread: None

Heap address: 0x00000000a0000000, size: 1536 MB, Compressed Oops mode: 32-bit

CDS archive(s) mapped at: [0x000002cd14000000-0x000002cd14ba0000-0x000002cd14ba0000), size 12189696, SharedBaseAddress: 0x000002cd14000000, ArchiveRelocationMode: 1.
Compressed class space mapped at: 0x000002cd15000000-0x000002cd22000000, reserved size: 218103808
Narrow klass base: 0x000002cd14000000, Narrow klass shift: 0, Narrow klass range: 0x100000000

GC Precious Log:
 CardTable entry size: 512
 Card Set container configuration: InlinePtr #cards 5 size 8 Array Of Cards #cards 12 size 40 Howl #buckets 4 coarsen threshold 1843 Howl Bitmap #cards 512 size 80 coarsen threshold 460 Card regions per heap region 1 cards per card region 2048
 CPUs: 4 total, 4 available
 Memory: 8072M
 Large Page Support: Disabled
 NUMA Support: Disabled
 Compressed Oops: Enabled (32-bit)
 Heap Region Size: 1M
 Heap Min Capacity: 8M
 Heap Initial Capacity: 128M
 Heap Max Capacity: 1536M
 Pre-touch: Disabled
 Parallel Workers: 4
 Concurrent Workers: 1
 Concurrent Refinement Workers: 4
 Periodic GC: Disabled

Heap:
 garbage-first heap   total 157696K, used 140959K [0x00000000a0000000, 0x0000000100000000)
  region size 1024K, 38 young (38912K), 6 survivors (6144K)
 Metaspace       used 86670K, committed 88832K, reserved 344064K
  class space    used 12317K, committed 13376K, reserved 212992K

Heap Regions: E=young(eden), S=young(survivor), O=old, HS=humongous(starts), HC=humongous(continues), CS=collection set, F=free, TAMS=top-at-mark-start, PB=parsable bottom
|   0|0x00000000a0000000, 0x00000000a0100000, 0x00000000a0100000|100%|HS|  |TAMS 0x00000000a0000000| PB 0x00000000a0000000| Complete 
|   1|0x00000000a0100000, 0x00000000a0200000, 0x00000000a0200000|100%|HC|  |TAMS 0x00000000a0100000| PB 0x00000000a0100000| Complete 
|   2|0x00000000a0200000, 0x00000000a0300000, 0x00000000a0300000|100%|HC|  |TAMS 0x00000000a0200000| PB 0x00000000a0200000| Complete 
|   3|0x00000000a0300000, 0x00000000a0400000, 0x00000000a0400000|100%| O|  |TAMS 0x00000000a0300000| PB 0x00000000a0300000| Untracked 
|   4|0x00000000a0400000, 0x00000000a0500000, 0x00000000a0500000|100%| O|  |TAMS 0x00000000a0400000| PB 0x00000000a0400000| Untracked 
|   5|0x00000000a0500000, 0x00000000a0600000, 0x00000000a0600000|100%| O|  |TAMS 0x00000000a0500000| PB 0x00000000a0500000| Untracked 
|   6|0x00000000a0600000, 0x00000000a0700000, 0x00000000a0700000|100%|HS|  |TAMS 0x00000000a0600000| PB 0x00000000a0600000| Complete 
|   7|0x00000000a0700000, 0x00000000a0800000, 0x00000000a0800000|100%| O|  |TAMS 0x00000000a0700000| PB 0x00000000a0700000| Untracked 
|   8|0x00000000a0800000, 0x00000000a0900000, 0x00000000a0900000|100%| O|  |TAMS 0x00000000a0800000| PB 0x00000000a0800000| Untracked 
|   9|0x00000000a0900000, 0x00000000a0a00000, 0x00000000a0a00000|100%| O|  |TAMS 0x00000000a0900000| PB 0x00000000a0900000| Untracked 
|  10|0x00000000a0a00000, 0x00000000a0b00000, 0x00000000a0b00000|100%| O|  |TAMS 0x00000000a0a00000| PB 0x00000000a0a00000| Untracked 
|  11|0x00000000a0b00000, 0x00000000a0c00000, 0x00000000a0c00000|100%| O|  |TAMS 0x00000000a0b00000| PB 0x00000000a0b00000| Untracked 
|  12|0x00000000a0c00000, 0x00000000a0d00000, 0x00000000a0d00000|100%| O|  |TAMS 0x00000000a0c00000| PB 0x00000000a0c00000| Untracked 
|  13|0x00000000a0d00000, 0x00000000a0e00000, 0x00000000a0e00000|100%| O|  |TAMS 0x00000000a0d00000| PB 0x00000000a0d00000| Untracked 
|  14|0x00000000a0e00000, 0x00000000a0f00000, 0x00000000a0f00000|100%| O|  |TAMS 0x00000000a0e00000| PB 0x00000000a0e00000| Untracked 
|  15|0x00000000a0f00000, 0x00000000a1000000, 0x00000000a1000000|100%| O|  |TAMS 0x00000000a0f00000| PB 0x00000000a0f00000| Untracked 
|  16|0x00000000a1000000, 0x00000000a1100000, 0x00000000a1100000|100%| O|  |TAMS 0x00000000a1000000| PB 0x00000000a1000000| Untracked 
|  17|0x00000000a1100000, 0x00000000a1200000, 0x00000000a1200000|100%| O|  |TAMS 0x00000000a1100000| PB 0x00000000a1100000| Untracked 
|  18|0x00000000a1200000, 0x00000000a1300000, 0x00000000a1300000|100%| O|  |TAMS 0x00000000a1200000| PB 0x00000000a1200000| Untracked 
|  19|0x00000000a1300000, 0x00000000a1400000, 0x00000000a1400000|100%| O|  |TAMS 0x00000000a1300000| PB 0x00000000a1300000| Untracked 
|  20|0x00000000a1400000, 0x00000000a1500000, 0x00000000a1500000|100%| O|  |TAMS 0x00000000a1400000| PB 0x00000000a1400000| Untracked 
|  21|0x00000000a1500000, 0x00000000a1600000, 0x00000000a1600000|100%| O|  |TAMS 0x00000000a1500000| PB 0x00000000a1500000| Untracked 
|  22|0x00000000a1600000, 0x00000000a1700000, 0x00000000a1700000|100%| O|  |TAMS 0x00000000a1600000| PB 0x00000000a1600000| Untracked 
|  23|0x00000000a1700000, 0x00000000a1800000, 0x00000000a1800000|100%| O|  |TAMS 0x00000000a1700000| PB 0x00000000a1700000| Untracked 
|  24|0x00000000a1800000, 0x00000000a1900000, 0x00000000a1900000|100%| O|  |TAMS 0x00000000a1800000| PB 0x00000000a1800000| Untracked 
|  25|0x00000000a1900000, 0x00000000a1a00000, 0x00000000a1a00000|100%| O|  |TAMS 0x00000000a1900000| PB 0x00000000a1900000| Untracked 
|  26|0x00000000a1a00000, 0x00000000a1b00000, 0x00000000a1b00000|100%| O|  |TAMS 0x00000000a1a00000| PB 0x00000000a1a00000| Untracked 
|  27|0x00000000a1b00000, 0x00000000a1c00000, 0x00000000a1c00000|100%| O|  |TAMS 0x00000000a1b00000| PB 0x00000000a1b00000| Untracked 
|  28|0x00000000a1c00000, 0x00000000a1d00000, 0x00000000a1d00000|100%| O|  |TAMS 0x00000000a1c00000| PB 0x00000000a1c00000| Untracked 
|  29|0x00000000a1d00000, 0x00000000a1e00000, 0x00000000a1e00000|100%| O|  |TAMS 0x00000000a1d00000| PB 0x00000000a1d00000| Untracked 
|  30|0x00000000a1e00000, 0x00000000a1f00000, 0x00000000a1f00000|100%| O|  |TAMS 0x00000000a1e00000| PB 0x00000000a1e00000| Untracked 
|  31|0x00000000a1f00000, 0x00000000a2000000, 0x00000000a2000000|100%| O|  |TAMS 0x00000000a1f00000| PB 0x00000000a1f00000| Untracked 
|  32|0x00000000a2000000, 0x00000000a2100000, 0x00000000a2100000|100%| O|  |TAMS 0x00000000a2000000| PB 0x00000000a2000000| Untracked 
|  33|0x00000000a2100000, 0x00000000a2200000, 0x00000000a2200000|100%| O|  |TAMS 0x00000000a2100000| PB 0x00000000a2100000| Untracked 
|  34|0x00000000a2200000, 0x00000000a2300000, 0x00000000a2300000|100%| O|  |TAMS 0x00000000a2200000| PB 0x00000000a2200000| Untracked 
|  35|0x00000000a2300000, 0x00000000a2400000, 0x00000000a2400000|100%| O|  |TAMS 0x00000000a2300000| PB 0x00000000a2300000| Untracked 
|  36|0x00000000a2400000, 0x00000000a2500000, 0x00000000a2500000|100%| O|  |TAMS 0x00000000a2400000| PB 0x00000000a2400000| Untracked 
|  37|0x00000000a2500000, 0x00000000a2600000, 0x00000000a2600000|100%| O|  |TAMS 0x00000000a2500000| PB 0x00000000a2500000| Untracked 
|  38|0x00000000a2600000, 0x00000000a2700000, 0x00000000a2700000|100%| O|  |TAMS 0x00000000a2600000| PB 0x00000000a2600000| Untracked 
|  39|0x00000000a2700000, 0x00000000a2800000, 0x00000000a2800000|100%| O|  |TAMS 0x00000000a2700000| PB 0x00000000a2700000| Untracked 
|  40|0x00000000a2800000, 0x00000000a2900000, 0x00000000a2900000|100%| O|  |TAMS 0x00000000a2800000| PB 0x00000000a2800000| Untracked 
|  41|0x00000000a2900000, 0x00000000a2a00000, 0x00000000a2a00000|100%| O|  |TAMS 0x00000000a2900000| PB 0x00000000a2900000| Untracked 
|  42|0x00000000a2a00000, 0x00000000a2b00000, 0x00000000a2b00000|100%| O|  |TAMS 0x00000000a2a00000| PB 0x00000000a2a00000| Untracked 
|  43|0x00000000a2b00000, 0x00000000a2c00000, 0x00000000a2c00000|100%| O|  |TAMS 0x00000000a2b00000| PB 0x00000000a2b00000| Untracked 
|  44|0x00000000a2c00000, 0x00000000a2d00000, 0x00000000a2d00000|100%| O|  |TAMS 0x00000000a2c00000| PB 0x00000000a2c00000| Untracked 
|  45|0x00000000a2d00000, 0x00000000a2e00000, 0x00000000a2e00000|100%| O|  |TAMS 0x00000000a2d00000| PB 0x00000000a2d00000| Untracked 
|  46|0x00000000a2e00000, 0x00000000a2f00000, 0x00000000a2f00000|100%| O|  |TAMS 0x00000000a2e00000| PB 0x00000000a2e00000| Untracked 
|  47|0x00000000a2f00000, 0x00000000a3000000, 0x00000000a3000000|100%| O|  |TAMS 0x00000000a2f00000| PB 0x00000000a2f00000| Untracked 
|  48|0x00000000a3000000, 0x00000000a3100000, 0x00000000a3100000|100%| O|  |TAMS 0x00000000a3000000| PB 0x00000000a3000000| Untracked 
|  49|0x00000000a3100000, 0x00000000a3200000, 0x00000000a3200000|100%| O|  |TAMS 0x00000000a3100000| PB 0x00000000a3100000| Untracked 
|  50|0x00000000a3200000, 0x00000000a3300000, 0x00000000a3300000|100%| O|  |TAMS 0x00000000a3200000| PB 0x00000000a3200000| Untracked 
|  51|0x00000000a3300000, 0x00000000a3400000, 0x00000000a3400000|100%| O|Cm|TAMS 0x00000000a3300000| PB 0x00000000a3300000| Complete 
|  52|0x00000000a3400000, 0x00000000a3500000, 0x00000000a3500000|100%|HS|  |TAMS 0x00000000a3400000| PB 0x00000000a3400000| Complete 
|  53|0x00000000a3500000, 0x00000000a3600000, 0x00000000a3600000|100%|HC|  |TAMS 0x00000000a3500000| PB 0x00000000a3500000| Complete 
|  54|0x00000000a3600000, 0x00000000a3700000, 0x00000000a3700000|100%|HS|  |TAMS 0x00000000a3600000| PB 0x00000000a3600000| Complete 
|  55|0x00000000a3700000, 0x00000000a3800000, 0x00000000a3800000|100%|HC|  |TAMS 0x00000000a3700000| PB 0x00000000a3700000| Complete 
|  56|0x00000000a3800000, 0x00000000a3900000, 0x00000000a3900000|100%|HS|  |TAMS 0x00000000a3800000| PB 0x00000000a3800000| Complete 
|  57|0x00000000a3900000, 0x00000000a3a00000, 0x00000000a3a00000|100%|HC|  |TAMS 0x00000000a3900000| PB 0x00000000a3900000| Complete 
|  58|0x00000000a3a00000, 0x00000000a3b00000, 0x00000000a3b00000|100%|HC|  |TAMS 0x00000000a3a00000| PB 0x00000000a3a00000| Complete 
|  59|0x00000000a3b00000, 0x00000000a3c00000, 0x00000000a3c00000|100%| O|  |TAMS 0x00000000a3b00000| PB 0x00000000a3b00000| Untracked 
|  60|0x00000000a3c00000, 0x00000000a3d00000, 0x00000000a3d00000|100%| O|  |TAMS 0x00000000a3c00000| PB 0x00000000a3c00000| Untracked 
|  61|0x00000000a3d00000, 0x00000000a3e00000, 0x00000000a3e00000|100%| O|  |TAMS 0x00000000a3d00000| PB 0x00000000a3d00000| Untracked 
|  62|0x00000000a3e00000, 0x00000000a3f00000, 0x00000000a3f00000|100%|HS|  |TAMS 0x00000000a3e00000| PB 0x00000000a3e00000| Complete 
|  63|0x00000000a3f00000, 0x00000000a4000000, 0x00000000a4000000|100%|HC|  |TAMS 0x00000000a3f00000| PB 0x00000000a3f00000| Complete 
|  64|0x00000000a4000000, 0x00000000a4100000, 0x00000000a4100000|100%|HC|  |TAMS 0x00000000a4000000| PB 0x00000000a4000000| Complete 
|  65|0x00000000a4100000, 0x00000000a4200000, 0x00000000a4200000|100%| O|  |TAMS 0x00000000a4100000| PB 0x00000000a4100000| Untracked 
|  66|0x00000000a4200000, 0x00000000a4300000, 0x00000000a4300000|100%| O|  |TAMS 0x00000000a4200000| PB 0x00000000a4200000| Untracked 
|  67|0x00000000a4300000, 0x00000000a4400000, 0x00000000a4400000|100%| O|  |TAMS 0x00000000a4300000| PB 0x00000000a4300000| Untracked 
|  68|0x00000000a4400000, 0x00000000a4500000, 0x00000000a4500000|100%| O|Cm|TAMS 0x00000000a4400000| PB 0x00000000a4400000| Complete 
|  69|0x00000000a4500000, 0x00000000a4600000, 0x00000000a4600000|100%| O|  |TAMS 0x00000000a4500000| PB 0x00000000a4500000| Untracked 
|  70|0x00000000a4600000, 0x00000000a4700000, 0x00000000a4700000|100%| O|  |TAMS 0x00000000a4600000| PB 0x00000000a4600000| Untracked 
|  71|0x00000000a4700000, 0x00000000a4800000, 0x00000000a4800000|100%| O|  |TAMS 0x00000000a4700000| PB 0x00000000a4700000| Untracked 
|  72|0x00000000a4800000, 0x00000000a4900000, 0x00000000a4900000|100%| O|  |TAMS 0x00000000a4800000| PB 0x00000000a4800000| Untracked 
|  73|0x00000000a4900000, 0x00000000a4a00000, 0x00000000a4a00000|100%| O|  |TAMS 0x00000000a4900000| PB 0x00000000a4900000| Untracked 
|  74|0x00000000a4a00000, 0x00000000a4b00000, 0x00000000a4b00000|100%| O|  |TAMS 0x00000000a4a00000| PB 0x00000000a4a00000| Untracked 
|  75|0x00000000a4b00000, 0x00000000a4c00000, 0x00000000a4c00000|100%| O|  |TAMS 0x00000000a4b00000| PB 0x00000000a4b00000| Untracked 
|  76|0x00000000a4c00000, 0x00000000a4d00000, 0x00000000a4d00000|100%| O|  |TAMS 0x00000000a4c00000| PB 0x00000000a4c00000| Untracked 
|  77|0x00000000a4d00000, 0x00000000a4e00000, 0x00000000a4e00000|100%| O|Cm|TAMS 0x00000000a4d00000| PB 0x00000000a4d00000| Complete 
|  78|0x00000000a4e00000, 0x00000000a4f00000, 0x00000000a4f00000|100%| O|  |TAMS 0x00000000a4e00000| PB 0x00000000a4e00000| Untracked 
|  79|0x00000000a4f00000, 0x00000000a5000000, 0x00000000a5000000|100%| O|  |TAMS 0x00000000a4f00000| PB 0x00000000a4f00000| Untracked 
|  80|0x00000000a5000000, 0x00000000a5100000, 0x00000000a5100000|100%| O|  |TAMS 0x00000000a5000000| PB 0x00000000a5000000| Untracked 
|  81|0x00000000a5100000, 0x00000000a5200000, 0x00000000a5200000|100%| O|  |TAMS 0x00000000a5100000| PB 0x00000000a5100000| Untracked 
|  82|0x00000000a5200000, 0x00000000a5300000, 0x00000000a5300000|100%| O|  |TAMS 0x00000000a5200000| PB 0x00000000a5200000| Untracked 
|  83|0x00000000a5300000, 0x00000000a5400000, 0x00000000a5400000|100%| O|  |TAMS 0x00000000a5300000| PB 0x00000000a5300000| Untracked 
|  84|0x00000000a5400000, 0x00000000a5500000, 0x00000000a5500000|100%| O|  |TAMS 0x00000000a5400000| PB 0x00000000a5400000| Untracked 
|  85|0x00000000a5500000, 0x00000000a5600000, 0x00000000a5600000|100%| O|  |TAMS 0x00000000a5500000| PB 0x00000000a5500000| Untracked 
|  86|0x00000000a5600000, 0x00000000a5700000, 0x00000000a5700000|100%| O|  |TAMS 0x00000000a5600000| PB 0x00000000a5600000| Untracked 
|  87|0x00000000a5700000, 0x00000000a5800000, 0x00000000a5800000|100%|HS|  |TAMS 0x00000000a5700000| PB 0x00000000a5700000| Complete 
|  88|0x00000000a5800000, 0x00000000a5900000, 0x00000000a5900000|100%|HC|  |TAMS 0x00000000a5800000| PB 0x00000000a5800000| Complete 
|  89|0x00000000a5900000, 0x00000000a5a00000, 0x00000000a5a00000|100%|HS|  |TAMS 0x00000000a5900000| PB 0x00000000a5900000| Complete 
|  90|0x00000000a5a00000, 0x00000000a5b00000, 0x00000000a5b00000|100%|HS|  |TAMS 0x00000000a5a00000| PB 0x00000000a5a00000| Complete 
|  91|0x00000000a5b00000, 0x00000000a5c00000, 0x00000000a5c00000|100%|HS|  |TAMS 0x00000000a5b00000| PB 0x00000000a5b00000| Complete 
|  92|0x00000000a5c00000, 0x00000000a5d00000, 0x00000000a5d00000|100%|HS|  |TAMS 0x00000000a5c00000| PB 0x00000000a5c00000| Complete 
|  93|0x00000000a5d00000, 0x00000000a5d00000, 0x00000000a5e00000|  0%| F|  |TAMS 0x00000000a5d00000| PB 0x00000000a5d00000| Untracked 
|  94|0x00000000a5e00000, 0x00000000a5f00000, 0x00000000a5f00000|100%|HS|  |TAMS 0x00000000a5e00000| PB 0x00000000a5e00000| Complete 
|  95|0x00000000a5f00000, 0x00000000a6000000, 0x00000000a6000000|100%|HC|  |TAMS 0x00000000a5f00000| PB 0x00000000a5f00000| Complete 
|  96|0x00000000a6000000, 0x00000000a6100000, 0x00000000a6100000|100%|HS|  |TAMS 0x00000000a6000000| PB 0x00000000a6000000| Complete 
|  97|0x00000000a6100000, 0x00000000a6200000, 0x00000000a6200000|100%|HS|  |TAMS 0x00000000a6100000| PB 0x00000000a6100000| Complete 
|  98|0x00000000a6200000, 0x00000000a6300000, 0x00000000a6300000|100%| O|  |TAMS 0x00000000a6200000| PB 0x00000000a6200000| Untracked 
|  99|0x00000000a6300000, 0x00000000a6400000, 0x00000000a6400000|100%| O|  |TAMS 0x00000000a6300000| PB 0x00000000a6300000| Untracked 
| 100|0x00000000a6400000, 0x00000000a6500000, 0x00000000a6500000|100%| S|CS|TAMS 0x00000000a6400000| PB 0x00000000a6400000| Complete 
| 101|0x00000000a6500000, 0x00000000a6600000, 0x00000000a6600000|100%| S|CS|TAMS 0x00000000a6500000| PB 0x00000000a6500000| Complete 
| 102|0x00000000a6600000, 0x00000000a6700000, 0x00000000a6700000|100%| S|CS|TAMS 0x00000000a6600000| PB 0x00000000a6600000| Complete 
| 103|0x00000000a6700000, 0x00000000a6800000, 0x00000000a6800000|100%| S|CS|TAMS 0x00000000a6700000| PB 0x00000000a6700000| Complete 
| 104|0x00000000a6800000, 0x00000000a6900000, 0x00000000a6900000|100%| S|CS|TAMS 0x00000000a6800000| PB 0x00000000a6800000| Complete 
| 105|0x00000000a6900000, 0x00000000a6a00000, 0x00000000a6a00000|100%| S|CS|TAMS 0x00000000a6900000| PB 0x00000000a6900000| Complete 
| 106|0x00000000a6a00000, 0x00000000a6a00000, 0x00000000a6b00000|  0%| F|  |TAMS 0x00000000a6a00000| PB 0x00000000a6a00000| Untracked 
| 107|0x00000000a6b00000, 0x00000000a6b00000, 0x00000000a6c00000|  0%| F|  |TAMS 0x00000000a6b00000| PB 0x00000000a6b00000| Untracked 
| 108|0x00000000a6c00000, 0x00000000a6c00000, 0x00000000a6d00000|  0%| F|  |TAMS 0x00000000a6c00000| PB 0x00000000a6c00000| Untracked 
| 109|0x00000000a6d00000, 0x00000000a6d00000, 0x00000000a6e00000|  0%| F|  |TAMS 0x00000000a6d00000| PB 0x00000000a6d00000| Untracked 
| 110|0x00000000a6e00000, 0x00000000a6e00000, 0x00000000a6f00000|  0%| F|  |TAMS 0x00000000a6e00000| PB 0x00000000a6e00000| Untracked 
| 111|0x00000000a6f00000, 0x00000000a6f00000, 0x00000000a7000000|  0%| F|  |TAMS 0x00000000a6f00000| PB 0x00000000a6f00000| Untracked 
| 112|0x00000000a7000000, 0x00000000a7000000, 0x00000000a7100000|  0%| F|  |TAMS 0x00000000a7000000| PB 0x00000000a7000000| Untracked 
| 113|0x00000000a7100000, 0x00000000a7100000, 0x00000000a7200000|  0%| F|  |TAMS 0x00000000a7100000| PB 0x00000000a7100000| Untracked 
| 114|0x00000000a7200000, 0x00000000a7200000, 0x00000000a7300000|  0%| F|  |TAMS 0x00000000a7200000| PB 0x00000000a7200000| Untracked 
| 115|0x00000000a7300000, 0x00000000a7300000, 0x00000000a7400000|  0%| F|  |TAMS 0x00000000a7300000| PB 0x00000000a7300000| Untracked 
| 116|0x00000000a7400000, 0x00000000a7400000, 0x00000000a7500000|  0%| F|  |TAMS 0x00000000a7400000| PB 0x00000000a7400000| Untracked 
| 117|0x00000000a7500000, 0x00000000a7500000, 0x00000000a7600000|  0%| F|  |TAMS 0x00000000a7500000| PB 0x00000000a7500000| Untracked 
| 118|0x00000000a7600000, 0x00000000a7600000, 0x00000000a7700000|  0%| F|  |TAMS 0x00000000a7600000| PB 0x00000000a7600000| Untracked 
| 119|0x00000000a7700000, 0x00000000a7700000, 0x00000000a7800000|  0%| F|  |TAMS 0x00000000a7700000| PB 0x00000000a7700000| Untracked 
| 120|0x00000000a7800000, 0x00000000a7883e30, 0x00000000a7900000| 51%| E|  |TAMS 0x00000000a7800000| PB 0x00000000a7800000| Complete 
| 121|0x00000000a7900000, 0x00000000a7a00000, 0x00000000a7a00000|100%| E|CS|TAMS 0x00000000a7900000| PB 0x00000000a7900000| Complete 
| 122|0x00000000a7a00000, 0x00000000a7b00000, 0x00000000a7b00000|100%| E|CS|TAMS 0x00000000a7a00000| PB 0x00000000a7a00000| Complete 
| 123|0x00000000a7b00000, 0x00000000a7c00000, 0x00000000a7c00000|100%| E|CS|TAMS 0x00000000a7b00000| PB 0x00000000a7b00000| Complete 
| 124|0x00000000a7c00000, 0x00000000a7d00000, 0x00000000a7d00000|100%| E|CS|TAMS 0x00000000a7c00000| PB 0x00000000a7c00000| Complete 
| 125|0x00000000a7d00000, 0x00000000a7e00000, 0x00000000a7e00000|100%| E|CS|TAMS 0x00000000a7d00000| PB 0x00000000a7d00000| Complete 
| 126|0x00000000a7e00000, 0x00000000a7f00000, 0x00000000a7f00000|100%| E|CS|TAMS 0x00000000a7e00000| PB 0x00000000a7e00000| Complete 
| 127|0x00000000a7f00000, 0x00000000a8000000, 0x00000000a8000000|100%| E|CS|TAMS 0x00000000a7f00000| PB 0x00000000a7f00000| Complete 
| 128|0x00000000a8000000, 0x00000000a8100000, 0x00000000a8100000|100%| E|CS|TAMS 0x00000000a8000000| PB 0x00000000a8000000| Complete 
| 129|0x00000000a8100000, 0x00000000a8200000, 0x00000000a8200000|100%| E|CS|TAMS 0x00000000a8100000| PB 0x00000000a8100000| Complete 
| 130|0x00000000a8200000, 0x00000000a8300000, 0x00000000a8300000|100%| E|CS|TAMS 0x00000000a8200000| PB 0x00000000a8200000| Complete 
| 131|0x00000000a8300000, 0x00000000a8400000, 0x00000000a8400000|100%| E|CS|TAMS 0x00000000a8300000| PB 0x00000000a8300000| Complete 
| 132|0x00000000a8400000, 0x00000000a8500000, 0x00000000a8500000|100%| E|CS|TAMS 0x00000000a8400000| PB 0x00000000a8400000| Complete 
| 133|0x00000000a8500000, 0x00000000a8600000, 0x00000000a8600000|100%| E|CS|TAMS 0x00000000a8500000| PB 0x00000000a8500000| Complete 
| 134|0x00000000a8600000, 0x00000000a8700000, 0x00000000a8700000|100%| E|CS|TAMS 0x00000000a8600000| PB 0x00000000a8600000| Complete 
| 135|0x00000000a8700000, 0x00000000a8800000, 0x00000000a8800000|100%| E|CS|TAMS 0x00000000a8700000| PB 0x00000000a8700000| Complete 
| 136|0x00000000a8800000, 0x00000000a8900000, 0x00000000a8900000|100%| E|CS|TAMS 0x00000000a8800000| PB 0x00000000a8800000| Complete 
| 137|0x00000000a8900000, 0x00000000a8a00000, 0x00000000a8a00000|100%| E|CS|TAMS 0x00000000a8900000| PB 0x00000000a8900000| Complete 
| 138|0x00000000a8a00000, 0x00000000a8b00000, 0x00000000a8b00000|100%| E|CS|TAMS 0x00000000a8a00000| PB 0x00000000a8a00000| Complete 
| 139|0x00000000a8b00000, 0x00000000a8c00000, 0x00000000a8c00000|100%| E|CS|TAMS 0x00000000a8b00000| PB 0x00000000a8b00000| Complete 
| 140|0x00000000a8c00000, 0x00000000a8d00000, 0x00000000a8d00000|100%| E|CS|TAMS 0x00000000a8c00000| PB 0x00000000a8c00000| Complete 
| 141|0x00000000a8d00000, 0x00000000a8e00000, 0x00000000a8e00000|100%| E|CS|TAMS 0x00000000a8d00000| PB 0x00000000a8d00000| Complete 
| 142|0x00000000a8e00000, 0x00000000a8f00000, 0x00000000a8f00000|100%| E|CS|TAMS 0x00000000a8e00000| PB 0x00000000a8e00000| Complete 
| 143|0x00000000a8f00000, 0x00000000a9000000, 0x00000000a9000000|100%| E|CS|TAMS 0x00000000a8f00000| PB 0x00000000a8f00000| Complete 
| 144|0x00000000a9000000, 0x00000000a9100000, 0x00000000a9100000|100%| E|CS|TAMS 0x00000000a9000000| PB 0x00000000a9000000| Complete 
| 145|0x00000000a9100000, 0x00000000a9200000, 0x00000000a9200000|100%| E|CS|TAMS 0x00000000a9100000| PB 0x00000000a9100000| Complete 
| 146|0x00000000a9200000, 0x00000000a9300000, 0x00000000a9300000|100%| E|CS|TAMS 0x00000000a9200000| PB 0x00000000a9200000| Complete 
| 147|0x00000000a9300000, 0x00000000a9400000, 0x00000000a9400000|100%| E|CS|TAMS 0x00000000a9300000| PB 0x00000000a9300000| Complete 
| 148|0x00000000a9400000, 0x00000000a9500000, 0x00000000a9500000|100%| E|CS|TAMS 0x00000000a9400000| PB 0x00000000a9400000| Complete 
|1531|0x00000000ffb00000, 0x00000000ffba7d08, 0x00000000ffc00000| 65%| O|  |TAMS 0x00000000ffb00000| PB 0x00000000ffb00000| Untracked 
|1532|0x00000000ffc00000, 0x00000000ffd00000, 0x00000000ffd00000|100%| O|  |TAMS 0x00000000ffc00000| PB 0x00000000ffc00000| Untracked 
|1533|0x00000000ffd00000, 0x00000000ffe00000, 0x00000000ffe00000|100%| E|CS|TAMS 0x00000000ffd00000| PB 0x00000000ffd00000| Complete 
|1534|0x00000000ffe00000, 0x00000000fff00000, 0x00000000fff00000|100%| E|CS|TAMS 0x00000000ffe00000| PB 0x00000000ffe00000| Complete 
|1535|0x00000000fff00000, 0x0000000100000000, 0x0000000100000000|100%| E|CS|TAMS 0x00000000fff00000| PB 0x00000000fff00000| Complete 

Card table byte_map: [0x000002cd0f300000,0x000002cd0f600000] _byte_map_base: 0x000002cd0ee00000

Marking Bits: (CMBitMap*) 0x000002cd7cc7af40
 Bits: [0x000002cd0f600000, 0x000002cd10e00000)

Polling page: 0x000002cd7a990000

Metaspace:

Usage:
  Non-class:     72.61 MB used.
      Class:     12.03 MB used.
       Both:     84.64 MB used.

Virtual space:
  Non-class space:      128.00 MB reserved,      73.69 MB ( 58%) committed,  2 nodes.
      Class space:      208.00 MB reserved,      13.06 MB (  6%) committed,  1 nodes.
             Both:      336.00 MB reserved,      86.75 MB ( 26%) committed. 

Chunk freelists:
   Non-Class:  5.91 MB
       Class:  2.95 MB
        Both:  8.86 MB

MaxMetaspaceSize: 256.00 MB
CompressedClassSpaceSize: 208.00 MB
Initial GC threshold: 21.00 MB
Current GC threshold: 136.06 MB
CDS: on
 - commit_granule_bytes: 65536.
 - commit_granule_words: 8192.
 - virtual_space_node_default_size: 8388608.
 - enlarge_chunks_in_place: 1.
 - use_allocation_guard: 0.


Internal statistics:

num_allocs_failed_limit: 6.
num_arena_births: 3898.
num_arena_deaths: 0.
num_vsnodes_births: 3.
num_vsnodes_deaths: 0.
num_space_committed: 1388.
num_space_uncommitted: 0.
num_chunks_returned_to_freelist: 6.
num_chunks_taken_from_freelist: 7908.
num_chunk_merges: 6.
num_chunk_splits: 5091.
num_chunks_enlarged: 3076.
num_inconsistent_stats: 0.

CodeHeap 'non-profiled nmethods': size=120000Kb used=6144Kb max_used=6144Kb free=113855Kb
 bounds [0x000002cd07ad0000, 0x000002cd080e0000, 0x000002cd0f000000]
CodeHeap 'profiled nmethods': size=120000Kb used=18183Kb max_used=18183Kb free=101816Kb
 bounds [0x000002cd00000000, 0x000002cd011d0000, 0x000002cd07530000]
CodeHeap 'non-nmethods': size=5760Kb used=2735Kb max_used=2820Kb free=3024Kb
 bounds [0x000002cd07530000, 0x000002cd07820000, 0x000002cd07ad0000]
CodeCache: size=245760Kb, used=27062Kb, max_used=27147Kb, free=218695Kb
 total_blobs=10883, nmethods=9889, adapters=898, full_count=0
Compilation: enabled, stopped_count=0, restarted_count=0

Compilation events (20 events):
Event: 237.914 Thread 0x000002cd1322b730 11816       3       com.android.build.gradle.options.ProjectOptions$OptionValue::lambda$setValue$0 (27 bytes)
Event: 237.915 Thread 0x000002cd1322b730 nmethod 11816 0x000002cd011b8e10 code [0x000002cd011b9000, 0x000002cd011b95f0]
Event: 237.915 Thread 0x000002cd1322b730 11817       3       java.lang.invoke.LambdaForm$MH/0x000002cd15cbc000::invoke (64 bytes)
Event: 237.916 Thread 0x000002cd1322b730 nmethod 11817 0x000002cd011b9790 code [0x000002cd011b9a20, 0x000002cd011ba808]
Event: 237.916 Thread 0x000002cd1322b730 11819       3       org.gradle.internal.service.ServiceRegistryBuilder::provider (14 bytes)
Event: 237.917 Thread 0x000002cd1322b730 nmethod 11819 0x000002cd011bac10 code [0x000002cd011bade0, 0x000002cd011bb208]
Event: 237.917 Thread 0x000002cd1322b730 11818       3       java.lang.String::format (16 bytes)
Event: 237.917 Thread 0x000002cd1322b730 nmethod 11818 0x000002cd011bb390 code [0x000002cd011bb5e0, 0x000002cd011bbd70]
Event: 237.917 Thread 0x000002cd1322b730 11820       3       org.gradle.internal.service.ServiceRegistryBuilder$1::<init> (15 bytes)
Event: 237.918 Thread 0x000002cd1322b730 nmethod 11820 0x000002cd011bc090 code [0x000002cd011bc240, 0x000002cd011bc460]
Event: 237.918 Thread 0x000002cd1322b730 11821       3       org.gradle.internal.service.ServiceRegistryBuilder$1::configure (11 bytes)
Event: 237.918 Thread 0x000002cd1322b730 nmethod 11821 0x000002cd011bc510 code [0x000002cd011bc6c0, 0x000002cd011bc898]
Event: 237.932 Thread 0x000002cd1322b730 11823       3       com.google.common.collect.AbstractIndexedListIterator::next (31 bytes)
Event: 237.932 Thread 0x000002cd1322b730 nmethod 11823 0x000002cd011bc990 code [0x000002cd011bcb60, 0x000002cd011bcec8]
Event: 237.933 Thread 0x000002cd1322b730 11824       3       org.gradle.api.internal.provider.DefaultValueSourceProviderFactory$ValueSourceProvider::calculateOwnValue (11 bytes)
Event: 237.934 Thread 0x000002cd1322b730 nmethod 11824 0x000002cd011bd090 code [0x000002cd011bd2a0, 0x000002cd011bd940]
Event: 237.934 Thread 0x000002cd1322b730 11825   !   3       org.gradle.api.internal.provider.DefaultValueSourceProviderFactory$LazilyObtainedValue::obtain (119 bytes)
Event: 237.983 Thread 0x000002cd1322b730 nmethod 11825 0x000002cd011bdc10 code [0x000002cd011be0e0, 0x000002cd011c0b18]
Event: 237.983 Thread 0x000002cd1322b730 11826       3       org.gradle.api.internal.provider.DefaultValueSourceProviderFactory$ObtainedValueHolder::<init> (15 bytes)
Event: 237.984 Thread 0x000002cd1322b730 nmethod 11826 0x000002cd011c1710 code [0x000002cd011c18c0, 0x000002cd011c1ae0]

GC Heap History (20 events):
Event: 123.349 GC heap before
{Heap before GC invocations=31 (full 0):
 garbage-first heap   total 122880K, used 102989K [0x00000000a0000000, 0x0000000100000000)
  region size 1024K, 34 young (34816K), 5 survivors (5120K)
 Metaspace       used 76090K, committed 78144K, reserved 344064K
  class space    used 10942K, committed 11968K, reserved 212992K
}
Event: 123.363 GC heap after
{Heap after GC invocations=32 (full 0):
 garbage-first heap   total 122880K, used 76164K [0x00000000a0000000, 0x0000000100000000)
  region size 1024K, 3 young (3072K), 3 survivors (3072K)
 Metaspace       used 76090K, committed 78144K, reserved 344064K
  class space    used 10942K, committed 11968K, reserved 212992K
}
Event: 131.857 GC heap before
{Heap before GC invocations=32 (full 0):
 garbage-first heap   total 122880K, used 112004K [0x00000000a0000000, 0x0000000100000000)
  region size 1024K, 39 young (39936K), 3 survivors (3072K)
 Metaspace       used 79107K, committed 81216K, reserved 344064K
  class space    used 11481K, committed 12544K, reserved 212992K
}
Event: 131.872 GC heap after
{Heap after GC invocations=33 (full 0):
 garbage-first heap   total 122880K, used 78848K [0x00000000a0000000, 0x0000000100000000)
  region size 1024K, 5 young (5120K), 5 survivors (5120K)
 Metaspace       used 79107K, committed 81216K, reserved 344064K
  class space    used 11481K, committed 12544K, reserved 212992K
}
Event: 137.404 GC heap before
{Heap before GC invocations=33 (full 0):
 garbage-first heap   total 122880K, used 112640K [0x00000000a0000000, 0x0000000100000000)
  region size 1024K, 38 young (38912K), 5 survivors (5120K)
 Metaspace       used 80316K, committed 82432K, reserved 344064K
  class space    used 11621K, committed 12672K, reserved 212992K
}
Event: 137.423 GC heap after
{Heap after GC invocations=34 (full 0):
 garbage-first heap   total 123904K, used 84871K [0x00000000a0000000, 0x0000000100000000)
  region size 1024K, 5 young (5120K), 5 survivors (5120K)
 Metaspace       used 80316K, committed 82432K, reserved 344064K
  class space    used 11621K, committed 12672K, reserved 212992K
}
Event: 148.051 GC heap before
{Heap before GC invocations=35 (full 0):
 garbage-first heap   total 142336K, used 112519K [0x00000000a0000000, 0x0000000100000000)
  region size 1024K, 32 young (32768K), 5 survivors (5120K)
 Metaspace       used 80521K, committed 82624K, reserved 344064K
  class space    used 11628K, committed 12672K, reserved 212992K
}
Event: 148.064 GC heap after
{Heap after GC invocations=36 (full 0):
 garbage-first heap   total 142336K, used 87449K [0x00000000a0000000, 0x0000000100000000)
  region size 1024K, 4 young (4096K), 4 survivors (4096K)
 Metaspace       used 80521K, committed 82624K, reserved 344064K
  class space    used 11628K, committed 12672K, reserved 212992K
}
Event: 159.107 GC heap before
{Heap before GC invocations=36 (full 0):
 garbage-first heap   total 142336K, used 127385K [0x00000000a0000000, 0x0000000100000000)
  region size 1024K, 43 young (44032K), 4 survivors (4096K)
 Metaspace       used 80595K, committed 82752K, reserved 344064K
  class space    used 11630K, committed 12672K, reserved 212992K
}
Event: 159.117 GC heap after
{Heap after GC invocations=37 (full 0):
 garbage-first heap   total 142336K, used 86452K [0x00000000a0000000, 0x0000000100000000)
  region size 1024K, 4 young (4096K), 4 survivors (4096K)
 Metaspace       used 80595K, committed 82752K, reserved 344064K
  class space    used 11630K, committed 12672K, reserved 212992K
}
Event: 174.837 GC heap before
{Heap before GC invocations=37 (full 0):
 garbage-first heap   total 142336K, used 128436K [0x00000000a0000000, 0x0000000100000000)
  region size 1024K, 45 young (46080K), 4 survivors (4096K)
 Metaspace       used 80604K, committed 82752K, reserved 344064K
  class space    used 11630K, committed 12672K, reserved 212992K
}
Event: 174.845 GC heap after
{Heap after GC invocations=38 (full 0):
 garbage-first heap   total 142336K, used 87807K [0x00000000a0000000, 0x0000000100000000)
  region size 1024K, 4 young (4096K), 4 survivors (4096K)
 Metaspace       used 80604K, committed 82752K, reserved 344064K
  class space    used 11630K, committed 12672K, reserved 212992K
}
Event: 180.174 GC heap before
{Heap before GC invocations=39 (full 0):
 garbage-first heap   total 147456K, used 128767K [0x00000000a0000000, 0x0000000100000000)
  region size 1024K, 44 young (45056K), 4 survivors (4096K)
 Metaspace       used 80606K, committed 82752K, reserved 344064K
  class space    used 11630K, committed 12672K, reserved 212992K
}
Event: 180.183 GC heap after
{Heap after GC invocations=40 (full 0):
 garbage-first heap   total 147456K, used 88666K [0x00000000a0000000, 0x0000000100000000)
  region size 1024K, 4 young (4096K), 4 survivors (4096K)
 Metaspace       used 80606K, committed 82752K, reserved 344064K
  class space    used 11630K, committed 12672K, reserved 212992K
}
Event: 192.073 GC heap before
{Heap before GC invocations=40 (full 0):
 garbage-first heap   total 147456K, used 133722K [0x00000000a0000000, 0x0000000100000000)
  region size 1024K, 48 young (49152K), 4 survivors (4096K)
 Metaspace       used 81376K, committed 83520K, reserved 344064K
  class space    used 11723K, committed 12800K, reserved 212992K
}
Event: 192.095 GC heap after
{Heap after GC invocations=41 (full 0):
 garbage-first heap   total 147456K, used 89401K [0x00000000a0000000, 0x0000000100000000)
  region size 1024K, 5 young (5120K), 5 survivors (5120K)
 Metaspace       used 81376K, committed 83520K, reserved 344064K
  class space    used 11723K, committed 12800K, reserved 212992K
}
Event: 193.134 GC heap before
{Heap before GC invocations=41 (full 0):
 garbage-first heap   total 147456K, used 89401K [0x00000000a0000000, 0x0000000100000000)
  region size 1024K, 6 young (6144K), 5 survivors (5120K)
 Metaspace       used 81446K, committed 83584K, reserved 344064K
  class space    used 11729K, committed 12800K, reserved 212992K
}
Event: 193.149 GC heap after
{Heap after GC invocations=42 (full 0):
 garbage-first heap   total 147456K, used 89878K [0x00000000a0000000, 0x0000000100000000)
  region size 1024K, 1 young (1024K), 1 survivors (1024K)
 Metaspace       used 81446K, committed 83584K, reserved 344064K
  class space    used 11729K, committed 12800K, reserved 212992K
}
Event: 222.350 GC heap before
{Heap before GC invocations=43 (full 0):
 garbage-first heap   total 155648K, used 146198K [0x00000000a0000000, 0x0000000100000000)
  region size 1024K, 46 young (47104K), 1 survivors (1024K)
 Metaspace       used 83799K, committed 85952K, reserved 344064K
  class space    used 12006K, committed 13056K, reserved 212992K
}
Event: 222.376 GC heap after
{Heap after GC invocations=44 (full 0):
 garbage-first heap   total 157696K, used 109215K [0x00000000a0000000, 0x0000000100000000)
  region size 1024K, 6 young (6144K), 6 survivors (6144K)
 Metaspace       used 83799K, committed 85952K, reserved 344064K
  class space    used 12006K, committed 13056K, reserved 212992K
}

Dll operation events (15 events):
Event: 0.053 Loaded shared library C:\Users\u\.vscode\extensions\redhat.java-1.55.0-win32-x64\jre\21.0.11-win32-x86_64\bin\java.dll
Event: 0.817 Loaded shared library C:\Users\u\.vscode\extensions\redhat.java-1.55.0-win32-x64\jre\21.0.11-win32-x86_64\bin\zip.dll
Event: 0.962 Loaded shared library C:\Users\u\.vscode\extensions\redhat.java-1.55.0-win32-x64\jre\21.0.11-win32-x86_64\bin\instrument.dll
Event: 1.047 Loaded shared library C:\Users\u\.vscode\extensions\redhat.java-1.55.0-win32-x64\jre\21.0.11-win32-x86_64\bin\net.dll
Event: 1.139 Loaded shared library C:\Users\u\.vscode\extensions\redhat.java-1.55.0-win32-x64\jre\21.0.11-win32-x86_64\bin\nio.dll
Event: 1.147 Loaded shared library C:\Users\u\.vscode\extensions\redhat.java-1.55.0-win32-x64\jre\21.0.11-win32-x86_64\bin\zip.dll
Event: 5.179 Loaded shared library C:\Users\u\.vscode\extensions\redhat.java-1.55.0-win32-x64\jre\21.0.11-win32-x86_64\bin\jimage.dll
Event: 6.600 Loaded shared library C:\Users\u\.vscode\extensions\redhat.java-1.55.0-win32-x64\jre\21.0.11-win32-x86_64\bin\verify.dll
Event: 7.424 Loaded shared library C:\Users\u\.gradle\native\1def1411415f61bf3af743bc5b6707747c0891f09f0c88961ee8f79bc544acac\windows-amd64\native-platform.dll
Event: 7.759 Loaded shared library C:\Users\u\.gradle\native\0.2.5\x86_64-windows-gnu\gradle-fileevents.dll
Event: 17.885 Loaded shared library C:\Users\u\.vscode\extensions\redhat.java-1.55.0-win32-x64\jre\21.0.11-win32-x86_64\bin\management.dll
Event: 17.939 Loaded shared library C:\Users\u\.vscode\extensions\redhat.java-1.55.0-win32-x64\jre\21.0.11-win32-x86_64\bin\management_ext.dll
Event: 21.717 Loaded shared library C:\Users\u\.vscode\extensions\redhat.java-1.55.0-win32-x64\jre\21.0.11-win32-x86_64\bin\extnet.dll
Event: 23.905 Loaded shared library C:\Users\u\.vscode\extensions\redhat.java-1.55.0-win32-x64\jre\21.0.11-win32-x86_64\bin\sunmscapi.dll
Event: 27.548 Loaded shared library C:\Users\u\AppData\Local\Temp\native-platform17121750844957918411dir\gradle-fileevents.dll

Deoptimization events (20 events):
Event: 220.371 Thread 0x000002cd13529110 Uncommon trap: trap_request=0xffffff45 fr.pc=0x000002cd07e5800c relative=0x00000000000003cc
Event: 220.372 Thread 0x000002cd13529110 Uncommon trap: reason=unstable_if action=reinterpret pc=0x000002cd07e5800c method=com.google.common.reflect.TypeResolver$TypeVariableKey.equalsTypeVariable(Ljava/lang/reflect/TypeVariable;)Z @ 39 c2
Event: 220.372 Thread 0x000002cd13529110 DEOPT PACKING pc=0x000002cd07e5800c sp=0x000000cff32f3e20
Event: 220.372 Thread 0x000002cd13529110 DEOPT UNPACKING pc=0x000002cd07584422 sp=0x000000cff32f3dd0 mode 2
Event: 222.964 Thread 0x000002cd13529110 Uncommon trap: trap_request=0xffffffd6 fr.pc=0x000002cd07fd0714 relative=0x00000000000003d4
Event: 222.964 Thread 0x000002cd13529110 Uncommon trap: reason=array_check action=maybe_recompile pc=0x000002cd07fd0714 method=java.util.LinkedHashMap.keysToArray([Ljava/lang/Object;Z)[Ljava/lang/Object; @ 67 c2
Event: 222.964 Thread 0x000002cd13529110 DEOPT PACKING pc=0x000002cd07fd0714 sp=0x000000cff32f3040
Event: 222.964 Thread 0x000002cd13529110 DEOPT UNPACKING pc=0x000002cd07584422 sp=0x000000cff32f2fe0 mode 2
Event: 224.995 Thread 0x000002cd13529110 Uncommon trap: trap_request=0xffffff45 fr.pc=0x000002cd07bf6f50 relative=0x0000000000001df0
Event: 225.006 Thread 0x000002cd13529110 Uncommon trap: reason=unstable_if action=reinterpret pc=0x000002cd07bf6f50 method=java.util.zip.InflaterInputStream.read([BII)I @ 94 c2
Event: 225.006 Thread 0x000002cd13529110 DEOPT PACKING pc=0x000002cd07bf6f50 sp=0x000000cff32f1d70
Event: 225.006 Thread 0x000002cd13529110 DEOPT UNPACKING pc=0x000002cd07584422 sp=0x000000cff32f1dd0 mode 2
Event: 230.010 Thread 0x000002cd13529110 Uncommon trap: trap_request=0xffffffd6 fr.pc=0x000002cd07fd0714 relative=0x00000000000003d4
Event: 230.010 Thread 0x000002cd13529110 Uncommon trap: reason=array_check action=maybe_recompile pc=0x000002cd07fd0714 method=java.util.LinkedHashMap.keysToArray([Ljava/lang/Object;Z)[Ljava/lang/Object; @ 67 c2
Event: 230.010 Thread 0x000002cd13529110 DEOPT PACKING pc=0x000002cd07fd0714 sp=0x000000cff32f2260
Event: 230.010 Thread 0x000002cd13529110 DEOPT UNPACKING pc=0x000002cd07584422 sp=0x000000cff32f2200 mode 2
Event: 235.982 Thread 0x000002cd13529110 Uncommon trap: trap_request=0xffffff3d fr.pc=0x000002cd08037cec relative=0x000000000000158c
Event: 235.982 Thread 0x000002cd13529110 Uncommon trap: reason=unstable_fused_if action=reinterpret pc=0x000002cd08037cec method=sun.nio.fs.WindowsPathParser.isLetter(C)Z @ 15 c2
Event: 235.982 Thread 0x000002cd13529110 DEOPT PACKING pc=0x000002cd08037cec sp=0x000000cff32f3c80
Event: 235.983 Thread 0x000002cd13529110 DEOPT UNPACKING pc=0x000002cd07584422 sp=0x000000cff32f3bc8 mode 2

Classes loaded (20 events):
Event: 131.102 Loading class java/util/stream/ReferencePipeline$4
Event: 131.102 Loading class java/util/stream/IntPipeline$StatelessOp
Event: 131.103 Loading class java/util/stream/IntPipeline$StatelessOp done
Event: 131.103 Loading class java/util/stream/ReferencePipeline$4 done
Event: 131.104 Loading class java/util/stream/ReduceOps$6
Event: 131.104 Loading class java/util/stream/ReduceOps$6 done
Event: 131.104 Loading class java/util/stream/ReduceOps$5ReducingSink
Event: 131.106 Loading class java/util/stream/ReduceOps$5ReducingSink done
Event: 131.106 Loading class java/util/stream/ReferencePipeline$4$1
Event: 131.106 Loading class java/util/stream/ReferencePipeline$4$1 done
Event: 134.734 Loading class java/util/concurrent/ConcurrentLinkedQueue$Itr
Event: 134.735 Loading class java/util/concurrent/ConcurrentLinkedQueue$Itr done
Event: 135.929 Loading class java/util/Collections$ReverseComparator
Event: 135.931 Loading class java/util/Collections$ReverseComparator done
Event: 135.931 Loading class java/util/Collections$ReverseComparator2
Event: 135.931 Loading class java/util/Collections$ReverseComparator2 done
Event: 191.764 Loading class java/io/NotSerializableException
Event: 191.774 Loading class java/io/NotSerializableException done
Event: 232.802 Loading class java/util/concurrent/Executors$DefaultThreadFactory
Event: 232.825 Loading class java/util/concurrent/Executors$DefaultThreadFactory done

Classes unloaded (0 events):
No events

Classes redefined (0 events):
No events

Internal exceptions (20 events):
Event: 134.341 Thread 0x000002cd27991640 Exception <a 'sun/nio/fs/WindowsException'{0x00000000a6613170}> (0x00000000a6613170) 
thrown [s\src\hotspot\share\prims\jni.cpp, line 520]
Event: 134.341 Thread 0x000002cd27991640 Exception <a 'sun/nio/fs/WindowsException'{0x00000000a6615260}> (0x00000000a6615260) 
thrown [s\src\hotspot\share\prims\jni.cpp, line 520]
Event: 134.342 Thread 0x000002cd27991640 Exception <a 'sun/nio/fs/WindowsException'{0x00000000a66170f8}> (0x00000000a66170f8) 
thrown [s\src\hotspot\share\prims\jni.cpp, line 520]
Event: 134.359 Thread 0x000002cd27991640 Exception <a 'sun/nio/fs/WindowsException'{0x00000000a6670b90}> (0x00000000a6670b90) 
thrown [s\src\hotspot\share\prims\jni.cpp, line 520]
Event: 134.359 Thread 0x000002cd27991640 Exception <a 'sun/nio/fs/WindowsException'{0x00000000a6672c38}> (0x00000000a6672c38) 
thrown [s\src\hotspot\share\prims\jni.cpp, line 520]
Event: 134.363 Thread 0x000002cd27991640 Exception <a 'sun/nio/fs/WindowsException'{0x00000000a6674a58}> (0x00000000a6674a58) 
thrown [s\src\hotspot\share\prims\jni.cpp, line 520]
Event: 150.672 Thread 0x000002cd13529110 Implicit null exception at 0x000002cd0803d2e9 to 0x000002cd0803d398
Event: 173.250 Thread 0x000002cd13529110 Implicit null exception at 0x000002cd0806ef8d to 0x000002cd0806f918
Event: 192.054 Thread 0x000002cd13529110 Exception <a 'java/lang/NoSuchMethodError'{0x00000000a5fc7278}: 'java.lang.Object java.lang.invoke.Invokers$Holder.invokeExact_MT(java.lang.Object, java.lang.Object, java.lang.Object, int, java.lang.Object, java.lang.Object)'> (0x00000000a5fc7278) 
thrown [s\src\hotspot\share\interpreter\linkResolver.cpp, line 773]
Event: 212.303 Thread 0x000002cd13529110 Exception <a 'java/lang/ClassNotFoundException'{0x00000000a8d1f080}: settings_8s4qkigdn4e6n51yhur02l8ucBeanInfo> (0x00000000a8d1f080) 
thrown [s\src\hotspot\share\classfile\systemDictionary.cpp, line 313]
Event: 212.305 Thread 0x000002cd13529110 Exception <a 'java/lang/ClassNotFoundException'{0x00000000a8d24f50}: settings_8s4qkigdn4e6n51yhur02l8ucCustomizer> (0x00000000a8d24f50) 
thrown [s\src\hotspot\share\classfile\systemDictionary.cpp, line 313]
Event: 212.519 Thread 0x000002cd13529110 Exception <a 'java/lang/IncompatibleClassChangeError'{0x00000000a8d381f8}: Found class java.lang.Object, but interface was expected> (0x00000000a8d381f8) 
thrown [s\src\hotspot\share\interpreter\linkResolver.cpp, line 840]
Event: 215.142 Thread 0x000002cd13529110 Exception <a 'java/lang/ClassNotFoundException'{0x00000000a89d0fd8}: build_6yhmp42yv1bjbjaeb1e75gw9qBeanInfo> (0x00000000a89d0fd8) 
thrown [s\src\hotspot\share\classfile\systemDictionary.cpp, line 313]
Event: 215.144 Thread 0x000002cd13529110 Exception <a 'java/lang/ClassNotFoundException'{0x00000000a89dab50}: org/gradle/api/internal/project/ProjectScriptBeanInfo> (0x00000000a89dab50) 
thrown [s\src\hotspot\share\classfile\systemDictionary.cpp, line 313]
Event: 215.147 Thread 0x000002cd13529110 Exception <a 'java/lang/ClassNotFoundException'{0x00000000a89e47e8}: org/gradle/api/internal/project/ProjectScriptCustomizer> (0x00000000a89e47e8) 
thrown [s\src\hotspot\share\classfile\systemDictionary.cpp, line 313]
Event: 215.150 Thread 0x000002cd13529110 Exception <a 'java/lang/ClassNotFoundException'{0x00000000a89fc1d0}: build_6yhmp42yv1bjbjaeb1e75gw9qCustomizer> (0x00000000a89fc1d0) 
thrown [s\src\hotspot\share\classfile\systemDictionary.cpp, line 313]
Event: 215.470 Thread 0x000002cd13529110 Exception <a 'java/lang/ClassNotFoundException'{0x00000000a8620660}: build_zrukb7zdoy478y1os7tmgem2BeanInfo> (0x00000000a8620660) 
thrown [s\src\hotspot\share\classfile\systemDictionary.cpp, line 313]
Event: 215.472 Thread 0x000002cd13529110 Exception <a 'java/lang/ClassNotFoundException'{0x00000000a862b6d8}: build_zrukb7zdoy478y1os7tmgem2Customizer> (0x00000000a862b6d8) 
thrown [s\src\hotspot\share\classfile\systemDictionary.cpp, line 313]
Event: 216.135 Thread 0x000002cd13529110 Exception <a 'java/lang/ClassNotFoundException'{0x00000000a841f1c8}: org/gradle/api/internal/plugins/DefaultObjectConfigurationActionBeanInfo> (0x00000000a841f1c8) 
thrown [s\src\hotspot\share\classfile\systemDictionary.cpp, line 313]
Event: 216.140 Thread 0x000002cd13529110 Exception <a 'java/lang/ClassNotFoundException'{0x00000000a8437f20}: org/gradle/api/internal/plugins/DefaultObjectConfigurationActionCustomizer> (0x00000000a8437f20) 
thrown [s\src\hotspot\share\classfile\systemDictionary.cpp, line 313]

ZGC Phase Switch (0 events):
No events

VM Operations (20 events):
Event: 222.350 Executing safepoint VM operation: G1CollectForAllocation (G1 Evacuation Pause)
Event: 222.376 Executing safepoint VM operation: G1CollectForAllocation (G1 Evacuation Pause) done
Event: 223.381 Executing safepoint VM operation: Cleanup
Event: 223.430 Executing safepoint VM operation: Cleanup done
Event: 224.431 Executing safepoint VM operation: Cleanup
Event: 224.431 Executing safepoint VM operation: Cleanup done
Event: 225.443 Executing safepoint VM operation: Cleanup
Event: 225.552 Executing safepoint VM operation: Cleanup done
Event: 226.563 Executing safepoint VM operation: Cleanup
Event: 226.803 Executing safepoint VM operation: Cleanup done
Event: 231.856 Executing safepoint VM operation: Cleanup
Event: 231.873 Executing safepoint VM operation: Cleanup done
Event: 233.889 Executing safepoint VM operation: Cleanup
Event: 233.889 Executing safepoint VM operation: Cleanup done
Event: 234.897 Executing safepoint VM operation: Cleanup
Event: 235.087 Executing safepoint VM operation: Cleanup done
Event: 236.094 Executing safepoint VM operation: Cleanup
Event: 236.094 Executing safepoint VM operation: Cleanup done
Event: 237.095 Executing safepoint VM operation: Cleanup
Event: 237.095 Executing safepoint VM operation: Cleanup done

Memory protections (0 events):
No events

Nmethod flushes (20 events):
Event: 193.507 Thread 0x000002cd1318ff10 flushing  nmethod 0x000002cd00ad8d90
Event: 193.507 Thread 0x000002cd1318ff10 flushing  nmethod 0x000002cd00afd990
Event: 193.507 Thread 0x000002cd1318ff10 flushing  nmethod 0x000002cd00afe310
Event: 193.507 Thread 0x000002cd1318ff10 flushing  nmethod 0x000002cd00afef90
Event: 193.507 Thread 0x000002cd1318ff10 flushing  nmethod 0x000002cd00b07f90
Event: 193.507 Thread 0x000002cd1318ff10 flushing  nmethod 0x000002cd00b08a10
Event: 193.507 Thread 0x000002cd1318ff10 flushing  nmethod 0x000002cd00b09a90
Event: 193.507 Thread 0x000002cd1318ff10 flushing  nmethod 0x000002cd00b0ce90
Event: 193.507 Thread 0x000002cd1318ff10 flushing  nmethod 0x000002cd00b11610
Event: 193.507 Thread 0x000002cd1318ff10 flushing  nmethod 0x000002cd00b3be90
Event: 193.507 Thread 0x000002cd1318ff10 flushing  nmethod 0x000002cd00b3ee10
Event: 193.507 Thread 0x000002cd1318ff10 flushing  nmethod 0x000002cd00b41290
Event: 193.507 Thread 0x000002cd1318ff10 flushing  nmethod 0x000002cd00b60910
Event: 193.507 Thread 0x000002cd1318ff10 flushing  nmethod 0x000002cd00b65e10
Event: 193.507 Thread 0x000002cd1318ff10 flushing  nmethod 0x000002cd00b67e90
Event: 193.507 Thread 0x000002cd1318ff10 flushing  nmethod 0x000002cd00b6a090
Event: 193.507 Thread 0x000002cd1318ff10 flushing  nmethod 0x000002cd00e55690
Event: 193.507 Thread 0x000002cd1318ff10 flushing  nmethod 0x000002cd00ea9190
Event: 193.507 Thread 0x000002cd1318ff10 flushing  nmethod 0x000002cd00a6e890
Event: 193.507 Thread 0x000002cd1318ff10 flushing  nmethod 0x000002cd00a6f810

Events (20 events):
Event: 56.349 Thread 0x000002cd13529110 Thread added: 0x000002cd2769f040
Event: 59.299 Thread 0x000002cd13529110 Thread added: 0x000002cd276a03f0
Event: 59.839 Thread 0x000002cd13529110 Thread added: 0x000002cd2769fd60
Event: 65.058 Thread 0x000002cd13529110 Thread added: 0x000002cd2769d600
Event: 88.435 Thread 0x000002cd13529110 Thread added: 0x000002cd2798eee0
Event: 88.848 Thread 0x000002cd13529110 Thread added: 0x000002cd27993710
Event: 90.211 Thread 0x000002cd13529110 Thread added: 0x000002cd27994ac0
Event: 97.873 Thread 0x000002cd13529110 Thread added: 0x000002cd27995150
Event: 107.579 Thread 0x000002cd13529110 Thread added: 0x000002cd2798f570
Event: 129.939 Thread 0x000002cd13529110 Thread added: 0x000002cd27991640
Event: 130.638 Thread 0x000002cd27991640 Thread added: 0x000002cd27991cd0
Event: 131.949 Thread 0x000002cd27991640 Thread added: 0x000002cd27992360
Event: 132.728 Thread 0x000002cd27991640 Thread added: 0x000002cd27993080
Event: 132.905 Thread 0x000002cd27991640 Thread added: 0x000002cd27995e70
Event: 134.024 Thread 0x000002cd27991640 Thread added: 0x000002cd27990290
Event: 136.739 Thread 0x000002cd13529110 Thread added: 0x000002cd27990920
Event: 137.608 Thread 0x000002cd13529110 Thread added: 0x000002cd279929f0
Event: 151.319 Thread 0x000002cd13529110 Thread added: 0x000002cd27993da0
Event: 194.945 Thread 0x000002cd27991640 Thread exited: 0x000002cd27991640
Event: 212.162 Thread 0x000002cd13529110 Thread added: 0x000002cd27620f80


Dynamic libraries:
0x00007ff77cfa0000 - 0x00007ff77cfae000 	C:\Users\u\.vscode\extensions\redhat.java-1.55.0-win32-x64\jre\21.0.11-win32-x86_64\bin\java.exe
0x00007ffc3d600000 - 0x00007ffc3d809000 	C:\Windows\SYSTEM32\ntdll.dll
0x00007ffc0bf30000 - 0x00007ffc0bf51000 	C:\Program Files\Avast Software\Avast\aswhook.dll
0x00007ffc3c190000 - 0x00007ffc3c24d000 	C:\Windows\System32\KERNEL32.DLL
0x00007ffc3af90000 - 0x00007ffc3b314000 	C:\Windows\System32\KERNELBASE.dll
0x00007ffc3ac30000 - 0x00007ffc3ad41000 	C:\Windows\System32\ucrtbase.dll
0x00007ffc2f850000 - 0x00007ffc2f868000 	C:\Users\u\.vscode\extensions\redhat.java-1.55.0-win32-x64\jre\21.0.11-win32-x86_64\bin\jli.dll
0x00007ffc3d2a0000 - 0x00007ffc3d44d000 	C:\Windows\System32\USER32.dll
0x00007ffc3aa90000 - 0x00007ffc3aab6000 	C:\Windows\System32\win32u.dll
0x00007ffc3d590000 - 0x00007ffc3d5ba000 	C:\Windows\System32\GDI32.dll
0x00007ffc3ae70000 - 0x00007ffc3af8e000 	C:\Windows\System32\gdi32full.dll
0x00007ffc3add0000 - 0x00007ffc3ae6d000 	C:\Windows\System32\msvcp_win.dll
0x00007ffc2a7f0000 - 0x00007ffc2a80e000 	C:\Users\u\.vscode\extensions\redhat.java-1.55.0-win32-x64\jre\21.0.11-win32-x86_64\bin\VCRUNTIME140.dll
0x00007ffc39d00000 - 0x00007ffc39fa5000 	C:\Windows\WinSxS\amd64_microsoft.windows.common-controls_6595b64144ccf1df_6.0.22000.120_none_9d947278b86cc467\COMCTL32.dll
0x00007ffc3c250000 - 0x00007ffc3c2f3000 	C:\Windows\System32\msvcrt.dll
0x00007ffc3c520000 - 0x00007ffc3c551000 	C:\Windows\System32\IMM32.DLL
0x00007ffc39bb0000 - 0x00007ffc39bbc000 	C:\Users\u\.vscode\extensions\redhat.java-1.55.0-win32-x64\jre\21.0.11-win32-x86_64\bin\vcruntime140_1.dll
0x00007ffc174f0000 - 0x00007ffc1757d000 	C:\Users\u\.vscode\extensions\redhat.java-1.55.0-win32-x64\jre\21.0.11-win32-x86_64\bin\msvcp140.dll
0x00007ffc00500000 - 0x00007ffc012a2000 	C:\Users\u\.vscode\extensions\redhat.java-1.55.0-win32-x64\jre\21.0.11-win32-x86_64\bin\server\jvm.dll
0x00007ffc3d4e0000 - 0x00007ffc3d58e000 	C:\Windows\System32\ADVAPI32.dll
0x00007ffc3cf90000 - 0x00007ffc3d02e000 	C:\Windows\System32\sechost.dll
0x00007ffc3c560000 - 0x00007ffc3c681000 	C:\Windows\System32\RPCRT4.dll
0x00007ffc3ce60000 - 0x00007ffc3cecf000 	C:\Windows\System32\WS2_32.dll
0x00007ffc3a960000 - 0x00007ffc3a9ad000 	C:\Windows\SYSTEM32\POWRPROF.dll
0x00007ffc32f40000 - 0x00007ffc32f73000 	C:\Windows\SYSTEM32\WINMM.dll
0x00007ffc38d90000 - 0x00007ffc38d9a000 	C:\Windows\SYSTEM32\VERSION.dll
0x00007ffc3a940000 - 0x00007ffc3a953000 	C:\Windows\SYSTEM32\UMPDC.dll
0x00007ffc38c50000 - 0x00007ffc38c68000 	C:\Windows\SYSTEM32\kernel.appcore.dll
0x00007ffc397c0000 - 0x00007ffc397ca000 	C:\Users\u\.vscode\extensions\redhat.java-1.55.0-win32-x64\jre\21.0.11-win32-x86_64\bin\jimage.dll
0x00007ffc3a3a0000 - 0x00007ffc3a5c1000 	C:\Windows\SYSTEM32\DBGHELP.DLL
0x00007ffc3a270000 - 0x00007ffc3a2a1000 	C:\Windows\SYSTEM32\dbgcore.DLL
0x00007ffc3ad50000 - 0x00007ffc3adcf000 	C:\Windows\System32\bcryptPrimitives.dll
0x00007ffc349f0000 - 0x00007ffc349ff000 	C:\Users\u\.vscode\extensions\redhat.java-1.55.0-win32-x64\jre\21.0.11-win32-x86_64\bin\instrument.dll
0x00007ffc2a5e0000 - 0x00007ffc2a600000 	C:\Users\u\.vscode\extensions\redhat.java-1.55.0-win32-x64\jre\21.0.11-win32-x86_64\bin\java.dll
0x00007ffc3b9c0000 - 0x00007ffc3c185000 	C:\Windows\System32\SHELL32.dll
0x00007ffc37c40000 - 0x00007ffc384a2000 	C:\Windows\SYSTEM32\windows.storage.dll
0x00007ffc3cad0000 - 0x00007ffc3ce46000 	C:\Windows\System32\combase.dll
0x00007ffc37ad0000 - 0x00007ffc37c37000 	C:\Windows\SYSTEM32\wintypes.dll
0x00007ffc3b8d0000 - 0x00007ffc3b9ba000 	C:\Windows\System32\SHCORE.dll
0x00007ffc3ced0000 - 0x00007ffc3cf2d000 	C:\Windows\System32\shlwapi.dll
0x00007ffc3a9c0000 - 0x00007ffc3a9e5000 	C:\Windows\SYSTEM32\profapi.dll
0x00007ffc2a240000 - 0x00007ffc2a258000 	C:\Users\u\.vscode\extensions\redhat.java-1.55.0-win32-x64\jre\21.0.11-win32-x86_64\bin\zip.dll
0x00007ffc35560000 - 0x00007ffc35570000 	C:\Users\u\.vscode\extensions\redhat.java-1.55.0-win32-x64\jre\21.0.11-win32-x86_64\bin\net.dll
0x00007ffc376b0000 - 0x00007ffc377c4000 	C:\Windows\SYSTEM32\WINHTTP.dll
0x00007ffc39070000 - 0x00007ffc390d7000 	C:\Windows\system32\mswsock.dll
0x00007ffc27770000 - 0x00007ffc27786000 	C:\Users\u\.vscode\extensions\redhat.java-1.55.0-win32-x64\jre\21.0.11-win32-x86_64\bin\nio.dll
0x00007ffc313d0000 - 0x00007ffc313e0000 	C:\Users\u\.vscode\extensions\redhat.java-1.55.0-win32-x64\jre\21.0.11-win32-x86_64\bin\verify.dll
0x00007ffc22260000 - 0x00007ffc22287000 	C:\Users\u\.gradle\native\1def1411415f61bf3af743bc5b6707747c0891f09f0c88961ee8f79bc544acac\windows-amd64\native-platform.dll
0x0000000068540000 - 0x00000000685b3000 	C:\Users\u\.gradle\native\0.2.5\x86_64-windows-gnu\gradle-fileevents.dll
0x00007ffc2b300000 - 0x00007ffc2b30a000 	C:\Users\u\.vscode\extensions\redhat.java-1.55.0-win32-x64\jre\21.0.11-win32-x86_64\bin\management.dll
0x00007ffc2a7e0000 - 0x00007ffc2a7ec000 	C:\Users\u\.vscode\extensions\redhat.java-1.55.0-win32-x64\jre\21.0.11-win32-x86_64\bin\management_ext.dll
0x00007ffc3c9a0000 - 0x00007ffc3c9a8000 	C:\Windows\System32\PSAPI.DLL
0x00007ffc3a6b0000 - 0x00007ffc3a6c8000 	C:\Windows\SYSTEM32\CRYPTSP.dll
0x00007ffc38bb0000 - 0x00007ffc38be5000 	C:\Windows\system32\rsaenh.dll
0x00007ffc39110000 - 0x00007ffc3913c000 	C:\Windows\SYSTEM32\USERENV.dll
0x00007ffc3a330000 - 0x00007ffc3a357000 	C:\Windows\SYSTEM32\bcrypt.dll
0x00007ffc39260000 - 0x00007ffc3926c000 	C:\Windows\SYSTEM32\CRYPTBASE.dll
0x00007ffc38770000 - 0x00007ffc3879d000 	C:\Windows\SYSTEM32\IPHLPAPI.DLL
0x00007ffc3ce50000 - 0x00007ffc3ce59000 	C:\Windows\System32\NSI.dll
0x00007ffc2f3a0000 - 0x00007ffc2f3a9000 	C:\Users\u\.vscode\extensions\redhat.java-1.55.0-win32-x64\jre\21.0.11-win32-x86_64\bin\extnet.dll
0x00007ffc2f840000 - 0x00007ffc2f84e000 	C:\Users\u\.vscode\extensions\redhat.java-1.55.0-win32-x64\jre\21.0.11-win32-x86_64\bin\sunmscapi.dll
0x00007ffc3aac0000 - 0x00007ffc3ac22000 	C:\Windows\System32\CRYPT32.dll
0x00007ffc39cd0000 - 0x00007ffc39cf8000 	C:\Windows\SYSTEM32\ncrypt.dll
0x00007ffc39c90000 - 0x00007ffc39cc7000 	C:\Windows\SYSTEM32\NTASN1.dll
0x00007ffc33b20000 - 0x00007ffc33b28000 	C:\Windows\system32\wshunix.dll
0x0000000068440000 - 0x00000000684b3000 	C:\Users\u\AppData\Local\Temp\native-platform17121750844957918411dir\gradle-fileevents.dll
0x00007ffc387e0000 - 0x00007ffc388c7000 	C:\Windows\SYSTEM32\DNSAPI.dll
0x00007ffc301a0000 - 0x00007ffc301aa000 	C:\Windows\System32\rasadhlp.dll
0x00007ffc31420000 - 0x00007ffc314a1000 	C:\Windows\System32\fwpuclnt.dll
0x00007ffbc7240000 - 0x00007ffbc7257000 	C:\Windows\system32\napinsp.dll
0x00007ffbc5900000 - 0x00007ffbc591b000 	C:\Windows\system32\pnrpnsp.dll
0x00007ffbc58e0000 - 0x00007ffbc58f2000 	C:\Windows\System32\winrnr.dll
0x00007ffc215d0000 - 0x00007ffc215e5000 	C:\Windows\system32\wshbth.dll
0x00007ffc33b30000 - 0x00007ffc33b4f000 	C:\Windows\system32\nlansp_c.dll

JVMTI agents:
C:\Users\u\.gradle\wrapper\dists\gradle-8.12-all\ejduaidbjup3bmmkhw3rie4zb\gradle-8.12\lib\agents\gradle-instrumentation-agent-8.12.jar path:C:\Users\u\.vscode\extensions\redhat.java-1.55.0-win32-x64\jre\21.0.11-win32-x86_64\bin\instrument.dll, loaded, initialized, instrumentlib options:none

dbghelp: loaded successfully - version: 4.0.5 - missing functions: none
symbol engine: initialized successfully - sym options: 0x614 - pdb path: .;C:\Users\u\.vscode\extensions\redhat.java-1.55.0-win32-x64\jre\21.0.11-win32-x86_64\bin;C:\Windows\SYSTEM32;C:\Program Files\Avast Software\Avast;C:\Windows\WinSxS\amd64_microsoft.windows.common-controls_6595b64144ccf1df_6.0.22000.120_none_9d947278b86cc467;C:\Users\u\.vscode\extensions\redhat.java-1.55.0-win32-x64\jre\21.0.11-win32-x86_64\bin\server;C:\Users\u\.gradle\native\1def1411415f61bf3af743bc5b6707747c0891f09f0c88961ee8f79bc544acac\windows-amd64;C:\Users\u\.gradle\native\0.2.5\x86_64-windows-gnu;C:\Users\u\AppData\Local\Temp\native-platform17121750844957918411dir

VM Arguments:
jvm_args: --add-opens=java.base/java.lang=ALL-UNNAMED --add-opens=java.base/java.lang.invoke=ALL-UNNAMED --add-opens=java.base/java.util=ALL-UNNAMED --add-opens=java.prefs/java.util.prefs=ALL-UNNAMED --add-exports=jdk.compiler/com.sun.tools.javac.api=ALL-UNNAMED --add-exports=jdk.compiler/com.sun.tools.javac.util=ALL-UNNAMED --add-opens=java.base/java.util=ALL-UNNAMED --add-opens=java.prefs/java.util.prefs=ALL-UNNAMED --add-opens=java.base/java.nio.charset=ALL-UNNAMED --add-opens=java.base/java.net=ALL-UNNAMED --add-opens=java.base/java.util.concurrent.atomic=ALL-UNNAMED --add-opens=java.xml/javax.xml.namespace=ALL-UNNAMED -XX:MaxMetaspaceSize=256m -Xss512k -Xmx1536m -Dfile.encoding=UTF-8 -Duser.country=US -Duser.language=en -Duser.variant -javaagent:C:\Users\u\.gradle\wrapper\dists\gradle-8.12-all\ejduaidbjup3bmmkhw3rie4zb\gradle-8.12\lib\agents\gradle-instrumentation-agent-8.12.jar 
java_command: org.gradle.launcher.daemon.bootstrap.GradleDaemon 8.12
java_class_path (initial): C:\Users\u\.gradle\wrapper\dists\gradle-8.12-all\ejduaidbjup3bmmkhw3rie4zb\gradle-8.12\lib\gradle-daemon-main-8.12.jar
Launcher Type: SUN_STANDARD

[Global flags]
     intx CICompilerCount                          = 3                                         {product} {ergonomic}
   size_t CompressedClassSpaceSize                 = 218103808                                 {product} {ergonomic}
     uint ConcGCThreads                            = 1                                         {product} {ergonomic}
     uint G1ConcRefinementThreads                  = 4                                         {product} {ergonomic}
   size_t G1HeapRegionSize                         = 1048576                                   {product} {ergonomic}
    uintx GCDrainStackTargetSize                   = 64                                        {product} {ergonomic}
   size_t InitialHeapSize                          = 134217728                                 {product} {ergonomic}
   size_t MarkStackSize                            = 4194304                                   {product} {ergonomic}
   size_t MaxHeapSize                              = 1610612736                                {product} {command line}
   size_t MaxMetaspaceSize                         = 268435456                                 {product} {command line}
   size_t MaxNewSize                               = 965738496                                 {product} {ergonomic}
   size_t MinHeapDeltaBytes                        = 1048576                                   {product} {ergonomic}
   size_t MinHeapSize                              = 8388608                                   {product} {ergonomic}
    uintx NonNMethodCodeHeapSize                   = 5832780                                {pd product} {ergonomic}
    uintx NonProfiledCodeHeapSize                  = 122912730                              {pd product} {ergonomic}
    uintx ProfiledCodeHeapSize                     = 122912730                              {pd product} {ergonomic}
    uintx ReservedCodeCacheSize                    = 251658240                              {pd product} {ergonomic}
     bool SegmentedCodeCache                       = true                                      {product} {ergonomic}
   size_t SoftMaxHeapSize                          = 1610612736                             {manageable} {ergonomic}
     intx ThreadStackSize                          = 512                                    {pd product} {command line}
     bool UseCompressedOops                        = true                           {product lp64_product} {ergonomic}
     bool UseG1GC                                  = true                                      {product} {ergonomic}
     bool UseLargePagesIndividualAllocation        = false                                  {pd product} {ergonomic}

Logging:
Log output configuration:
 #0: stdout all=warning uptime,level,tags foldmultilines=false
 #1: stderr all=off uptime,level,tags foldmultilines=false

Release file:
JAVA_VERSION="21.0.11" 
MODULES="java.base java.compiler java.datatransfer java.xml java.prefs java.desktop java.instrument java.logging java.management java.security.sasl java.naming java.rmi java.management.rmi java.net.http java.scripting java.security.jgss java.transaction.xa java.sql java.sql.rowset java.xml.crypto java.se java.smartcardio jdk.accessibility jdk.internal.jvmstat jdk.attach jdk.charsets jdk.internal.opt jdk.zipfs jdk.compiler jdk.crypto.ec jdk.crypto.cryptoki jdk.crypto.mscapi jdk.dynalink jdk.internal.ed jdk.editpad jdk.hotspot.agent jdk.httpserver jdk.internal.le jdk.internal.vm.ci jdk.internal.vm.compiler jdk.internal.vm.compiler.management jdk.jartool jdk.javadoc jdk.jcmd jdk.management jdk.management.agent jdk.jconsole jdk.jdeps jdk.jdwp.agent jdk.jdi jdk.jfr jdk.jshell jdk.jsobject jdk.jstatd jdk.localedata jdk.management.jfr jdk.naming.dns jdk.naming.rmi jdk.net jdk.nio.mapmode jdk.random jdk.sctp jdk.security.auth jdk.security.jgss jdk.unsupported jdk.unsupported.desktop jdk.xml.dom" 

Environment Variables:
JAVA_HOME=C:\Program Files\Eclipse Adoptium\jdk-17.0.19.10-hotspot
PATH=C:\Program Files (x86)\Microsoft\Edge\Application;C:\Program Files\Eclipse Adoptium\jdk-17.0.19.10-hotspot\bin;C:\Program Files\Python314\Scripts\;C:\Program Files\Python314\;C:\Windows\system32;C:\Windows;C:\Windows\System32\Wbem;C:\Windows\System32\WindowsPowerShell\v1.0\;C:\Windows\System32\OpenSSH\;C:\ProgramData\chocolatey\bin;npm prefix -g;C:\Program Files\Git\cmd;C:\xampp19\php;C:\ProgramData\ComposerSetup\bin;c:\programData\ComposerSetup\bin;C:\ProgramData\ComposerSetup\bin;C:\Program Files\nodejs\;C:\Program Files\Docker\Docker\resources\bin;C:\Program Files\Eclipse Adoptium\jdk-17.0.19.10-hotspot\bin;C:\Users\u\AppData\Local\Microsoft\WindowsApps;C:\Users\u\AppData\Local\Programs\Microsoft VS Code\bin;C:\Users\u\AppData\Roaming\Composer\vendor\bin;C:\Users\u\AppData\Roaming\npm;C:\flutter\bin;C:\flutter\bin;C:\Users\u\AppData\Local\PowerToys\DSCModules\;C:\Users\u\AppData\Local\Pub\Cache\bin;C:\Users\u\AppData\Local\Pub\Cache\bin;%JAVA_HOME%\bin;%JAVA_HOME%\bin;;C:\Program Files\Eclipse Adoptium\jdk-17.0.19.10-hotspot\bin
USERNAME=u
OS=Windows_NT
PROCESSOR_IDENTIFIER=Intel64 Family 6 Model 78 Stepping 3, GenuineIntel
TMP=C:\Users\u\AppData\Local\Temp
TEMP=C:\Users\u\AppData\Local\Temp




Periodic native trim disabled

---------------  S Y S T E M  ---------------

OS:
 Windows 11 , 64 bit Build 22000 (10.0.22000.2538)
OS uptime: 8 days 1:50 hours
Hyper-V role detected

CPU: total 4 (initial active 4) (2 cores per cpu, 2 threads per core) family 6 model 78 stepping 3 microcode 0xf0, cx8, cmov, fxsr, ht, mmx, 3dnowpref, sse, sse2, sse3, ssse3, sse4.1, sse4.2, popcnt, lzcnt, tsc, tscinvbit, avx, avx2, aes, erms, clmul, bmi1, bmi2, rtm, adx, fma, vzeroupper, clflush, clflushopt, hv, rdtscp, f16c
Processor Information for the first 4 processors :
  Max Mhz: 2496, Current Mhz: 2396, Mhz Limit: 2396

Memory: 4k page, system-wide physical 8072M (188M free)
TotalPageFile size 32648M (AvailPageFile size 24M)
current process WorkingSet (physical memory assigned to process): 227M, peak: 325M
current process commit charge ("private bytes"): 418M, peak: 428M

vm_info: OpenJDK 64-Bit Server VM (21.0.11+10-LTS) for windows-amd64 JRE (21.0.11+10-LTS), built on 2026-04-21T00:00:00Z by "admin" with MS VC++ 17.12 (VS2022)

END.
