#
# There is insufficient memory for the Java Runtime Environment to continue.
# Native memory allocation (mmap) failed to map 34603008 bytes. Error detail: G1 virtual space
# Possible reasons:
#   The system is out of physical RAM or swap space
#   This process is running with CompressedOops enabled, and the Java Heap may be blocking the growth of the native heap
# Possible solutions:
#   Reduce memory load on the system
#   Increase physical memory or swap space
#   Check if swap backing store is full
#   Decrease Java heap size (-Xmx/-Xms)
#   Decrease number of Java threads
#   Decrease Java thread stack sizes (-Xss)
#   Set larger code cache with -XX:ReservedCodeCacheSize=
#   JVM is running with Unscaled Compressed Oops mode in which the Java heap is
#     placed in the first 4GB address space. The Java Heap base address is the
#     maximum limit for the native heap growth. Please use -XX:HeapBaseMinAddress
#     to set the Java Heap base and to place the Java Heap above 4GB virtual address.
# This output file may be truncated or incomplete.
#
#  Out of Memory Error (os_windows.cpp:3714), pid=29684, tid=25936
#
# JRE version: OpenJDK Runtime Environment Temurin-21.0.11+10 (21.0.11+10) (build 21.0.11+10-LTS)
# Java VM: OpenJDK 64-Bit Server VM Temurin-21.0.11+10 (21.0.11+10-LTS, mixed mode, sharing, tiered, compressed oops, compressed class ptrs, g1 gc, windows-amd64)
# No core dump will be written. Minidumps are not enabled by default on client versions of Windows
#

---------------  S U M M A R Y ------------

Command Line: --add-opens=java.base/java.lang=ALL-UNNAMED --add-opens=java.base/java.lang.invoke=ALL-UNNAMED --add-opens=java.base/java.util=ALL-UNNAMED --add-opens=java.prefs/java.util.prefs=ALL-UNNAMED --add-exports=jdk.compiler/com.sun.tools.javac.api=ALL-UNNAMED --add-exports=jdk.compiler/com.sun.tools.javac.util=ALL-UNNAMED --add-opens=java.base/java.util=ALL-UNNAMED --add-opens=java.prefs/java.util.prefs=ALL-UNNAMED --add-opens=java.base/java.nio.charset=ALL-UNNAMED --add-opens=java.base/java.net=ALL-UNNAMED --add-opens=java.base/java.util.concurrent.atomic=ALL-UNNAMED --add-opens=java.xml/javax.xml.namespace=ALL-UNNAMED -Xmx1536m -Dfile.encoding=UTF-8 -Duser.country=US -Duser.language=en -Duser.variant -javaagent:C:\Users\u\.gradle\wrapper\dists\gradle-8.12-all\ejduaidbjup3bmmkhw3rie4zb\gradle-8.12\lib\agents\gradle-instrumentation-agent-8.12.jar org.gradle.launcher.daemon.bootstrap.GradleDaemon 8.12

Host: Intel(R) Core(TM) i5-6300U CPU @ 2.40GHz, 4 cores, 7G,  Windows 11 , 64 bit Build 22000 (10.0.22000.2538)
Time: Fri Jul 24 23:37:15 2026 E. Africa Standard Time elapsed time: 719.305070 seconds (0d 0h 11m 59s)

---------------  T H R E A D  ---------------

Current thread (0x00000240b7aa89a0):  VMThread "VM Thread"          [id=25936, stack(0x000000937c000000,0x000000937c100000) (1024K)]

Stack: [0x000000937c000000,0x000000937c100000]
Native frames: (J=compiled Java code, j=interpreted, Vv=VM code, C=native code)
V  [jvm.dll+0x6d7e19]
V  [jvm.dll+0x8b5096]
V  [jvm.dll+0x8b764e]
V  [jvm.dll+0x8b7d33]
V  [jvm.dll+0x284596]
V  [jvm.dll+0x6d4735]
V  [jvm.dll+0x6c845a]
V  [jvm.dll+0x35ef08]
V  [jvm.dll+0x366b46]
V  [jvm.dll+0x3b7c2e]
V  [jvm.dll+0x3b7ed8]
V  [jvm.dll+0x33310c]
V  [jvm.dll+0x335926]
V  [jvm.dll+0x33f91d]
V  [jvm.dll+0x374fdf]
V  [jvm.dll+0x8bda20]
V  [jvm.dll+0x8bed94]
V  [jvm.dll+0x8bf2c0]
V  [jvm.dll+0x8bf563]
V  [jvm.dll+0x85fb0d]
V  [jvm.dll+0x6d664d]
C  [ucrtbase.dll+0x26c0c]
C  [KERNEL32.DLL+0x153e0]
C  [ntdll.dll+0x485b]

VM_Operation (0x000000937bbff790): G1PauseRemark, mode: safepoint, requested by thread 0x00000240a16622c0


---------------  P R O C E S S  ---------------

Threads class SMR info:
_java_thread_list=0x0000024083dc6e80, length=62, elements={
0x000002409f473d50, 0x00000240b7acaf80, 0x00000240b7acdb50, 0x00000240b7ace870,
0x00000240b7ad02e0, 0x00000240b7ad0d40, 0x00000240b7ad17a0, 0x00000240b7ad2530,
0x00000240b7b3cf90, 0x00000240b7d69390, 0x00000240b7d88250, 0x00000240b7b832e0,
0x00000240fd648060, 0x00000240fe51bf40, 0x00000240fdaad070, 0x00000240fdb21ab0,
0x00000240fdb22140, 0x00000240fdb20700, 0x00000240fdb227d0, 0x00000240fdb22e60,
0x00000240ff8bbe30, 0x00000240ff8bb110, 0x00000240ff8bc4c0, 0x00000240ff8ba3f0,
0x00000240ff8bb7a0, 0x0000024080841c10, 0x00000240ff71d790, 0x00000240ff71eb40,
0x00000240ff71b030, 0x00000240ff720580, 0x00000240ff71f1d0, 0x00000240ff71ca70,
0x00000240ff71fef0, 0x00000240ff721fc0, 0x00000240ff720c10, 0x00000240ff721930,
0x00000240ff8b9d60, 0x00000240ff8baa80, 0x00000240808422a0, 0x0000024080842930,
0x0000024080842fc0, 0x00000240fdb1f9e0, 0x00000240fdb20070, 0x00000240ff71d100,
0x00000240fdb997c0, 0x00000240fdb98aa0, 0x00000240fdb99130, 0x00000240fdb9bf20,
0x00000240fdb9b200, 0x00000240fdb98410, 0x00000240fdb9ab70, 0x00000240fdb9e680,
0x0000024082d7a7b0, 0x000002408262af10, 0x0000024082627400, 0x0000024082628e40,
0x00000240833851f0, 0x0000024083381d70, 0x0000024083383120, 0x0000024083c04060,
0x0000024083c08890, 0x0000024083c0b680
}

Java Threads: ( => current thread )
  0x000002409f473d50 JavaThread "main"                              [_thread_blocked, id=21380, stack(0x000000937b900000,0x000000937ba00000) (1024K)]
  0x00000240b7acaf80 JavaThread "Reference Handler"          daemon [_thread_blocked, id=23512, stack(0x000000937c100000,0x000000937c200000) (1024K)]
  0x00000240b7acdb50 JavaThread "Finalizer"                  daemon [_thread_blocked, id=28096, stack(0x000000937c200000,0x000000937c300000) (1024K)]
  0x00000240b7ace870 JavaThread "Signal Dispatcher"          daemon [_thread_blocked, id=2016, stack(0x000000937c300000,0x000000937c400000) (1024K)]
  0x00000240b7ad02e0 JavaThread "Attach Listener"            daemon [_thread_blocked, id=23840, stack(0x000000937c400000,0x000000937c500000) (1024K)]
  0x00000240b7ad0d40 JavaThread "Service Thread"             daemon [_thread_blocked, id=22472, stack(0x000000937c500000,0x000000937c600000) (1024K)]
  0x00000240b7ad17a0 JavaThread "Monitor Deflation Thread"   daemon [_thread_blocked, id=26260, stack(0x000000937c600000,0x000000937c700000) (1024K)]
  0x00000240b7ad2530 JavaThread "C2 CompilerThread0"         daemon [_thread_blocked, id=3356, stack(0x000000937c700000,0x000000937c800000) (1024K)]
  0x00000240b7b3cf90 JavaThread "C1 CompilerThread0"         daemon [_thread_blocked, id=21772, stack(0x000000937c800000,0x000000937c900000) (1024K)]
  0x00000240b7d69390 JavaThread "Common-Cleaner"             daemon [_thread_blocked, id=26648, stack(0x000000937c900000,0x000000937ca00000) (1024K)]
  0x00000240b7d88250 JavaThread "Notification Thread"        daemon [_thread_blocked, id=29152, stack(0x000000937ca00000,0x000000937cb00000) (1024K)]
  0x00000240b7b832e0 JavaThread "Daemon health stats"               [_thread_blocked, id=8272, stack(0x000000937ce00000,0x000000937cf00000) (1024K)]
  0x00000240fd648060 JavaThread "Incoming local TCP Connector on port 52318"        [_thread_in_native, id=16888, stack(0x000000937cf00000,0x000000937d000000) (1024K)]
  0x00000240fe51bf40 JavaThread "Daemon periodic checks"            [_thread_blocked, id=8580, stack(0x000000937d000000,0x000000937d100000) (1024K)]
  0x00000240fdaad070 JavaThread "Daemon"                            [_thread_blocked, id=16076, stack(0x000000937d100000,0x000000937d200000) (1024K)]
  0x00000240fdb21ab0 JavaThread "Daemon worker"                     [_thread_blocked, id=12040, stack(0x000000937d400000,0x000000937d500000) (1024K)]
  0x00000240fdb22140 JavaThread "Cache worker for journal cache (C:\Users\u\.gradle\caches\journal-1)"        [_thread_blocked, id=27772, stack(0x000000937d800000,0x000000937d900000) (1024K)]
  0x00000240fdb20700 JavaThread "File lock request listener"        [_thread_in_native, id=6884, stack(0x000000937d900000,0x000000937da00000) (1024K)]
  0x00000240fdb227d0 JavaThread "File lock release action executor"        [_thread_blocked, id=25520, stack(0x000000937da00000,0x000000937db00000) (1024K)]
  0x00000240fdb22e60 JavaThread "Cache worker for file hash cache (C:\Users\u\.gradle\caches\8.12\fileHashes)"        [_thread_blocked, id=18940, stack(0x000000937db00000,0x000000937dc00000) (1024K)]
  0x00000240ff8bbe30 JavaThread "File watcher server"        daemon [_thread_in_native, id=24996, stack(0x000000937de00000,0x000000937df00000) (1024K)]
  0x00000240ff8bb110 JavaThread "File watcher consumer"      daemon [_thread_blocked, id=7292, stack(0x000000937df00000,0x000000937e000000) (1024K)]
  0x00000240ff8bc4c0 JavaThread "jar transforms"                    [_thread_blocked, id=14140, stack(0x000000937e000000,0x000000937e100000) (1024K)]
  0x00000240ff8ba3f0 JavaThread "jar transforms Thread 2"           [_thread_blocked, id=20332, stack(0x000000937b700000,0x000000937b800000) (1024K)]
  0x00000240ff8bb7a0 JavaThread "Cache worker for file content cache (C:\Users\u\.gradle\caches\8.12\fileContent)"        [_thread_blocked, id=29056, stack(0x000000937e100000,0x000000937e200000) (1024K)]
  0x0000024080841c10 JavaThread "jar transforms Thread 3"           [_thread_blocked, id=19292, stack(0x000000937e200000,0x000000937e300000) (1024K)]
  0x00000240ff71d790 JavaThread "Memory manager"                    [_thread_blocked, id=19528, stack(0x000000937e900000,0x000000937ea00000) (1024K)]
  0x00000240ff71eb40 JavaThread "Handler for socket connection from /127.0.0.1:52318 to /127.0.0.1:52592"        [_thread_in_native, id=8252, stack(0x000000937d200000,0x000000937d300000) (1024K)]
  0x00000240ff71b030 JavaThread "Cancel handler"                    [_thread_blocked, id=22300, stack(0x000000937d300000,0x000000937d400000) (1024K)]
  0x00000240ff720580 JavaThread "Asynchronous log dispatcher for DefaultDaemonConnection: socket connection from /127.0.0.1:52318 to /127.0.0.1:52592"        [_thread_blocked, id=24172, stack(0x000000937d500000,0x000000937d600000) (1024K)]
  0x00000240ff71f1d0 JavaThread "Stdin handler"                     [_thread_blocked, id=12216, stack(0x000000937d600000,0x000000937d700000) (1024K)]
  0x00000240ff71ca70 JavaThread "Daemon client event forwarder"        [_thread_blocked, id=17828, stack(0x000000937d700000,0x000000937d800000) (1024K)]
  0x00000240ff71fef0 JavaThread "Cache worker for file hash cache (C:\farm\android\.gradle\8.12\fileHashes)"        [_thread_blocked, id=15876, stack(0x000000937dc00000,0x000000937dd00000) (1024K)]
  0x00000240ff721fc0 JavaThread "Cache worker for Build Output Cleanup Cache (C:\farm\android\.gradle\buildOutputCleanup)"        [_thread_blocked, id=27884, stack(0x000000937dd00000,0x000000937de00000) (1024K)]
  0x00000240ff720c10 JavaThread "Cache worker for checksums cache (C:\farm\android\.gradle\8.12\checksums)"        [_thread_blocked, id=27608, stack(0x000000937e300000,0x000000937e400000) (1024K)]
  0x00000240ff721930 JavaThread "Cache worker for cache directory md-rule (C:\Users\u\.gradle\caches\8.12\md-rule)"        [_thread_blocked, id=22652, stack(0x000000937e400000,0x000000937e500000) (1024K)]
  0x00000240ff8b9d60 JavaThread "Cache worker for cache directory md-supplier (C:\Users\u\.gradle\caches\8.12\md-supplier)"        [_thread_blocked, id=5924, stack(0x000000937e500000,0x000000937e600000) (1024K)]
  0x00000240ff8baa80 JavaThread "Cache worker for Build Output Cleanup Cache (C:\flutter\packages\flutter_tools\gradle\.gradle\buildOutputCleanup)"        [_thread_blocked, id=24772, stack(0x000000937e600000,0x000000937e700000) (1024K)]
  0x00000240808422a0 JavaThread "Unconstrained build operations"        [_thread_blocked, id=22140, stack(0x000000937e700000,0x000000937e800000) (1024K)]
  0x0000024080842930 JavaThread "Unconstrained build operations Thread 2"        [_thread_blocked, id=18228, stack(0x000000937e800000,0x000000937e900000) (1024K)]
  0x0000024080842fc0 JavaThread "build event listener"              [_thread_blocked, id=19644, stack(0x000000937ea00000,0x000000937eb00000) (1024K)]
  0x00000240fdb1f9e0 JavaThread "Execution worker"                  [_thread_blocked, id=22304, stack(0x000000937eb00000,0x000000937ec00000) (1024K)]
  0x00000240fdb20070 JavaThread "Cache worker for execution history cache (C:\flutter\packages\flutter_tools\gradle\.gradle\8.12\executionHistory)"        [_thread_blocked, id=21884, stack(0x000000937ec00000,0x000000937ed00000) (1024K)]
  0x00000240ff71d100 JavaThread "Unconstrained build operations Thread 3"        [_thread_blocked, id=22908, stack(0x000000937ee00000,0x000000937ef00000) (1024K)]
  0x00000240fdb997c0 JavaThread "Unconstrained build operations Thread 4"        [_thread_blocked, id=13520, stack(0x000000937ef00000,0x000000937f000000) (1024K)]
  0x00000240fdb98aa0 JavaThread "Unconstrained build operations Thread 5"        [_thread_blocked, id=12680, stack(0x000000937f000000,0x000000937f100000) (1024K)]
  0x00000240fdb99130 JavaThread "Unconstrained build operations Thread 6"        [_thread_blocked, id=28016, stack(0x000000937f100000,0x000000937f200000) (1024K)]
  0x00000240fdb9bf20 JavaThread "Unconstrained build operations Thread 7"        [_thread_blocked, id=19280, stack(0x000000937f200000,0x000000937f300000) (1024K)]
  0x00000240fdb9b200 JavaThread "Unconstrained build operations Thread 8"        [_thread_blocked, id=27136, stack(0x000000937f300000,0x000000937f400000) (1024K)]
  0x00000240fdb98410 JavaThread "Unconstrained build operations Thread 9"        [_thread_blocked, id=19736, stack(0x000000937f400000,0x000000937f500000) (1024K)]
  0x00000240fdb9ab70 JavaThread "jar transforms Thread 4"           [_thread_blocked, id=7072, stack(0x000000937b800000,0x000000937b900000) (1024K)]
  0x00000240fdb9e680 JavaThread "build event listener"              [_thread_blocked, id=21432, stack(0x000000937ed00000,0x000000937ee00000) (1024K)]
  0x0000024082d7a7b0 JavaThread "Problems report writer"            [_thread_blocked, id=28012, stack(0x000000937f500000,0x000000937f600000) (1024K)]
  0x000002408262af10 JavaThread "Unconstrained build operations Thread 10"        [_thread_blocked, id=18140, stack(0x000000937f600000,0x000000937f700000) (1024K)]
  0x0000024082627400 JavaThread "Unconstrained build operations Thread 11"        [_thread_blocked, id=24704, stack(0x000000937f700000,0x000000937f800000) (1024K)]
  0x0000024082628e40 JavaThread "Unconstrained build operations Thread 12"        [_thread_blocked, id=3512, stack(0x000000937f800000,0x000000937f900000) (1024K)]
  0x00000240833851f0 JavaThread "Unconstrained build operations Thread 13"        [_thread_blocked, id=29244, stack(0x000000937f900000,0x000000937fa00000) (1024K)]
  0x0000024083381d70 JavaThread "Unconstrained build operations Thread 14"        [_thread_blocked, id=4928, stack(0x000000937fa00000,0x000000937fb00000) (1024K)]
  0x0000024083383120 JavaThread "Unconstrained build operations Thread 15"        [_thread_blocked, id=4036, stack(0x000000937fb00000,0x000000937fc00000) (1024K)]
  0x0000024083c04060 JavaThread "Unconstrained build operations Thread 16"        [_thread_blocked, id=23460, stack(0x000000937fc00000,0x000000937fd00000) (1024K)]
  0x0000024083c08890 JavaThread "Unconstrained build operations Thread 17"        [_thread_blocked, id=20800, stack(0x000000937fd00000,0x000000937fe00000) (1024K)]
  0x0000024083c0b680 JavaThread "Unconstrained build operations Thread 18"        [_thread_blocked, id=28432, stack(0x000000937fe00000,0x000000937ff00000) (1024K)]
Total: 62

Other Threads:
=>0x00000240b7aa89a0 VMThread "VM Thread"                           [id=25936, stack(0x000000937c000000,0x000000937c100000) (1024K)]
  0x00000240b7a987e0 WatcherThread "VM Periodic Task Thread"        [id=24228, stack(0x000000937bf00000,0x000000937c000000) (1024K)]
  0x00000240a16552d0 WorkerThread "GC Thread#0"                     [id=9164, stack(0x000000937ba00000,0x000000937bb00000) (1024K)]
  0x00000240b7dea680 WorkerThread "GC Thread#1"                     [id=5216, stack(0x000000937cb00000,0x000000937cc00000) (1024K)]
  0x00000240b7deaa30 WorkerThread "GC Thread#2"                     [id=17492, stack(0x000000937cc00000,0x000000937cd00000) (1024K)]
  0x00000240b7bc9000 WorkerThread "GC Thread#3"                     [id=3544, stack(0x000000937cd00000,0x000000937ce00000) (1024K)]
  0x00000240a16622c0 ConcurrentGCThread "G1 Main Marker"            [id=4188, stack(0x000000937bb00000,0x000000937bc00000) (1024K)]
  0x00000240a1662dd0 WorkerThread "G1 Conc#0"                       [id=26740, stack(0x000000937bc00000,0x000000937bd00000) (1024K)]
  0x00000240b79614a0 ConcurrentGCThread "G1 Refine#0"               [id=24892, stack(0x000000937bd00000,0x000000937be00000) (1024K)]
  0x00000240a16db4a0 ConcurrentGCThread "G1 Service"                [id=22900, stack(0x000000937be00000,0x000000937bf00000) (1024K)]
Total: 10

Threads with active compile tasks:
Total: 0

VM state: at safepoint (normal execution)

VM Mutex/Monitor currently owned by a thread:  ([mutex/lock_event])
[0x00007ff823d9f570] Threads_lock - owner thread: 0x00000240b7aa89a0
[0x00007ff823d9f670] Heap_lock - owner thread: 0x00000240a16622c0

Heap address: 0x00000000a0000000, size: 1536 MB, Compressed Oops mode: 32-bit

CDS archive(s) mapped at: [0x00000240b8000000-0x00000240b8ba0000-0x00000240b8ba0000), size 12189696, SharedBaseAddress: 0x00000240b8000000, ArchiveRelocationMode: 1.
Compressed class space mapped at: 0x00000240b9000000-0x00000240f9000000, reserved size: 1073741824
Narrow klass base: 0x00000240b8000000, Narrow klass shift: 0, Narrow klass range: 0x100000000

GC Precious Log:
 CardTable entry size: 512
 Card Set container configuration: InlinePtr #cards 5 size 8 Array Of Cards #cards 12 size 40 Howl #buckets 4 coarsen threshold 1843 Howl Bitmap #cards 512 size 80 coarsen threshold 460 Card regions per heap region 1 cards per card region 2048
 CPUs: 4 total, 4 available
 Memory: 8072M
 Large Page Support: Disabled
 NUMA Support: Disabled
 Compressed Oops: Enabled (32-bit)
 Heap Region Size: 1M
 Heap Min Capacity: 8M
 Heap Initial Capacity: 128M
 Heap Max Capacity: 1536M
 Pre-touch: Disabled
 Parallel Workers: 4
 Concurrent Workers: 1
 Concurrent Refinement Workers: 4
 Periodic GC: Disabled

Heap:
 garbage-first heap   total 252928K, used 197372K [0x00000000a0000000, 0x0000000100000000)
  region size 1024K, 32 young (32768K), 6 survivors (6144K)
 Metaspace       used 111542K, committed 114176K, reserved 1179648K
  class space    used 15802K, committed 17024K, reserved 1048576K

Heap Regions: E=young(eden), S=young(survivor), O=old, HS=humongous(starts), HC=humongous(continues), CS=collection set, F=free, TAMS=top-at-mark-start, PB=parsable bottom
|   0|0x00000000a0000000, 0x00000000a0100000, 0x00000000a0100000|100%|HS|  |TAMS 0x00000000a0100000| PB 0x00000000a0000000| Complete 
|   1|0x00000000a0100000, 0x00000000a0200000, 0x00000000a0200000|100%|HC|  |TAMS 0x00000000a0200000| PB 0x00000000a0100000| Complete 
|   2|0x00000000a0200000, 0x00000000a0300000, 0x00000000a0300000|100%|HC|  |TAMS 0x00000000a0300000| PB 0x00000000a0200000| Complete 
|   3|0x00000000a0300000, 0x00000000a0400000, 0x00000000a0400000|100%| O|  |TAMS 0x00000000a0400000| PB 0x00000000a0400000| Untracked 
|   4|0x00000000a0400000, 0x00000000a0500000, 0x00000000a0500000|100%| O|  |TAMS 0x00000000a0500000| PB 0x00000000a0500000| Untracked 
|   5|0x00000000a0500000, 0x00000000a0600000, 0x00000000a0600000|100%| O|  |TAMS 0x00000000a0600000| PB 0x00000000a0600000| Untracked 
|   6|0x00000000a0600000, 0x00000000a0700000, 0x00000000a0700000|100%| O|  |TAMS 0x00000000a0700000| PB 0x00000000a0700000| Untracked 
|   7|0x00000000a0700000, 0x00000000a0800000, 0x00000000a0800000|100%|HS|  |TAMS 0x00000000a0800000| PB 0x00000000a0700000| Complete 
|   8|0x00000000a0800000, 0x00000000a0900000, 0x00000000a0900000|100%| O|  |TAMS 0x00000000a0900000| PB 0x00000000a0900000| Untracked 
|   9|0x00000000a0900000, 0x00000000a0a00000, 0x00000000a0a00000|100%| O|  |TAMS 0x00000000a0a00000| PB 0x00000000a0a00000| Untracked 
|  10|0x00000000a0a00000, 0x00000000a0b00000, 0x00000000a0b00000|100%| O|  |TAMS 0x00000000a0b00000| PB 0x00000000a0b00000| Untracked 
|  11|0x00000000a0b00000, 0x00000000a0c00000, 0x00000000a0c00000|100%| O|  |TAMS 0x00000000a0c00000| PB 0x00000000a0c00000| Untracked 
|  12|0x00000000a0c00000, 0x00000000a0d00000, 0x00000000a0d00000|100%| O|  |TAMS 0x00000000a0d00000| PB 0x00000000a0d00000| Untracked 
|  13|0x00000000a0d00000, 0x00000000a0e00000, 0x00000000a0e00000|100%| O|  |TAMS 0x00000000a0e00000| PB 0x00000000a0e00000| Untracked 
|  14|0x00000000a0e00000, 0x00000000a0f00000, 0x00000000a0f00000|100%| O|  |TAMS 0x00000000a0f00000| PB 0x00000000a0f00000| Updating 
|  15|0x00000000a0f00000, 0x00000000a1000000, 0x00000000a1000000|100%| O|  |TAMS 0x00000000a1000000| PB 0x00000000a1000000| Untracked 
|  16|0x00000000a1000000, 0x00000000a1100000, 0x00000000a1100000|100%| O|  |TAMS 0x00000000a1100000| PB 0x00000000a1100000| Untracked 
|  17|0x00000000a1100000, 0x00000000a1200000, 0x00000000a1200000|100%| O|  |TAMS 0x00000000a1200000| PB 0x00000000a1200000| Untracked 
|  18|0x00000000a1200000, 0x00000000a1300000, 0x00000000a1300000|100%| O|  |TAMS 0x00000000a1300000| PB 0x00000000a1300000| Untracked 
|  19|0x00000000a1300000, 0x00000000a1400000, 0x00000000a1400000|100%| O|  |TAMS 0x00000000a1400000| PB 0x00000000a1400000| Untracked 
|  20|0x00000000a1400000, 0x00000000a1500000, 0x00000000a1500000|100%| O|  |TAMS 0x00000000a1500000| PB 0x00000000a1500000| Untracked 
|  21|0x00000000a1500000, 0x00000000a1600000, 0x00000000a1600000|100%| O|  |TAMS 0x00000000a1600000| PB 0x00000000a1600000| Untracked 
|  22|0x00000000a1600000, 0x00000000a1700000, 0x00000000a1700000|100%| O|  |TAMS 0x00000000a1700000| PB 0x00000000a1700000| Untracked 
|  23|0x00000000a1700000, 0x00000000a1800000, 0x00000000a1800000|100%| O|  |TAMS 0x00000000a1800000| PB 0x00000000a1800000| Untracked 
|  24|0x00000000a1800000, 0x00000000a1900000, 0x00000000a1900000|100%| O|  |TAMS 0x00000000a1900000| PB 0x00000000a1900000| Updating 
|  25|0x00000000a1900000, 0x00000000a1a00000, 0x00000000a1a00000|100%| O|  |TAMS 0x00000000a1a00000| PB 0x00000000a1a00000| Updating 
|  26|0x00000000a1a00000, 0x00000000a1b00000, 0x00000000a1b00000|100%| O|  |TAMS 0x00000000a1b00000| PB 0x00000000a1b00000| Untracked 
|  27|0x00000000a1b00000, 0x00000000a1c00000, 0x00000000a1c00000|100%| O|  |TAMS 0x00000000a1c00000| PB 0x00000000a1c00000| Untracked 
|  28|0x00000000a1c00000, 0x00000000a1d00000, 0x00000000a1d00000|100%| O|  |TAMS 0x00000000a1d00000| PB 0x00000000a1d00000| Untracked 
|  29|0x00000000a1d00000, 0x00000000a1e00000, 0x00000000a1e00000|100%| O|  |TAMS 0x00000000a1e00000| PB 0x00000000a1e00000| Untracked 
|  30|0x00000000a1e00000, 0x00000000a1f00000, 0x00000000a1f00000|100%| O|  |TAMS 0x00000000a1f00000| PB 0x00000000a1f00000| Untracked 
|  31|0x00000000a1f00000, 0x00000000a2000000, 0x00000000a2000000|100%| O|  |TAMS 0x00000000a2000000| PB 0x00000000a2000000| Untracked 
|  32|0x00000000a2000000, 0x00000000a2100000, 0x00000000a2100000|100%| O|  |TAMS 0x00000000a2100000| PB 0x00000000a2100000| Untracked 
|  33|0x00000000a2100000, 0x00000000a2200000, 0x00000000a2200000|100%| O|  |TAMS 0x00000000a2200000| PB 0x00000000a2200000| Untracked 
|  34|0x00000000a2200000, 0x00000000a2300000, 0x00000000a2300000|100%| O|  |TAMS 0x00000000a2300000| PB 0x00000000a2300000| Untracked 
|  35|0x00000000a2300000, 0x00000000a2400000, 0x00000000a2400000|100%| O|  |TAMS 0x00000000a2400000| PB 0x00000000a2400000| Updating 
|  36|0x00000000a2400000, 0x00000000a2500000, 0x00000000a2500000|100%| O|  |TAMS 0x00000000a2500000| PB 0x00000000a2500000| Updating 
|  37|0x00000000a2500000, 0x00000000a2600000, 0x00000000a2600000|100%|HS|  |TAMS 0x00000000a2600000| PB 0x00000000a2500000| Complete 
|  38|0x00000000a2600000, 0x00000000a2700000, 0x00000000a2700000|100%|HC|  |TAMS 0x00000000a2700000| PB 0x00000000a2600000| Complete 
|  39|0x00000000a2700000, 0x00000000a2800000, 0x00000000a2800000|100%| O|  |TAMS 0x00000000a2800000| PB 0x00000000a2800000| Untracked 
|  40|0x00000000a2800000, 0x00000000a2900000, 0x00000000a2900000|100%| O|  |TAMS 0x00000000a2900000| PB 0x00000000a2900000| Untracked 
|  41|0x00000000a2900000, 0x00000000a2a00000, 0x00000000a2a00000|100%| O|  |TAMS 0x00000000a2a00000| PB 0x00000000a2a00000| Untracked 
|  42|0x00000000a2a00000, 0x00000000a2b00000, 0x00000000a2b00000|100%| O|  |TAMS 0x00000000a2b00000| PB 0x00000000a2b00000| Untracked 
|  43|0x00000000a2b00000, 0x00000000a2c00000, 0x00000000a2c00000|100%|HS|  |TAMS 0x00000000a2c00000| PB 0x00000000a2b00000| Complete 
|  44|0x00000000a2c00000, 0x00000000a2d00000, 0x00000000a2d00000|100%|HC|  |TAMS 0x00000000a2d00000| PB 0x00000000a2c00000| Complete 
|  45|0x00000000a2d00000, 0x00000000a2e00000, 0x00000000a2e00000|100%| O|  |TAMS 0x00000000a2e00000| PB 0x00000000a2e00000| Untracked 
|  46|0x00000000a2e00000, 0x00000000a2f00000, 0x00000000a2f00000|100%| O|  |TAMS 0x00000000a2f00000| PB 0x00000000a2f00000| Untracked 
|  47|0x00000000a2f00000, 0x00000000a3000000, 0x00000000a3000000|100%| O|  |TAMS 0x00000000a3000000| PB 0x00000000a3000000| Untracked 
|  48|0x00000000a3000000, 0x00000000a3100000, 0x00000000a3100000|100%|HS|  |TAMS 0x00000000a3100000| PB 0x00000000a3000000| Complete 
|  49|0x00000000a3100000, 0x00000000a3200000, 0x00000000a3200000|100%|HC|  |TAMS 0x00000000a3200000| PB 0x00000000a3100000| Complete 
|  50|0x00000000a3200000, 0x00000000a3300000, 0x00000000a3300000|100%|HC|  |TAMS 0x00000000a3300000| PB 0x00000000a3200000| Complete 
|  51|0x00000000a3300000, 0x00000000a3400000, 0x00000000a3400000|100%| O|  |TAMS 0x00000000a3400000| PB 0x00000000a3400000| Updating 
|  52|0x00000000a3400000, 0x00000000a3500000, 0x00000000a3500000|100%| O|  |TAMS 0x00000000a3500000| PB 0x00000000a3500000| Untracked 
|  53|0x00000000a3500000, 0x00000000a3600000, 0x00000000a3600000|100%| O|  |TAMS 0x00000000a3600000| PB 0x00000000a3600000| Untracked 
|  54|0x00000000a3600000, 0x00000000a3700000, 0x00000000a3700000|100%| O|  |TAMS 0x00000000a3700000| PB 0x00000000a3700000| Untracked 
|  55|0x00000000a3700000, 0x00000000a3800000, 0x00000000a3800000|100%| O|  |TAMS 0x00000000a3800000| PB 0x00000000a3800000| Updating 
|  56|0x00000000a3800000, 0x00000000a3900000, 0x00000000a3900000|100%| O|  |TAMS 0x00000000a3900000| PB 0x00000000a3900000| Updating 
|  57|0x00000000a3900000, 0x00000000a3a00000, 0x00000000a3a00000|100%|HS|  |TAMS 0x00000000a3a00000| PB 0x00000000a3900000| Complete 
|  58|0x00000000a3a00000, 0x00000000a3b00000, 0x00000000a3b00000|100%|HC|  |TAMS 0x00000000a3b00000| PB 0x00000000a3a00000| Complete 
|  59|0x00000000a3b00000, 0x00000000a3c00000, 0x00000000a3c00000|100%|HC|  |TAMS 0x00000000a3c00000| PB 0x00000000a3b00000| Complete 
|  60|0x00000000a3c00000, 0x00000000a3d00000, 0x00000000a3d00000|100%| O|  |TAMS 0x00000000a3d00000| PB 0x00000000a3d00000| Untracked 
|  61|0x00000000a3d00000, 0x00000000a3e00000, 0x00000000a3e00000|100%| O|  |TAMS 0x00000000a3e00000| PB 0x00000000a3e00000| Updating 
|  62|0x00000000a3e00000, 0x00000000a3f00000, 0x00000000a3f00000|100%| O|  |TAMS 0x00000000a3f00000| PB 0x00000000a3f00000| Updating 
|  63|0x00000000a3f00000, 0x00000000a4000000, 0x00000000a4000000|100%|HS|  |TAMS 0x00000000a4000000| PB 0x00000000a3f00000| Complete 
|  64|0x00000000a4000000, 0x00000000a4100000, 0x00000000a4100000|100%| O|  |TAMS 0x00000000a4100000| PB 0x00000000a4100000| Updating 
|  65|0x00000000a4100000, 0x00000000a4200000, 0x00000000a4200000|100%| O|  |TAMS 0x00000000a4200000| PB 0x00000000a4200000| Updating 
|  66|0x00000000a4200000, 0x00000000a4200000, 0x00000000a4300000|  0%| F|  |TAMS 0x00000000a4200000| PB 0x00000000a4200000| Untracked 
|  67|0x00000000a4300000, 0x00000000a4400000, 0x00000000a4400000|100%| O|  |TAMS 0x00000000a4400000| PB 0x00000000a4400000| Untracked 
|  68|0x00000000a4400000, 0x00000000a4500000, 0x00000000a4500000|100%| O|  |TAMS 0x00000000a4500000| PB 0x00000000a4500000| Untracked 
|  69|0x00000000a4500000, 0x00000000a4600000, 0x00000000a4600000|100%| O|  |TAMS 0x00000000a4600000| PB 0x00000000a4600000| Untracked 
|  70|0x00000000a4600000, 0x00000000a4700000, 0x00000000a4700000|100%| O|  |TAMS 0x00000000a4700000| PB 0x00000000a4700000| Untracked 
|  71|0x00000000a4700000, 0x00000000a4800000, 0x00000000a4800000|100%|HS|  |TAMS 0x00000000a4800000| PB 0x00000000a4700000| Complete 
|  72|0x00000000a4800000, 0x00000000a4900000, 0x00000000a4900000|100%| O|  |TAMS 0x00000000a4900000| PB 0x00000000a4900000| Untracked 
|  73|0x00000000a4900000, 0x00000000a4a00000, 0x00000000a4a00000|100%| O|  |TAMS 0x00000000a4a00000| PB 0x00000000a4a00000| Updating 
|  74|0x00000000a4a00000, 0x00000000a4b00000, 0x00000000a4b00000|100%|HS|  |TAMS 0x00000000a4b00000| PB 0x00000000a4a00000| Complete 
|  75|0x00000000a4b00000, 0x00000000a4c00000, 0x00000000a4c00000|100%| O|  |TAMS 0x00000000a4c00000| PB 0x00000000a4c00000| Updating 
|  76|0x00000000a4c00000, 0x00000000a4d00000, 0x00000000a4d00000|100%| O|  |TAMS 0x00000000a4d00000| PB 0x00000000a4d00000| Updating 
|  77|0x00000000a4d00000, 0x00000000a4e00000, 0x00000000a4e00000|100%| O|  |TAMS 0x00000000a4e00000| PB 0x00000000a4e00000| Untracked 
|  78|0x00000000a4e00000, 0x00000000a4f00000, 0x00000000a4f00000|100%|HS|  |TAMS 0x00000000a4f00000| PB 0x00000000a4e00000| Complete 
|  79|0x00000000a4f00000, 0x00000000a5000000, 0x00000000a5000000|100%| O|  |TAMS 0x00000000a5000000| PB 0x00000000a5000000| Updating 
|  80|0x00000000a5000000, 0x00000000a5100000, 0x00000000a5100000|100%|HS|  |TAMS 0x00000000a5100000| PB 0x00000000a5000000| Complete 
|  81|0x00000000a5100000, 0x00000000a5200000, 0x00000000a5200000|100%|HC|  |TAMS 0x00000000a5200000| PB 0x00000000a5100000| Complete 
|  82|0x00000000a5200000, 0x00000000a5300000, 0x00000000a5300000|100%|HS|  |TAMS 0x00000000a5300000| PB 0x00000000a5200000| Complete 
|  83|0x00000000a5300000, 0x00000000a5400000, 0x00000000a5400000|100%|HS|  |TAMS 0x00000000a5400000| PB 0x00000000a5300000| Complete 
|  84|0x00000000a5400000, 0x00000000a5500000, 0x00000000a5500000|100%|HS|  |TAMS 0x00000000a5500000| PB 0x00000000a5400000| Complete 
|  85|0x00000000a5500000, 0x00000000a5600000, 0x00000000a5600000|100%| O|  |TAMS 0x00000000a5600000| PB 0x00000000a5600000| Untracked 
|  86|0x00000000a5600000, 0x00000000a5700000, 0x00000000a5700000|100%|HS|  |TAMS 0x00000000a5700000| PB 0x00000000a5600000| Complete 
|  87|0x00000000a5700000, 0x00000000a5800000, 0x00000000a5800000|100%|HC|  |TAMS 0x00000000a5800000| PB 0x00000000a5700000| Complete 
|  88|0x00000000a5800000, 0x00000000a5900000, 0x00000000a5900000|100%|HS|  |TAMS 0x00000000a5900000| PB 0x00000000a5800000| Complete 
|  89|0x00000000a5900000, 0x00000000a5a00000, 0x00000000a5a00000|100%|HS|  |TAMS 0x00000000a5a00000| PB 0x00000000a5900000| Complete 
|  90|0x00000000a5a00000, 0x00000000a5b00000, 0x00000000a5b00000|100%| O|  |TAMS 0x00000000a5b00000| PB 0x00000000a5b00000| Untracked 
|  91|0x00000000a5b00000, 0x00000000a5c00000, 0x00000000a5c00000|100%| O|  |TAMS 0x00000000a5c00000| PB 0x00000000a5c00000| Untracked 
|  92|0x00000000a5c00000, 0x00000000a5d00000, 0x00000000a5d00000|100%| O|  |TAMS 0x00000000a5d00000| PB 0x00000000a5d00000| Untracked 
|  93|0x00000000a5d00000, 0x00000000a5e00000, 0x00000000a5e00000|100%|HS|  |TAMS 0x00000000a5e00000| PB 0x00000000a5d00000| Complete 
|  94|0x00000000a5e00000, 0x00000000a5f00000, 0x00000000a5f00000|100%| O|  |TAMS 0x00000000a5f00000| PB 0x00000000a5f00000| Untracked 
|  95|0x00000000a5f00000, 0x00000000a6000000, 0x00000000a6000000|100%| O|  |TAMS 0x00000000a6000000| PB 0x00000000a6000000| Untracked 
|  96|0x00000000a6000000, 0x00000000a6100000, 0x00000000a6100000|100%| O|  |TAMS 0x00000000a6100000| PB 0x00000000a6100000| Untracked 
|  97|0x00000000a6100000, 0x00000000a6200000, 0x00000000a6200000|100%| O|  |TAMS 0x00000000a6200000| PB 0x00000000a6200000| Untracked 
|  98|0x00000000a6200000, 0x00000000a6300000, 0x00000000a6300000|100%| O|  |TAMS 0x00000000a6300000| PB 0x00000000a6300000| Untracked 
|  99|0x00000000a6300000, 0x00000000a6400000, 0x00000000a6400000|100%| O|  |TAMS 0x00000000a6400000| PB 0x00000000a6400000| Untracked 
| 100|0x00000000a6400000, 0x00000000a6500000, 0x00000000a6500000|100%| O|  |TAMS 0x00000000a6500000| PB 0x00000000a6500000| Untracked 
| 101|0x00000000a6500000, 0x00000000a6600000, 0x00000000a6600000|100%| O|  |TAMS 0x00000000a6600000| PB 0x00000000a6600000| Untracked 
| 102|0x00000000a6600000, 0x00000000a6700000, 0x00000000a6700000|100%| O|  |TAMS 0x00000000a6700000| PB 0x00000000a6700000| Updating 
| 103|0x00000000a6700000, 0x00000000a6800000, 0x00000000a6800000|100%| O|  |TAMS 0x00000000a6800000| PB 0x00000000a6800000| Updating 
| 104|0x00000000a6800000, 0x00000000a6900000, 0x00000000a6900000|100%| O|  |TAMS 0x00000000a6900000| PB 0x00000000a6900000| Untracked 
| 105|0x00000000a6900000, 0x00000000a6a00000, 0x00000000a6a00000|100%| O|  |TAMS 0x00000000a6a00000| PB 0x00000000a6a00000| Untracked 
| 106|0x00000000a6a00000, 0x00000000a6b00000, 0x00000000a6b00000|100%| O|  |TAMS 0x00000000a6b00000| PB 0x00000000a6b00000| Untracked 
| 107|0x00000000a6b00000, 0x00000000a6c00000, 0x00000000a6c00000|100%| O|  |TAMS 0x00000000a6c00000| PB 0x00000000a6c00000| Untracked 
| 108|0x00000000a6c00000, 0x00000000a6d00000, 0x00000000a6d00000|100%| O|  |TAMS 0x00000000a6d00000| PB 0x00000000a6d00000| Untracked 
| 109|0x00000000a6d00000, 0x00000000a6e00000, 0x00000000a6e00000|100%| O|  |TAMS 0x00000000a6e00000| PB 0x00000000a6e00000| Untracked 
| 110|0x00000000a6e00000, 0x00000000a6f00000, 0x00000000a6f00000|100%| O|  |TAMS 0x00000000a6f00000| PB 0x00000000a6f00000| Untracked 
| 111|0x00000000a6f00000, 0x00000000a7000000, 0x00000000a7000000|100%| O|  |TAMS 0x00000000a7000000| PB 0x00000000a7000000| Untracked 
| 112|0x00000000a7000000, 0x00000000a7100000, 0x00000000a7100000|100%|HS|  |TAMS 0x00000000a7100000| PB 0x00000000a7000000| Complete 
| 113|0x00000000a7100000, 0x00000000a7200000, 0x00000000a7200000|100%| O|  |TAMS 0x00000000a7200000| PB 0x00000000a7200000| Untracked 
| 114|0x00000000a7200000, 0x00000000a7300000, 0x00000000a7300000|100%| O|  |TAMS 0x00000000a7300000| PB 0x00000000a7300000| Untracked 
| 115|0x00000000a7300000, 0x00000000a7400000, 0x00000000a7400000|100%| O|  |TAMS 0x00000000a7400000| PB 0x00000000a7400000| Untracked 
| 116|0x00000000a7400000, 0x00000000a7500000, 0x00000000a7500000|100%| O|  |TAMS 0x00000000a7500000| PB 0x00000000a7500000| Untracked 
| 117|0x00000000a7500000, 0x00000000a7600000, 0x00000000a7600000|100%| O|  |TAMS 0x00000000a7600000| PB 0x00000000a7600000| Untracked 
| 118|0x00000000a7600000, 0x00000000a7700000, 0x00000000a7700000|100%| O|  |TAMS 0x00000000a7700000| PB 0x00000000a7700000| Untracked 
| 119|0x00000000a7700000, 0x00000000a7800000, 0x00000000a7800000|100%| O|  |TAMS 0x00000000a7800000| PB 0x00000000a7800000| Untracked 
| 120|0x00000000a7800000, 0x00000000a7900000, 0x00000000a7900000|100%| O|  |TAMS 0x00000000a7900000| PB 0x00000000a7900000| Untracked 
| 121|0x00000000a7900000, 0x00000000a7a00000, 0x00000000a7a00000|100%| O|  |TAMS 0x00000000a7a00000| PB 0x00000000a7a00000| Untracked 
| 122|0x00000000a7a00000, 0x00000000a7a00000, 0x00000000a7b00000|  0%| F|  |TAMS 0x00000000a7a00000| PB 0x00000000a7a00000| Untracked 
| 123|0x00000000a7b00000, 0x00000000a7c00000, 0x00000000a7c00000|100%| O|  |TAMS 0x00000000a7c00000| PB 0x00000000a7c00000| Untracked 
| 124|0x00000000a7c00000, 0x00000000a7d00000, 0x00000000a7d00000|100%| O|  |TAMS 0x00000000a7d00000| PB 0x00000000a7d00000| Untracked 
| 125|0x00000000a7d00000, 0x00000000a7d00000, 0x00000000a7e00000|  0%| F|  |TAMS 0x00000000a7d00000| PB 0x00000000a7d00000| Untracked 
| 126|0x00000000a7e00000, 0x00000000a7f00000, 0x00000000a7f00000|100%| O|  |TAMS 0x00000000a7f00000| PB 0x00000000a7f00000| Untracked 
| 127|0x00000000a7f00000, 0x00000000a8000000, 0x00000000a8000000|100%|HS|  |TAMS 0x00000000a8000000| PB 0x00000000a7f00000| Complete 
| 128|0x00000000a8000000, 0x00000000a8100000, 0x00000000a8100000|100%|HS|  |TAMS 0x00000000a8100000| PB 0x00000000a8000000| Complete 
| 129|0x00000000a8100000, 0x00000000a8100000, 0x00000000a8200000|  0%| F|  |TAMS 0x00000000a8100000| PB 0x00000000a8100000| Untracked 
| 130|0x00000000a8200000, 0x00000000a8300000, 0x00000000a8300000|100%| O|  |TAMS 0x00000000a8300000| PB 0x00000000a8300000| Untracked 
| 131|0x00000000a8300000, 0x00000000a8400000, 0x00000000a8400000|100%| O|  |TAMS 0x00000000a8400000| PB 0x00000000a8400000| Untracked 
| 132|0x00000000a8400000, 0x00000000a8500000, 0x00000000a8500000|100%| O|  |TAMS 0x00000000a8500000| PB 0x00000000a8500000| Untracked 
| 133|0x00000000a8500000, 0x00000000a8600000, 0x00000000a8600000|100%| O|  |TAMS 0x00000000a8600000| PB 0x00000000a8600000| Untracked 
| 134|0x00000000a8600000, 0x00000000a8700000, 0x00000000a8700000|100%| O|  |TAMS 0x00000000a8700000| PB 0x00000000a8700000| Untracked 
| 135|0x00000000a8700000, 0x00000000a8800000, 0x00000000a8800000|100%| O|  |TAMS 0x00000000a8800000| PB 0x00000000a8800000| Untracked 
| 136|0x00000000a8800000, 0x00000000a8900000, 0x00000000a8900000|100%| O|  |TAMS 0x00000000a8900000| PB 0x00000000a8900000| Untracked 
| 137|0x00000000a8900000, 0x00000000a8a00000, 0x00000000a8a00000|100%| O|  |TAMS 0x00000000a8a00000| PB 0x00000000a8a00000| Updating 
| 138|0x00000000a8a00000, 0x00000000a8b00000, 0x00000000a8b00000|100%| O|  |TAMS 0x00000000a8b00000| PB 0x00000000a8b00000| Untracked 
| 139|0x00000000a8b00000, 0x00000000a8c00000, 0x00000000a8c00000|100%|HS|  |TAMS 0x00000000a8c00000| PB 0x00000000a8b00000| Complete 
| 140|0x00000000a8c00000, 0x00000000a8d00000, 0x00000000a8d00000|100%|HC|  |TAMS 0x00000000a8d00000| PB 0x00000000a8c00000| Complete 
| 141|0x00000000a8d00000, 0x00000000a8e00000, 0x00000000a8e00000|100%|HC|  |TAMS 0x00000000a8e00000| PB 0x00000000a8d00000| Complete 
| 142|0x00000000a8e00000, 0x00000000a8f00000, 0x00000000a8f00000|100%| O|  |TAMS 0x00000000a8f00000| PB 0x00000000a8f00000| Untracked 
| 143|0x00000000a8f00000, 0x00000000a9000000, 0x00000000a9000000|100%|HS|  |TAMS 0x00000000a9000000| PB 0x00000000a8f00000| Complete 
| 144|0x00000000a9000000, 0x00000000a9100000, 0x00000000a9100000|100%|HC|  |TAMS 0x00000000a9100000| PB 0x00000000a9000000| Complete 
| 145|0x00000000a9100000, 0x00000000a9200000, 0x00000000a9200000|100%| O|  |TAMS 0x00000000a9200000| PB 0x00000000a9200000| Untracked 
| 146|0x00000000a9200000, 0x00000000a9300000, 0x00000000a9300000|100%| O|  |TAMS 0x00000000a9300000| PB 0x00000000a9300000| Untracked 
| 147|0x00000000a9300000, 0x00000000a9400000, 0x00000000a9400000|100%| O|  |TAMS 0x00000000a9400000| PB 0x00000000a9400000| Untracked 
| 148|0x00000000a9400000, 0x00000000a9500000, 0x00000000a9500000|100%| O|  |TAMS 0x00000000a9500000| PB 0x00000000a9500000| Updating 
| 149|0x00000000a9500000, 0x00000000a9600000, 0x00000000a9600000|100%| O|  |TAMS 0x00000000a9600000| PB 0x00000000a9600000| Updating 
| 150|0x00000000a9600000, 0x00000000a9700000, 0x00000000a9700000|100%| O|  |TAMS 0x00000000a9700000| PB 0x00000000a9700000| Untracked 
| 151|0x00000000a9700000, 0x00000000a9800000, 0x00000000a9800000|100%| O|  |TAMS 0x00000000a9800000| PB 0x00000000a9800000| Untracked 
| 152|0x00000000a9800000, 0x00000000a9900000, 0x00000000a9900000|100%| O|  |TAMS 0x00000000a9900000| PB 0x00000000a9900000| Updating 
| 153|0x00000000a9900000, 0x00000000a9a00000, 0x00000000a9a00000|100%| O|  |TAMS 0x00000000a9a00000| PB 0x00000000a9a00000| Untracked 
| 154|0x00000000a9a00000, 0x00000000a9b00000, 0x00000000a9b00000|100%| O|  |TAMS 0x00000000a9b00000| PB 0x00000000a9b00000| Untracked 
| 155|0x00000000a9b00000, 0x00000000a9c00000, 0x00000000a9c00000|100%| O|  |TAMS 0x00000000a9c00000| PB 0x00000000a9c00000| Untracked 
| 156|0x00000000a9c00000, 0x00000000a9d00000, 0x00000000a9d00000|100%| O|  |TAMS 0x00000000a9d00000| PB 0x00000000a9d00000| Untracked 
| 157|0x00000000a9d00000, 0x00000000a9e00000, 0x00000000a9e00000|100%| O|  |TAMS 0x00000000a9e00000| PB 0x00000000a9e00000| Untracked 
| 158|0x00000000a9e00000, 0x00000000a9f00000, 0x00000000a9f00000|100%| O|  |TAMS 0x00000000a9f00000| PB 0x00000000a9f00000| Updating 
| 159|0x00000000a9f00000, 0x00000000a9fbf1c0, 0x00000000aa000000| 74%| O|  |TAMS 0x00000000a9fbf1c0| PB 0x00000000a9fbf1c0| Updating 
| 160|0x00000000aa000000, 0x00000000aa000000, 0x00000000aa100000|  0%| F|  |TAMS 0x00000000aa000000| PB 0x00000000aa000000| Untracked 
| 161|0x00000000aa100000, 0x00000000aa100000, 0x00000000aa200000|  0%| F|  |TAMS 0x00000000aa100000| PB 0x00000000aa100000| Untracked 
| 162|0x00000000aa200000, 0x00000000aa200000, 0x00000000aa300000|  0%| F|  |TAMS 0x00000000aa200000| PB 0x00000000aa200000| Untracked 
| 163|0x00000000aa300000, 0x00000000aa300000, 0x00000000aa400000|  0%| F|  |TAMS 0x00000000aa300000| PB 0x00000000aa300000| Untracked 
| 164|0x00000000aa400000, 0x00000000aa400000, 0x00000000aa500000|  0%| F|  |TAMS 0x00000000aa400000| PB 0x00000000aa400000| Untracked 
| 165|0x00000000aa500000, 0x00000000aa500000, 0x00000000aa600000|  0%| F|  |TAMS 0x00000000aa500000| PB 0x00000000aa500000| Untracked 
| 166|0x00000000aa600000, 0x00000000aa600000, 0x00000000aa700000|  0%| F|  |TAMS 0x00000000aa600000| PB 0x00000000aa600000| Untracked 
| 167|0x00000000aa700000, 0x00000000aa700000, 0x00000000aa800000|  0%| F|  |TAMS 0x00000000aa700000| PB 0x00000000aa700000| Untracked 
| 168|0x00000000aa800000, 0x00000000aa800000, 0x00000000aa900000|  0%| F|  |TAMS 0x00000000aa800000| PB 0x00000000aa800000| Untracked 
| 169|0x00000000aa900000, 0x00000000aa900000, 0x00000000aaa00000|  0%| F|  |TAMS 0x00000000aa900000| PB 0x00000000aa900000| Untracked 
| 170|0x00000000aaa00000, 0x00000000aaa00000, 0x00000000aab00000|  0%| F|  |TAMS 0x00000000aaa00000| PB 0x00000000aaa00000| Untracked 
| 171|0x00000000aab00000, 0x00000000aab00000, 0x00000000aac00000|  0%| F|  |TAMS 0x00000000aab00000| PB 0x00000000aab00000| Untracked 
| 172|0x00000000aac00000, 0x00000000aad00000, 0x00000000aad00000|100%| S|CS|TAMS 0x00000000aac00000| PB 0x00000000aac00000| Complete 
| 173|0x00000000aad00000, 0x00000000aae00000, 0x00000000aae00000|100%| S|CS|TAMS 0x00000000aad00000| PB 0x00000000aad00000| Complete 
| 174|0x00000000aae00000, 0x00000000aaf00000, 0x00000000aaf00000|100%| S|CS|TAMS 0x00000000aae00000| PB 0x00000000aae00000| Complete 
| 175|0x00000000aaf00000, 0x00000000ab000000, 0x00000000ab000000|100%| S|CS|TAMS 0x00000000aaf00000| PB 0x00000000aaf00000| Complete 
| 176|0x00000000ab000000, 0x00000000ab100000, 0x00000000ab100000|100%| S|CS|TAMS 0x00000000ab000000| PB 0x00000000ab000000| Complete 
| 177|0x00000000ab100000, 0x00000000ab200000, 0x00000000ab200000|100%| S|CS|TAMS 0x00000000ab100000| PB 0x00000000ab100000| Complete 
| 178|0x00000000ab200000, 0x00000000ab200000, 0x00000000ab300000|  0%| F|  |TAMS 0x00000000ab200000| PB 0x00000000ab200000| Untracked 
| 179|0x00000000ab300000, 0x00000000ab300000, 0x00000000ab400000|  0%| F|  |TAMS 0x00000000ab300000| PB 0x00000000ab300000| Untracked 
| 180|0x00000000ab400000, 0x00000000ab400000, 0x00000000ab500000|  0%| F|  |TAMS 0x00000000ab400000| PB 0x00000000ab400000| Untracked 
| 181|0x00000000ab500000, 0x00000000ab500000, 0x00000000ab600000|  0%| F|  |TAMS 0x00000000ab500000| PB 0x00000000ab500000| Untracked 
| 182|0x00000000ab600000, 0x00000000ab600000, 0x00000000ab700000|  0%| F|  |TAMS 0x00000000ab600000| PB 0x00000000ab600000| Untracked 
| 183|0x00000000ab700000, 0x00000000ab700000, 0x00000000ab800000|  0%| F|  |TAMS 0x00000000ab700000| PB 0x00000000ab700000| Untracked 
| 184|0x00000000ab800000, 0x00000000ab800000, 0x00000000ab900000|  0%| F|  |TAMS 0x00000000ab800000| PB 0x00000000ab800000| Untracked 
| 185|0x00000000ab900000, 0x00000000ab900000, 0x00000000aba00000|  0%| F|  |TAMS 0x00000000ab900000| PB 0x00000000ab900000| Untracked 
| 186|0x00000000aba00000, 0x00000000aba00000, 0x00000000abb00000|  0%| F|  |TAMS 0x00000000aba00000| PB 0x00000000aba00000| Untracked 
| 187|0x00000000abb00000, 0x00000000abb00000, 0x00000000abc00000|  0%| F|  |TAMS 0x00000000abb00000| PB 0x00000000abb00000| Untracked 
| 188|0x00000000abc00000, 0x00000000abc00000, 0x00000000abd00000|  0%| F|  |TAMS 0x00000000abc00000| PB 0x00000000abc00000| Untracked 
| 189|0x00000000abd00000, 0x00000000abd00000, 0x00000000abe00000|  0%| F|  |TAMS 0x00000000abd00000| PB 0x00000000abd00000| Untracked 
| 190|0x00000000abe00000, 0x00000000abe00000, 0x00000000abf00000|  0%| F|  |TAMS 0x00000000abe00000| PB 0x00000000abe00000| Untracked 
| 191|0x00000000abf00000, 0x00000000abf00000, 0x00000000ac000000|  0%| F|  |TAMS 0x00000000abf00000| PB 0x00000000abf00000| Untracked 
| 192|0x00000000ac000000, 0x00000000ac000000, 0x00000000ac100000|  0%| F|  |TAMS 0x00000000ac000000| PB 0x00000000ac000000| Untracked 
| 193|0x00000000ac100000, 0x00000000ac100000, 0x00000000ac200000|  0%| F|  |TAMS 0x00000000ac100000| PB 0x00000000ac100000| Untracked 
| 194|0x00000000ac200000, 0x00000000ac200000, 0x00000000ac300000|  0%| F|  |TAMS 0x00000000ac200000| PB 0x00000000ac200000| Untracked 
| 195|0x00000000ac300000, 0x00000000ac300000, 0x00000000ac400000|  0%| F|  |TAMS 0x00000000ac300000| PB 0x00000000ac300000| Untracked 
| 196|0x00000000ac400000, 0x00000000ac400000, 0x00000000ac500000|  0%| F|  |TAMS 0x00000000ac400000| PB 0x00000000ac400000| Untracked 
| 197|0x00000000ac500000, 0x00000000ac500000, 0x00000000ac600000|  0%| F|  |TAMS 0x00000000ac500000| PB 0x00000000ac500000| Untracked 
| 198|0x00000000ac600000, 0x00000000ac600000, 0x00000000ac700000|  0%| F|  |TAMS 0x00000000ac600000| PB 0x00000000ac600000| Untracked 
| 199|0x00000000ac700000, 0x00000000ac700000, 0x00000000ac800000|  0%| F|  |TAMS 0x00000000ac700000| PB 0x00000000ac700000| Untracked 
| 200|0x00000000ac800000, 0x00000000ac800000, 0x00000000ac900000|  0%| F|  |TAMS 0x00000000ac800000| PB 0x00000000ac800000| Untracked 
| 201|0x00000000ac900000, 0x00000000ac900000, 0x00000000aca00000|  0%| F|  |TAMS 0x00000000ac900000| PB 0x00000000ac900000| Untracked 
| 202|0x00000000aca00000, 0x00000000aca00000, 0x00000000acb00000|  0%| F|  |TAMS 0x00000000aca00000| PB 0x00000000aca00000| Untracked 
| 203|0x00000000acb00000, 0x00000000acb00000, 0x00000000acc00000|  0%| F|  |TAMS 0x00000000acb00000| PB 0x00000000acb00000| Untracked 
| 204|0x00000000acc00000, 0x00000000acc00000, 0x00000000acd00000|  0%| F|  |TAMS 0x00000000acc00000| PB 0x00000000acc00000| Untracked 
| 205|0x00000000acd00000, 0x00000000acd00000, 0x00000000ace00000|  0%| F|  |TAMS 0x00000000acd00000| PB 0x00000000acd00000| Untracked 
| 206|0x00000000ace00000, 0x00000000ace00000, 0x00000000acf00000|  0%| F|  |TAMS 0x00000000ace00000| PB 0x00000000ace00000| Untracked 
| 207|0x00000000acf00000, 0x00000000acf00000, 0x00000000ad000000|  0%| F|  |TAMS 0x00000000acf00000| PB 0x00000000acf00000| Untracked 
| 208|0x00000000ad000000, 0x00000000ad000000, 0x00000000ad100000|  0%| F|  |TAMS 0x00000000ad000000| PB 0x00000000ad000000| Untracked 
| 209|0x00000000ad100000, 0x00000000ad100000, 0x00000000ad200000|  0%| F|  |TAMS 0x00000000ad100000| PB 0x00000000ad100000| Untracked 
| 210|0x00000000ad200000, 0x00000000ad200000, 0x00000000ad300000|  0%| F|  |TAMS 0x00000000ad200000| PB 0x00000000ad200000| Untracked 
| 211|0x00000000ad300000, 0x00000000ad300000, 0x00000000ad400000|  0%| F|  |TAMS 0x00000000ad300000| PB 0x00000000ad300000| Untracked 
| 212|0x00000000ad400000, 0x00000000ad400000, 0x00000000ad500000|  0%| F|  |TAMS 0x00000000ad400000| PB 0x00000000ad400000| Untracked 
| 213|0x00000000ad500000, 0x00000000ad500000, 0x00000000ad600000|  0%| F|  |TAMS 0x00000000ad500000| PB 0x00000000ad500000| Untracked 
| 214|0x00000000ad600000, 0x00000000ad600000, 0x00000000ad700000|  0%| F|  |TAMS 0x00000000ad600000| PB 0x00000000ad600000| Untracked 
| 215|0x00000000ad700000, 0x00000000ad7f8530, 0x00000000ad800000| 97%| E|  |TAMS 0x00000000ad700000| PB 0x00000000ad700000| Complete 
| 216|0x00000000ad800000, 0x00000000ad900000, 0x00000000ad900000|100%| E|CS|TAMS 0x00000000ad800000| PB 0x00000000ad800000| Complete 
| 217|0x00000000ad900000, 0x00000000ada00000, 0x00000000ada00000|100%| E|CS|TAMS 0x00000000ad900000| PB 0x00000000ad900000| Complete 
| 218|0x00000000ada00000, 0x00000000adb00000, 0x00000000adb00000|100%| E|CS|TAMS 0x00000000ada00000| PB 0x00000000ada00000| Complete 
| 219|0x00000000adb00000, 0x00000000adc00000, 0x00000000adc00000|100%| E|CS|TAMS 0x00000000adb00000| PB 0x00000000adb00000| Complete 
| 220|0x00000000adc00000, 0x00000000add00000, 0x00000000add00000|100%| E|CS|TAMS 0x00000000adc00000| PB 0x00000000adc00000| Complete 
| 221|0x00000000add00000, 0x00000000ade00000, 0x00000000ade00000|100%| E|CS|TAMS 0x00000000add00000| PB 0x00000000add00000| Complete 
| 222|0x00000000ade00000, 0x00000000adf00000, 0x00000000adf00000|100%| E|CS|TAMS 0x00000000ade00000| PB 0x00000000ade00000| Complete 
| 223|0x00000000adf00000, 0x00000000ae000000, 0x00000000ae000000|100%| E|CS|TAMS 0x00000000adf00000| PB 0x00000000adf00000| Complete 
| 224|0x00000000ae000000, 0x00000000ae100000, 0x00000000ae100000|100%| E|CS|TAMS 0x00000000ae000000| PB 0x00000000ae000000| Complete 
| 225|0x00000000ae100000, 0x00000000ae200000, 0x00000000ae200000|100%| E|CS|TAMS 0x00000000ae100000| PB 0x00000000ae100000| Complete 
| 226|0x00000000ae200000, 0x00000000ae300000, 0x00000000ae300000|100%| E|CS|TAMS 0x00000000ae200000| PB 0x00000000ae200000| Complete 
| 227|0x00000000ae300000, 0x00000000ae400000, 0x00000000ae400000|100%| E|CS|TAMS 0x00000000ae300000| PB 0x00000000ae300000| Complete 
| 228|0x00000000ae400000, 0x00000000ae500000, 0x00000000ae500000|100%| E|CS|TAMS 0x00000000ae400000| PB 0x00000000ae400000| Complete 
| 229|0x00000000ae500000, 0x00000000ae600000, 0x00000000ae600000|100%| E|CS|TAMS 0x00000000ae500000| PB 0x00000000ae500000| Complete 
| 230|0x00000000ae600000, 0x00000000ae700000, 0x00000000ae700000|100%| E|CS|TAMS 0x00000000ae600000| PB 0x00000000ae600000| Complete 
| 231|0x00000000ae700000, 0x00000000ae800000, 0x00000000ae800000|100%| E|CS|TAMS 0x00000000ae700000| PB 0x00000000ae700000| Complete 
| 232|0x00000000ae800000, 0x00000000ae900000, 0x00000000ae900000|100%| E|CS|TAMS 0x00000000ae800000| PB 0x00000000ae800000| Complete 
| 233|0x00000000ae900000, 0x00000000aea00000, 0x00000000aea00000|100%| E|CS|TAMS 0x00000000ae900000| PB 0x00000000ae900000| Complete 
| 234|0x00000000aea00000, 0x00000000aeb00000, 0x00000000aeb00000|100%| E|CS|TAMS 0x00000000aea00000| PB 0x00000000aea00000| Complete 
| 235|0x00000000aeb00000, 0x00000000aec00000, 0x00000000aec00000|100%| E|CS|TAMS 0x00000000aeb00000| PB 0x00000000aeb00000| Complete 
| 236|0x00000000aec00000, 0x00000000aed00000, 0x00000000aed00000|100%| E|CS|TAMS 0x00000000aec00000| PB 0x00000000aec00000| Complete 
| 237|0x00000000aed00000, 0x00000000aee00000, 0x00000000aee00000|100%| E|CS|TAMS 0x00000000aed00000| PB 0x00000000aed00000| Complete 
| 238|0x00000000aee00000, 0x00000000aef00000, 0x00000000aef00000|100%| E|CS|TAMS 0x00000000aee00000| PB 0x00000000aee00000| Complete 
|1528|0x00000000ff800000, 0x00000000ff900000, 0x00000000ff900000|100%| E|CS|TAMS 0x00000000ff800000| PB 0x00000000ff800000| Complete 
|1529|0x00000000ff900000, 0x00000000ffa00000, 0x00000000ffa00000|100%| E|CS|TAMS 0x00000000ff900000| PB 0x00000000ff900000| Complete 
|1530|0x00000000ffa00000, 0x00000000ffb00000, 0x00000000ffb00000|100%| O|  |TAMS 0x00000000ffb00000| PB 0x00000000ffb00000| Updating 
|1531|0x00000000ffb00000, 0x00000000ffc00000, 0x00000000ffc00000|100%| O|  |TAMS 0x00000000ffc00000| PB 0x00000000ffc00000| Updating 
|1532|0x00000000ffc00000, 0x00000000ffd00000, 0x00000000ffd00000|100%| O|  |TAMS 0x00000000ffd00000| PB 0x00000000ffd00000| Untracked 
|1533|0x00000000ffd00000, 0x00000000ffe00000, 0x00000000ffe00000|100%| O|  |TAMS 0x00000000ffe00000| PB 0x00000000ffe00000| Untracked 
|1534|0x00000000ffe00000, 0x00000000fff00000, 0x00000000fff00000|100%| O|  |TAMS 0x00000000fff00000| PB 0x00000000fff00000| Untracked 
|1535|0x00000000fff00000, 0x0000000100000000, 0x0000000100000000|100%| O|  |TAMS 0x0000000100000000| PB 0x0000000100000000| Untracked 

Card table byte_map: [0x00000240b3b20000,0x00000240b3e20000] _byte_map_base: 0x00000240b3620000

Marking Bits: (CMBitMap*) 0x00000240a16559e0
 Bits: [0x00000240b3e20000, 0x00000240b5620000)

Polling page: 0x000002409f420000

Metaspace:

Usage:
  Non-class:     93.50 MB used.
      Class:     15.43 MB used.
       Both:    108.93 MB used.

Virtual space:
  Non-class space:      128.00 MB reserved,      94.88 MB ( 74%) committed,  2 nodes.
      Class space:        1.00 GB reserved,      16.62 MB (  2%) committed,  1 nodes.
             Both:        1.12 GB reserved,     111.50 MB ( 10%) committed. 

Chunk freelists:
   Non-Class:  496.00 KB
       Class:  15.38 MB
        Both:  15.87 MB

MaxMetaspaceSize: unlimited
CompressedClassSpaceSize: 1.00 GB
Initial GC threshold: 21.00 MB
Current GC threshold: 183.38 MB
CDS: on
 - commit_granule_bytes: 65536.
 - commit_granule_words: 8192.
 - virtual_space_node_default_size: 8388608.
 - enlarge_chunks_in_place: 1.
 - use_allocation_guard: 0.


Internal statistics:

num_allocs_failed_limit: 6.
num_arena_births: 4520.
num_arena_deaths: 0.
num_vsnodes_births: 3.
num_vsnodes_deaths: 0.
num_space_committed: 1784.
num_space_uncommitted: 0.
num_chunks_returned_to_freelist: 6.
num_chunks_taken_from_freelist: 9818.
num_chunk_merges: 6.
num_chunk_splits: 6423.
num_chunks_enlarged: 4061.
num_inconsistent_stats: 0.

CodeHeap 'non-profiled nmethods': size=120000Kb used=9334Kb max_used=9347Kb free=110665Kb
 bounds [0x00000240ac2f0000, 0x00000240acc20000, 0x00000240b3820000]
CodeHeap 'profiled nmethods': size=120000Kb used=24694Kb max_used=25109Kb free=95305Kb
 bounds [0x00000240a4820000, 0x00000240a60b0000, 0x00000240abd50000]
CodeHeap 'non-nmethods': size=5760Kb used=2763Kb max_used=2820Kb free=2996Kb
 bounds [0x00000240abd50000, 0x00000240ac020000, 0x00000240ac2f0000]
CodeCache: size=245760Kb, used=36791Kb, max_used=37276Kb, free=208966Kb
 total_blobs=14019, nmethods=13002, adapters=920, full_count=0
Compilation: enabled, stopped_count=0, restarted_count=0

Compilation events (20 events):
Event: 719.188 Thread 0x00000240b7b3cf90 nmethod 15816 0x00000240a6098c10 code [0x00000240a6099100, 0x00000240a609b1f0]
Event: 719.199 Thread 0x00000240b7ad2530 nmethod 15814 0x00000240acc0f390 code [0x00000240acc0f5e0, 0x00000240acc0fcb0]
Event: 719.199 Thread 0x00000240b7ad2530 15815       4       org.gradle.api.internal.artifacts.configurations.DefaultConfiguration::preventIllegalMutation (168 bytes)
Event: 719.210 Thread 0x00000240b7ad2530 nmethod 15815 0x00000240acc10210 code [0x00000240acc10460, 0x00000240acc10ad8]
Event: 719.215 Thread 0x00000240b7b3cf90 15817       3       org.codehaus.groovy.runtime.callsite.PogoMetaClassSite::checkCall (29 bytes)
Event: 719.215 Thread 0x00000240b7b3cf90 nmethod 15817 0x00000240a609bd10 code [0x00000240a609bee0, 0x00000240a609c360]
Event: 719.217 Thread 0x00000240b7b3cf90 15818       3       org.gradle.internal.problems.DefaultProblemLocationAnalyzer::tryGetLocation (51 bytes)
Event: 719.219 Thread 0x00000240b7b3cf90 nmethod 15818 0x00000240a609c490 code [0x00000240a609c680, 0x00000240a609cc78]
Event: 719.229 Thread 0x00000240b7b3cf90 15819   !   3       java.util.concurrent.ConcurrentHashMap::merge (545 bytes)
Event: 719.233 Thread 0x00000240b7b3cf90 nmethod 15819 0x00000240a609ce10 code [0x00000240a609d220, 0x00000240a609f0e8]
Event: 719.233 Thread 0x00000240b7b3cf90 15820   !   3       org.codehaus.groovy.runtime.callsite.PogoMetaClassSite::callCurrent (136 bytes)
Event: 719.235 Thread 0x00000240b7b3cf90 nmethod 15820 0x00000240a60a0110 code [0x00000240a60a0440, 0x00000240a60a1af0]
Event: 719.237 Thread 0x00000240b7b3cf90 15821       3       org.codehaus.groovy.reflection.ReflectionCache::autoboxType (5 bytes)
Event: 719.238 Thread 0x00000240b7b3cf90 nmethod 15821 0x00000240a60a2190 code [0x00000240a60a2360, 0x00000240a60a2738]
Event: 719.238 Thread 0x00000240b7b3cf90 15822       3       org.codehaus.groovy.classgen.asm.util.TypeUtil::autoboxType (23 bytes)
Event: 719.238 Thread 0x00000240b7b3cf90 nmethod 15822 0x00000240a60a2890 code [0x00000240a60a2a60, 0x00000240a60a2de0]
Event: 719.245 Thread 0x00000240b7b3cf90 15823       3       org.gradle.api.internal.plugins.DefaultPluginContainer$1::apply (9 bytes)
Event: 719.246 Thread 0x00000240b7b3cf90 nmethod 15823 0x00000240a60a2f10 code [0x00000240a60a3100, 0x00000240a60a3880]
Event: 719.253 Thread 0x00000240b7b3cf90 15824       3       com.android.build.gradle.internal.dependency.SourceSetManager::getConfigDesc (8 bytes)
Event: 719.256 Thread 0x00000240b7b3cf90 nmethod 15824 0x00000240a60a3a90 code [0x00000240a60a3ea0, 0x00000240a60a5ec8]

GC Heap History (20 events):
Event: 528.142 GC heap before
{Heap before GC invocations=54 (full 0):
 garbage-first heap   total 201728K, used 189440K [0x00000000a0000000, 0x0000000100000000)
  region size 1024K, 72 young (73728K), 7 survivors (7168K)
 Metaspace       used 108346K, committed 110784K, reserved 1179648K
  class space    used 15317K, committed 16512K, reserved 1048576K
}
Event: 528.179 GC heap after
{Heap after GC invocations=55 (full 0):
 garbage-first heap   total 202752K, used 128357K [0x00000000a0000000, 0x0000000100000000)
  region size 1024K, 9 young (9216K), 9 survivors (9216K)
 Metaspace       used 108346K, committed 110784K, reserved 1179648K
  class space    used 15317K, committed 16512K, reserved 1048576K
}
Event: 548.740 GC heap before
{Heap before GC invocations=56 (full 0):
 garbage-first heap   total 215040K, used 188773K [0x00000000a0000000, 0x0000000100000000)
  region size 1024K, 68 young (69632K), 9 survivors (9216K)
 Metaspace       used 108663K, committed 111168K, reserved 1179648K
  class space    used 15348K, committed 16576K, reserved 1048576K
}
Event: 548.768 GC heap after
{Heap after GC invocations=57 (full 0):
 garbage-first heap   total 215040K, used 135805K [0x00000000a0000000, 0x0000000100000000)
  region size 1024K, 7 young (7168K), 7 survivors (7168K)
 Metaspace       used 108663K, committed 111168K, reserved 1179648K
  class space    used 15348K, committed 16576K, reserved 1048576K
}
Event: 564.716 GC heap before
{Heap before GC invocations=57 (full 0):
 garbage-first heap   total 215040K, used 198269K [0x00000000a0000000, 0x0000000100000000)
  region size 1024K, 69 young (70656K), 7 survivors (7168K)
 Metaspace       used 108676K, committed 111232K, reserved 1179648K
  class space    used 15348K, committed 16576K, reserved 1048576K
}
Event: 564.745 GC heap after
{Heap after GC invocations=58 (full 0):
 garbage-first heap   total 215040K, used 136568K [0x00000000a0000000, 0x0000000100000000)
  region size 1024K, 5 young (5120K), 5 survivors (5120K)
 Metaspace       used 108676K, committed 111232K, reserved 1179648K
  class space    used 15348K, committed 16576K, reserved 1048576K
}
Event: 572.384 GC heap before
{Heap before GC invocations=58 (full 0):
 garbage-first heap   total 215040K, used 159096K [0x00000000a0000000, 0x0000000100000000)
  region size 1024K, 28 young (28672K), 5 survivors (5120K)
 Metaspace       used 109035K, committed 111552K, reserved 1179648K
  class space    used 15412K, committed 16640K, reserved 1048576K
}
Event: 572.414 GC heap after
{Heap after GC invocations=59 (full 0):
 garbage-first heap   total 215040K, used 136270K [0x00000000a0000000, 0x0000000100000000)
  region size 1024K, 5 young (5120K), 5 survivors (5120K)
 Metaspace       used 109035K, committed 111552K, reserved 1179648K
  class space    used 15412K, committed 16640K, reserved 1048576K
}
Event: 624.750 GC heap before
{Heap before GC invocations=60 (full 0):
 garbage-first heap   total 234496K, used 202830K [0x00000000a0000000, 0x0000000100000000)
  region size 1024K, 67 young (68608K), 5 survivors (5120K)
 Metaspace       used 110093K, committed 112640K, reserved 1179648K
  class space    used 15605K, committed 16832K, reserved 1048576K
}
Event: 625.159 GC heap after
{Heap after GC invocations=61 (full 0):
 garbage-first heap   total 234496K, used 148013K [0x00000000a0000000, 0x0000000100000000)
  region size 1024K, 9 young (9216K), 9 survivors (9216K)
 Metaspace       used 110093K, committed 112640K, reserved 1179648K
  class space    used 15605K, committed 16832K, reserved 1048576K
}
Event: 637.258 GC heap before
{Heap before GC invocations=61 (full 0):
 garbage-first heap   total 234496K, used 211501K [0x00000000a0000000, 0x0000000100000000)
  region size 1024K, 72 young (73728K), 9 survivors (9216K)
 Metaspace       used 110099K, committed 112640K, reserved 1179648K
  class space    used 15605K, committed 16832K, reserved 1048576K
}
Event: 637.448 GC heap after
{Heap after GC invocations=62 (full 0):
 garbage-first heap   total 234496K, used 150827K [0x00000000a0000000, 0x0000000100000000)
  region size 1024K, 5 young (5120K), 5 survivors (5120K)
 Metaspace       used 110099K, committed 112640K, reserved 1179648K
  class space    used 15605K, committed 16832K, reserved 1048576K
}
Event: 652.334 GC heap before
{Heap before GC invocations=62 (full 0):
 garbage-first heap   total 234496K, used 213291K [0x00000000a0000000, 0x0000000100000000)
  region size 1024K, 67 young (68608K), 5 survivors (5120K)
 Metaspace       used 110099K, committed 112640K, reserved 1179648K
  class space    used 15605K, committed 16832K, reserved 1048576K
}
Event: 652.399 GC heap after
{Heap after GC invocations=63 (full 0):
 garbage-first heap   total 234496K, used 151659K [0x00000000a0000000, 0x0000000100000000)
  region size 1024K, 6 young (6144K), 6 survivors (6144K)
 Metaspace       used 110099K, committed 112640K, reserved 1179648K
  class space    used 15605K, committed 16832K, reserved 1048576K
}
Event: 691.271 GC heap before
{Heap before GC invocations=64 (full 0):
 garbage-first heap   total 252928K, used 223339K [0x00000000a0000000, 0x0000000100000000)
  region size 1024K, 69 young (70656K), 6 survivors (6144K)
 Metaspace       used 111380K, committed 113984K, reserved 1179648K
  class space    used 15789K, committed 17024K, reserved 1048576K
}
Event: 691.336 GC heap after
{Heap after GC invocations=65 (full 0):
 garbage-first heap   total 252928K, used 167267K [0x00000000a0000000, 0x0000000100000000)
  region size 1024K, 9 young (9216K), 9 survivors (9216K)
 Metaspace       used 111380K, committed 113984K, reserved 1179648K
  class space    used 15789K, committed 17024K, reserved 1048576K
}
Event: 703.522 GC heap before
{Heap before GC invocations=65 (full 0):
 garbage-first heap   total 252928K, used 227683K [0x00000000a0000000, 0x0000000100000000)
  region size 1024K, 69 young (70656K), 9 survivors (9216K)
 Metaspace       used 111409K, committed 114048K, reserved 1179648K
  class space    used 15789K, committed 17024K, reserved 1048576K
}
Event: 703.603 GC heap after
{Heap after GC invocations=66 (full 0):
 garbage-first heap   total 252928K, used 170551K [0x00000000a0000000, 0x0000000100000000)
  region size 1024K, 5 young (5120K), 5 survivors (5120K)
 Metaspace       used 111409K, committed 114048K, reserved 1179648K
  class space    used 15789K, committed 17024K, reserved 1048576K
}
Event: 717.045 GC heap before
{Heap before GC invocations=66 (full 0):
 garbage-first heap   total 252928K, used 231991K [0x00000000a0000000, 0x0000000100000000)
  region size 1024K, 65 young (66560K), 5 survivors (5120K)
 Metaspace       used 111410K, committed 114048K, reserved 1179648K
  class space    used 15789K, committed 17024K, reserved 1048576K
}
Event: 717.063 GC heap after
{Heap after GC invocations=67 (full 0):
 garbage-first heap   total 252928K, used 171772K [0x00000000a0000000, 0x0000000100000000)
  region size 1024K, 6 young (6144K), 6 survivors (6144K)
 Metaspace       used 111410K, committed 114048K, reserved 1179648K
  class space    used 15789K, committed 17024K, reserved 1048576K
}

Dll operation events (15 events):
Event: 0.014 Loaded shared library C:\Users\u\.vscode\extensions\redhat.java-1.55.0-win32-x64\jre\21.0.11-win32-x86_64\bin\java.dll
Event: 0.624 Loaded shared library C:\Users\u\.vscode\extensions\redhat.java-1.55.0-win32-x64\jre\21.0.11-win32-x86_64\bin\zip.dll
Event: 0.758 Loaded shared library C:\Users\u\.vscode\extensions\redhat.java-1.55.0-win32-x64\jre\21.0.11-win32-x86_64\bin\instrument.dll
Event: 0.853 Loaded shared library C:\Users\u\.vscode\extensions\redhat.java-1.55.0-win32-x64\jre\21.0.11-win32-x86_64\bin\net.dll
Event: 0.855 Loaded shared library C:\Users\u\.vscode\extensions\redhat.java-1.55.0-win32-x64\jre\21.0.11-win32-x86_64\bin\nio.dll
Event: 0.863 Loaded shared library C:\Users\u\.vscode\extensions\redhat.java-1.55.0-win32-x64\jre\21.0.11-win32-x86_64\bin\zip.dll
Event: 2.967 Loaded shared library C:\Users\u\.vscode\extensions\redhat.java-1.55.0-win32-x64\jre\21.0.11-win32-x86_64\bin\jimage.dll
Event: 4.603 Loaded shared library C:\Users\u\.vscode\extensions\redhat.java-1.55.0-win32-x64\jre\21.0.11-win32-x86_64\bin\verify.dll
Event: 6.451 Loaded shared library C:\Users\u\.gradle\native\1def1411415f61bf3af743bc5b6707747c0891f09f0c88961ee8f79bc544acac\windows-amd64\native-platform.dll
Event: 6.465 Loaded shared library C:\Users\u\.gradle\native\0.2.5\x86_64-windows-gnu\gradle-fileevents.dll
Event: 18.428 Loaded shared library C:\Users\u\.vscode\extensions\redhat.java-1.55.0-win32-x64\jre\21.0.11-win32-x86_64\bin\management.dll
Event: 18.684 Loaded shared library C:\Users\u\.vscode\extensions\redhat.java-1.55.0-win32-x64\jre\21.0.11-win32-x86_64\bin\management_ext.dll
Event: 21.936 Loaded shared library C:\Users\u\.vscode\extensions\redhat.java-1.55.0-win32-x64\jre\21.0.11-win32-x86_64\bin\extnet.dll
Event: 24.129 Loaded shared library C:\Users\u\.vscode\extensions\redhat.java-1.55.0-win32-x64\jre\21.0.11-win32-x86_64\bin\sunmscapi.dll
Event: 34.417 Loaded shared library C:\Users\u\AppData\Local\Temp\native-platform11595245043823028759dir\gradle-fileevents.dll

Deoptimization events (20 events):
Event: 687.325 Thread 0x00000240fdb21ab0 DEOPT PACKING pc=0x00000240ac6cef44 sp=0x000000937d4f81a0
Event: 687.325 Thread 0x00000240fdb21ab0 DEOPT UNPACKING pc=0x00000240abda4422 sp=0x000000937d4f80e8 mode 2
Event: 695.047 Thread 0x00000240fdb21ab0 Uncommon trap: trap_request=0xffffffd6 fr.pc=0x00000240acb43204 relative=0x0000000000000a04
Event: 695.047 Thread 0x00000240fdb21ab0 Uncommon trap: reason=array_check action=maybe_recompile pc=0x00000240acb43204 method=java.util.ComparableTimSort.binarySort([Ljava/lang/Object;III)V @ 183 c2
Event: 695.047 Thread 0x00000240fdb21ab0 DEOPT PACKING pc=0x00000240acb43204 sp=0x000000937d4f8280
Event: 695.048 Thread 0x00000240fdb21ab0 DEOPT UNPACKING pc=0x00000240abda4422 sp=0x000000937d4f8230 mode 2
Event: 695.048 Thread 0x00000240fdb21ab0 Uncommon trap: trap_request=0xffffffd6 fr.pc=0x00000240acb43204 relative=0x0000000000000a04
Event: 695.048 Thread 0x00000240fdb21ab0 Uncommon trap: reason=array_check action=maybe_recompile pc=0x00000240acb43204 method=java.util.ComparableTimSort.binarySort([Ljava/lang/Object;III)V @ 183 c2
Event: 695.048 Thread 0x00000240fdb21ab0 DEOPT PACKING pc=0x00000240acb43204 sp=0x000000937d4f8280
Event: 695.048 Thread 0x00000240fdb21ab0 DEOPT UNPACKING pc=0x00000240abda4422 sp=0x000000937d4f8230 mode 2
Event: 695.089 Thread 0x00000240fdb21ab0 Uncommon trap: trap_request=0xffffff45 fr.pc=0x00000240acb199bc relative=0x000000000000147c
Event: 695.089 Thread 0x00000240fdb21ab0 Uncommon trap: reason=unstable_if action=reinterpret pc=0x00000240acb199bc method=java.util.concurrent.ConcurrentHashMap.computeIfAbsent(Ljava/lang/Object;Ljava/util/function/Function;)Ljava/lang/Object; @ 279 c2
Event: 695.089 Thread 0x00000240fdb21ab0 DEOPT PACKING pc=0x00000240acb199bc sp=0x000000937d4f8390
Event: 695.089 Thread 0x00000240fdb21ab0 DEOPT UNPACKING pc=0x00000240abda4422 sp=0x000000937d4f8310 mode 2
Event: 718.108 Thread 0x00000240ff720580 Uncommon trap: trap_request=0xffffff45 fr.pc=0x00000240ac856354 relative=0x0000000000000554
Event: 718.108 Thread 0x00000240ff720580 Uncommon trap: reason=unstable_if action=reinterpret pc=0x00000240ac856354 method=com.esotericsoftware.kryo.io.Output.writeVarLong(JZ)I @ 55 c2
Event: 718.108 Thread 0x00000240ff720580 DEOPT PACKING pc=0x00000240ac856354 sp=0x000000937d5fefd0
Event: 718.108 Thread 0x00000240ff720580 DEOPT UNPACKING pc=0x00000240abda4422 sp=0x000000937d5fefa0 mode 2
Event: 719.039 Thread 0x00000240fdb21ab0 DEOPT PACKING pc=0x00000240a5bde3e1 sp=0x000000937d4f79b0
Event: 719.039 Thread 0x00000240fdb21ab0 DEOPT UNPACKING pc=0x00000240abda4bc2 sp=0x000000937d4f6ea0 mode 0

Classes loaded (20 events):
Event: 500.899 Loading class jdk/internal/vm/annotation/ForceInline
Event: 500.900 Loading class jdk/internal/vm/annotation/ForceInline done
Event: 501.758 Loading class java/util/regex/Pattern$Caret
Event: 501.764 Loading class java/util/regex/Pattern$Caret done
Event: 510.368 Loading class java/net/Proxy$Type
Event: 510.369 Loading class java/net/Proxy$Type done
Event: 510.850 Loading class java/io/FileReader
Event: 510.861 Loading class java/io/FileReader done
Event: 521.431 Loading class java/beans/ParameterDescriptor
Event: 521.433 Loading class java/beans/ParameterDescriptor done
Event: 524.414 Loading class java/util/Collections$SingletonListBeanInfo
Event: 524.414 Loading class java/util/Collections$SingletonListBeanInfo done
Event: 524.415 Loading class java/util/Collections$SingletonListBeanInfo
Event: 524.415 Loading class java/util/Collections$SingletonListBeanInfo done
Event: 524.415 Loading class java/util/Collections$SingletonListCustomizer
Event: 524.415 Loading class java/util/Collections$SingletonListCustomizer done
Event: 524.416 Loading class java/util/Collections$SingletonListCustomizer
Event: 524.416 Loading class java/util/Collections$SingletonListCustomizer done
Event: 687.051 Loading class sun/reflect/generics/scope/DummyScope
Event: 687.317 Loading class sun/reflect/generics/scope/DummyScope done

Classes unloaded (0 events):
No events

Classes redefined (0 events):
No events

Internal exceptions (20 events):
Event: 603.881 Thread 0x00000240fdb21ab0 Exception <a 'java/lang/ClassNotFoundException'{0x00000000ac5a95b0}: build_6y050fs54j50jg0uwke5vxnmmBeanInfo> (0x00000000ac5a95b0) 
thrown [s\src\hotspot\share\classfile\systemDictionary.cpp, line 313]
Event: 603.883 Thread 0x00000240fdb21ab0 Exception <a 'java/lang/ClassNotFoundException'{0x00000000ac5b0230}: build_6y050fs54j50jg0uwke5vxnmmCustomizer> (0x00000000ac5b0230) 
thrown [s\src\hotspot\share\classfile\systemDictionary.cpp, line 313]
Event: 660.288 Thread 0x00000240fdb21ab0 Exception <a 'java/lang/ClassNotFoundException'{0x00000000ae145bb0}: build_6y050fs54j50jg0uwke5vxnmmBeanInfo> (0x00000000ae145bb0) 
thrown [s\src\hotspot\share\classfile\systemDictionary.cpp, line 313]
Event: 660.291 Thread 0x00000240fdb21ab0 Exception <a 'java/lang/ClassNotFoundException'{0x00000000ae14c7b8}: build_6y050fs54j50jg0uwke5vxnmmCustomizer> (0x00000000ae14c7b8) 
thrown [s\src\hotspot\share\classfile\systemDictionary.cpp, line 313]
Event: 682.480 Thread 0x00000240fdb21ab0 Exception <a 'java/lang/ClassNotFoundException'{0x00000000ace21170}: de/mannodermaus/gradle/plugins/junit5/AndroidJUnitPlatformExtension_DecoratedBeanInfo> (0x00000000ace21170) 
thrown [s\src\hotspot\share\classfile\systemDictionary.cpp, line 313]
Event: 682.482 Thread 0x00000240fdb21ab0 Exception <a 'java/lang/ClassNotFoundException'{0x00000000ace2fb68}: de/mannodermaus/gradle/plugins/junit5/AndroidJUnitPlatformExtensionBeanInfo> (0x00000000ace2fb68) 
thrown [s\src\hotspot\share\classfile\systemDictionary.cpp, line 313]
Event: 682.484 Thread 0x00000240fdb21ab0 Exception <a 'java/lang/ClassNotFoundException'{0x00000000ace3e530}: de/mannodermaus/gradle/plugins/junit5/AndroidJUnitPlatformExtensionCustomizer> (0x00000000ace3e530) 
thrown [s\src\hotspot\share\classfile\systemDictionary.cpp, line 313]
Event: 682.488 Thread 0x00000240fdb21ab0 Exception <a 'java/lang/ClassNotFoundException'{0x00000000ace610b0}: de/mannodermaus/gradle/plugins/junit5/AndroidJUnitPlatformExtension_DecoratedCustomizer> (0x00000000ace610b0) 
thrown [s\src\hotspot\share\classfile\systemDictionary.cpp, line 313]
Event: 682.979 Thread 0x00000240fdb21ab0 Exception <a 'java/lang/ClassNotFoundException'{0x00000000acc39018}: com/android/build/gradle/internal/dsl/LintImpl$AgpDecorated_DecoratedBeanInfo> (0x00000000acc39018) 
thrown [s\src\hotspot\share\classfile\systemDictionary.cpp, line 313]
Event: 682.980 Thread 0x00000240fdb21ab0 Exception <a 'java/lang/ClassNotFoundException'{0x00000000acc46e88}: com/android/build/gradle/internal/dsl/LintImpl$AgpDecoratedBeanInfo> (0x00000000acc46e88) 
thrown [s\src\hotspot\share\classfile\systemDictionary.cpp, line 313]
Event: 682.981 Thread 0x00000240fdb21ab0 Exception <a 'java/lang/ClassNotFoundException'{0x00000000acc54c98}: com/android/build/gradle/internal/dsl/LintImplBeanInfo> (0x00000000acc54c98) 
thrown [s\src\hotspot\share\classfile\systemDictionary.cpp, line 313]
Event: 682.985 Thread 0x00000240fdb21ab0 Exception <a 'java/lang/ClassNotFoundException'{0x00000000acc62b78}: com/android/build/gradle/internal/dsl/LintImplCustomizer> (0x00000000acc62b78) 
thrown [s\src\hotspot\share\classfile\systemDictionary.cpp, line 313]
Event: 682.992 Thread 0x00000240fdb21ab0 Exception <a 'java/lang/ClassNotFoundException'{0x00000000accb18d8}: com/android/build/gradle/internal/dsl/LintImpl$AgpDecoratedCustomizer> (0x00000000accb18d8) 
thrown [s\src\hotspot\share\classfile\systemDictionary.cpp, line 313]
Event: 682.996 Thread 0x00000240fdb21ab0 Exception <a 'java/lang/ClassNotFoundException'{0x00000000acb10ad8}: com/android/build/gradle/internal/dsl/LintImpl$AgpDecorated_DecoratedCustomizer> (0x00000000acb10ad8) 
thrown [s\src\hotspot\share\classfile\systemDictionary.cpp, line 313]
Event: 686.584 Thread 0x00000240fdb21ab0 Implicit null exception at 0x00000240acb037db to 0x00000240acb04230
Event: 687.324 Thread 0x00000240fdb21ab0 Implicit null exception at 0x00000240ac6cd391 to 0x00000240ac6cef14
Event: 688.264 Thread 0x00000240fdb21ab0 Exception <a 'java/lang/ClassNotFoundException'{0x00000000ab6fabf0}: build_4x7dv1k9ss1ewnlmt9tutclq9BeanInfo> (0x00000000ab6fabf0) 
thrown [s\src\hotspot\share\classfile\systemDictionary.cpp, line 313]
Event: 688.280 Thread 0x00000240fdb21ab0 Exception <a 'java/lang/ClassNotFoundException'{0x00000000ab50eea0}: build_4x7dv1k9ss1ewnlmt9tutclq9Customizer> (0x00000000ab50eea0) 
thrown [s\src\hotspot\share\classfile\systemDictionary.cpp, line 313]
Event: 718.497 Thread 0x00000240fdb21ab0 Exception <a 'java/lang/ClassNotFoundException'{0x00000000adbd1388}: build_4x7dv1k9ss1ewnlmt9tutclq9BeanInfo> (0x00000000adbd1388) 
thrown [s\src\hotspot\share\classfile\systemDictionary.cpp, line 313]
Event: 718.498 Thread 0x00000240fdb21ab0 Exception <a 'java/lang/ClassNotFoundException'{0x00000000adbd7f90}: build_4x7dv1k9ss1ewnlmt9tutclq9Customizer> (0x00000000adbd7f90) 
thrown [s\src\hotspot\share\classfile\systemDictionary.cpp, line 313]

ZGC Phase Switch (0 events):
No events

VM Operations (20 events):
Event: 695.374 Executing safepoint VM operation: Cleanup done
Event: 697.400 Executing safepoint VM operation: Cleanup
Event: 697.400 Executing safepoint VM operation: Cleanup done
Event: 703.505 Executing safepoint VM operation: G1CollectForAllocation (G1 Evacuation Pause)
Event: 703.603 Executing safepoint VM operation: G1CollectForAllocation (G1 Evacuation Pause) done
Event: 704.604 Executing safepoint VM operation: Cleanup
Event: 704.604 Executing safepoint VM operation: Cleanup done
Event: 705.617 Executing safepoint VM operation: Cleanup
Event: 705.617 Executing safepoint VM operation: Cleanup done
Event: 707.624 Executing safepoint VM operation: Cleanup
Event: 707.624 Executing safepoint VM operation: Cleanup done
Event: 716.708 Executing safepoint VM operation: Cleanup
Event: 716.708 Executing safepoint VM operation: Cleanup done
Event: 717.045 Executing safepoint VM operation: G1CollectForAllocation (G1 Evacuation Pause)
Event: 717.063 Executing safepoint VM operation: G1CollectForAllocation (G1 Evacuation Pause) done
Event: 718.076 Executing safepoint VM operation: Cleanup
Event: 718.086 Executing safepoint VM operation: Cleanup done
Event: 719.102 Executing safepoint VM operation: Cleanup
Event: 719.105 Executing safepoint VM operation: Cleanup done
Event: 719.264 Executing safepoint VM operation: G1PauseRemark

Memory protections (0 events):
No events

Nmethod flushes (20 events):
Event: 719.294 Thread 0x00000240b7aa89a0 flushing  nmethod 0x00000240a509f390
Event: 719.294 Thread 0x00000240b7aa89a0 flushing  nmethod 0x00000240a5262310
Event: 719.294 Thread 0x00000240b7aa89a0 flushing  nmethod 0x00000240a5284f10
Event: 719.294 Thread 0x00000240b7aa89a0 flushing  nmethod 0x00000240a528b310
Event: 719.294 Thread 0x00000240b7aa89a0 flushing  nmethod 0x00000240a52af390
Event: 719.294 Thread 0x00000240b7aa89a0 flushing  nmethod 0x00000240a52d4810
Event: 719.294 Thread 0x00000240b7aa89a0 flushing  nmethod 0x00000240a52e9e10
Event: 719.294 Thread 0x00000240b7aa89a0 flushing  nmethod 0x00000240a5301810
Event: 719.294 Thread 0x00000240b7aa89a0 flushing  nmethod 0x00000240a56b8190
Event: 719.294 Thread 0x00000240b7aa89a0 flushing  nmethod 0x00000240a577ec90
Event: 719.294 Thread 0x00000240b7aa89a0 flushing  nmethod 0x00000240a57c1690
Event: 719.294 Thread 0x00000240b7aa89a0 flushing  nmethod 0x00000240a5832c90
Event: 719.294 Thread 0x00000240b7aa89a0 flushing  nmethod 0x00000240a59aa990
Event: 719.294 Thread 0x00000240b7aa89a0 flushing  nmethod 0x00000240a59abe90
Event: 719.294 Thread 0x00000240b7aa89a0 flushing  nmethod 0x00000240a59acc90
Event: 719.294 Thread 0x00000240b7aa89a0 flushing  nmethod 0x00000240a5abc490
Event: 719.294 Thread 0x00000240b7aa89a0 flushing  nmethod 0x00000240a5cb0110
Event: 719.295 Thread 0x00000240b7aa89a0 flushing  nmethod 0x00000240a5e06690
Event: 719.295 Thread 0x00000240b7aa89a0 flushing  nmethod 0x00000240a5f6ba90
Event: 719.295 Thread 0x00000240b7aa89a0 flushing  nmethod 0x00000240a5f6e290

Events (20 events):
Event: 355.585 Thread 0x00000240fdb21420 Thread added: 0x00000240ff71d100
Event: 356.081 Thread 0x00000240fdb21420 Thread added: 0x00000240fdb997c0
Event: 356.354 Thread 0x00000240fdb21420 Thread added: 0x00000240fdb98aa0
Event: 358.053 Thread 0x00000240fdb21420 Thread added: 0x00000240fdb99130
Event: 362.119 Thread 0x00000240fdb21ab0 Thread added: 0x00000240fdb9bf20
Event: 369.868 Thread 0x00000240fdb21ab0 Thread added: 0x00000240fdb9b200
Event: 380.983 Thread 0x00000240fdb21ab0 Thread added: 0x00000240fdb98410
Event: 419.111 Thread 0x00000240fdb21420 Thread exited: 0x00000240fdb21420
Event: 422.096 Thread 0x00000240fdb21ab0 Thread added: 0x00000240fdb9ab70
Event: 468.072 Thread 0x00000240fdb21ab0 Thread added: 0x00000240fdb9e680
Event: 488.044 Thread 0x00000240fdb21ab0 Thread added: 0x0000024082d7a7b0
Event: 539.418 Thread 0x00000240fdb21ab0 Thread added: 0x000002408262af10
Event: 541.399 Thread 0x00000240fdb21ab0 Thread added: 0x0000024082627400
Event: 547.649 Thread 0x00000240fdb21ab0 Thread added: 0x0000024082628e40
Event: 613.708 Thread 0x00000240fdb21ab0 Thread added: 0x00000240833851f0
Event: 622.476 Thread 0x00000240fdb21ab0 Thread added: 0x0000024083381d70
Event: 626.433 Thread 0x00000240fdb21ab0 Thread added: 0x0000024083383120
Event: 693.017 Thread 0x00000240fdb21ab0 Thread added: 0x0000024083c04060
Event: 693.368 Thread 0x00000240fdb21ab0 Thread added: 0x0000024083c08890
Event: 695.052 Thread 0x00000240fdb21ab0 Thread added: 0x0000024083c0b680


Dynamic libraries:
0x00007ff66b070000 - 0x00007ff66b07e000 	C:\Users\u\.vscode\extensions\redhat.java-1.55.0-win32-x64\jre\21.0.11-win32-x86_64\bin\java.exe
0x00007ff8b25c0000 - 0x00007ff8b27c9000 	C:\Windows\SYSTEM32\ntdll.dll
0x00007ff8b19c0000 - 0x00007ff8b1a7d000 	C:\Windows\System32\KERNEL32.DLL
0x00007ff8afd40000 - 0x00007ff8b00c4000 	C:\Windows\System32\KERNELBASE.dll
0x00007ff8afa80000 - 0x00007ff8afb91000 	C:\Windows\System32\ucrtbase.dll
0x00007ff8971c0000 - 0x00007ff8971d8000 	C:\Users\u\.vscode\extensions\redhat.java-1.55.0-win32-x64\jre\21.0.11-win32-x86_64\bin\jli.dll
0x00007ff8b1720000 - 0x00007ff8b18cd000 	C:\Windows\System32\USER32.dll
0x00007ff8afa50000 - 0x00007ff8afa76000 	C:\Windows\System32\win32u.dll
0x00007ff8b0410000 - 0x00007ff8b043a000 	C:\Windows\System32\GDI32.dll
0x00007ff8afba0000 - 0x00007ff8afcbe000 	C:\Windows\System32\gdi32full.dll
0x00007ff8b00d0000 - 0x00007ff8b016d000 	C:\Windows\System32\msvcp_win.dll
0x00007ff896c90000 - 0x00007ff896cae000 	C:\Users\u\.vscode\extensions\redhat.java-1.55.0-win32-x64\jre\21.0.11-win32-x86_64\bin\VCRUNTIME140.dll
0x00007ff8a1260000 - 0x00007ff8a1505000 	C:\Windows\WinSxS\amd64_microsoft.windows.common-controls_6595b64144ccf1df_6.0.22000.120_none_9d947278b86cc467\COMCTL32.dll
0x00007ff8b21c0000 - 0x00007ff8b2263000 	C:\Windows\System32\msvcrt.dll
0x00007ff8b18d0000 - 0x00007ff8b1901000 	C:\Windows\System32\IMM32.DLL
0x00007ff8a07e0000 - 0x00007ff8a07ec000 	C:\Users\u\.vscode\extensions\redhat.java-1.55.0-win32-x64\jre\21.0.11-win32-x86_64\bin\vcruntime140_1.dll
0x00007ff88b7d0000 - 0x00007ff88b85d000 	C:\Users\u\.vscode\extensions\redhat.java-1.55.0-win32-x64\jre\21.0.11-win32-x86_64\bin\msvcp140.dll
0x00007ff8230e0000 - 0x00007ff823e82000 	C:\Users\u\.vscode\extensions\redhat.java-1.55.0-win32-x64\jre\21.0.11-win32-x86_64\bin\server\jvm.dll
0x00007ff8b1910000 - 0x00007ff8b19be000 	C:\Windows\System32\ADVAPI32.dll
0x00007ff8b2400000 - 0x00007ff8b249e000 	C:\Windows\System32\sechost.dll
0x00007ff8b1c00000 - 0x00007ff8b1d21000 	C:\Windows\System32\RPCRT4.dll
0x00007ff8b0d00000 - 0x00007ff8b0d6f000 	C:\Windows\System32\WS2_32.dll
0x00007ff8af920000 - 0x00007ff8af96d000 	C:\Windows\SYSTEM32\POWRPROF.dll
0x00007ff8a8030000 - 0x00007ff8a8063000 	C:\Windows\SYSTEM32\WINMM.dll
0x00007ff8ad8c0000 - 0x00007ff8ad8ca000 	C:\Windows\SYSTEM32\VERSION.dll
0x00007ff8af900000 - 0x00007ff8af913000 	C:\Windows\SYSTEM32\UMPDC.dll
0x00007ff8aeaf0000 - 0x00007ff8aeb08000 	C:\Windows\SYSTEM32\kernel.appcore.dll
0x00007ff8a0750000 - 0x00007ff8a075a000 	C:\Users\u\.vscode\extensions\redhat.java-1.55.0-win32-x64\jre\21.0.11-win32-x86_64\bin\jimage.dll
0x00007ff89d4a0000 - 0x00007ff89d6c1000 	C:\Windows\SYSTEM32\DBGHELP.DLL
0x00007ff8a11d0000 - 0x00007ff8a1201000 	C:\Windows\SYSTEM32\dbgcore.DLL
0x00007ff8afcc0000 - 0x00007ff8afd3f000 	C:\Windows\System32\bcryptPrimitives.dll
0x00007ff89ce70000 - 0x00007ff89ce7f000 	C:\Users\u\.vscode\extensions\redhat.java-1.55.0-win32-x64\jre\21.0.11-win32-x86_64\bin\instrument.dll
0x00007ff896bd0000 - 0x00007ff896bf0000 	C:\Users\u\.vscode\extensions\redhat.java-1.55.0-win32-x64\jre\21.0.11-win32-x86_64\bin\java.dll
0x00007ff8b0f50000 - 0x00007ff8b1715000 	C:\Windows\System32\SHELL32.dll
0x00007ff8adae0000 - 0x00007ff8ae342000 	C:\Windows\SYSTEM32\windows.storage.dll
0x00007ff8b0460000 - 0x00007ff8b07d6000 	C:\Windows\System32\combase.dll
0x00007ff8ad970000 - 0x00007ff8adad7000 	C:\Windows\SYSTEM32\wintypes.dll
0x00007ff8b0ba0000 - 0x00007ff8b0c8a000 	C:\Windows\System32\SHCORE.dll
0x00007ff8b0ca0000 - 0x00007ff8b0cfd000 	C:\Windows\System32\shlwapi.dll
0x00007ff8af980000 - 0x00007ff8af9a5000 	C:\Windows\SYSTEM32\profapi.dll
0x00007ff896bb0000 - 0x00007ff896bc8000 	C:\Users\u\.vscode\extensions\redhat.java-1.55.0-win32-x64\jre\21.0.11-win32-x86_64\bin\zip.dll
0x00007ff89c5d0000 - 0x00007ff89c5e0000 	C:\Users\u\.vscode\extensions\redhat.java-1.55.0-win32-x64\jre\21.0.11-win32-x86_64\bin\net.dll
0x00007ff8ad6a0000 - 0x00007ff8ad7b4000 	C:\Windows\SYSTEM32\WINHTTP.dll
0x00007ff8aef90000 - 0x00007ff8aeff7000 	C:\Windows\system32\mswsock.dll
0x00007ff896a80000 - 0x00007ff896a96000 	C:\Users\u\.vscode\extensions\redhat.java-1.55.0-win32-x64\jre\21.0.11-win32-x86_64\bin\nio.dll
0x00007ff89c590000 - 0x00007ff89c5a0000 	C:\Users\u\.vscode\extensions\redhat.java-1.55.0-win32-x64\jre\21.0.11-win32-x86_64\bin\verify.dll
0x00007ff897f30000 - 0x00007ff897f57000 	C:\Users\u\.gradle\native\1def1411415f61bf3af743bc5b6707747c0891f09f0c88961ee8f79bc544acac\windows-amd64\native-platform.dll
0x000000006c5d0000 - 0x000000006c643000 	C:\Users\u\.gradle\native\0.2.5\x86_64-windows-gnu\gradle-fileevents.dll
0x00007ff89c4c0000 - 0x00007ff89c4ca000 	C:\Users\u\.vscode\extensions\redhat.java-1.55.0-win32-x64\jre\21.0.11-win32-x86_64\bin\management.dll
0x00007ff89b520000 - 0x00007ff89b52c000 	C:\Users\u\.vscode\extensions\redhat.java-1.55.0-win32-x64\jre\21.0.11-win32-x86_64\bin\management_ext.dll
0x00007ff8b1d30000 - 0x00007ff8b1d38000 	C:\Windows\System32\PSAPI.DLL
0x00007ff8af260000 - 0x00007ff8af278000 	C:\Windows\SYSTEM32\CRYPTSP.dll
0x00007ff8aea50000 - 0x00007ff8aea85000 	C:\Windows\system32\rsaenh.dll
0x00007ff8af030000 - 0x00007ff8af05c000 	C:\Windows\SYSTEM32\USERENV.dll
0x00007ff8af3a0000 - 0x00007ff8af3c7000 	C:\Windows\SYSTEM32\bcrypt.dll
0x00007ff8af180000 - 0x00007ff8af18c000 	C:\Windows\SYSTEM32\CRYPTBASE.dll
0x00007ff8ae600000 - 0x00007ff8ae62d000 	C:\Windows\SYSTEM32\IPHLPAPI.DLL
0x00007ff8b0d80000 - 0x00007ff8b0d89000 	C:\Windows\System32\NSI.dll
0x00007ff8994a0000 - 0x00007ff8994a9000 	C:\Users\u\.vscode\extensions\redhat.java-1.55.0-win32-x64\jre\21.0.11-win32-x86_64\bin\extnet.dll
0x00007ff899290000 - 0x00007ff89929e000 	C:\Users\u\.vscode\extensions\redhat.java-1.55.0-win32-x64\jre\21.0.11-win32-x86_64\bin\sunmscapi.dll
0x00007ff8b0230000 - 0x00007ff8b0392000 	C:\Windows\System32\CRYPT32.dll
0x00007ff8af370000 - 0x00007ff8af398000 	C:\Windows\SYSTEM32\ncrypt.dll
0x00007ff8af330000 - 0x00007ff8af367000 	C:\Windows\SYSTEM32\NTASN1.dll
0x00007ff8a0870000 - 0x00007ff8a0878000 	C:\Windows\system32\wshunix.dll
0x000000006c450000 - 0x000000006c4c3000 	C:\Users\u\AppData\Local\Temp\native-platform11595245043823028759dir\gradle-fileevents.dll
0x00007ff8430b0000 - 0x00007ff8430c7000 	C:\Windows\system32\napinsp.dll
0x00007ff843090000 - 0x00007ff8430ab000 	C:\Windows\system32\pnrpnsp.dll
0x00007ff8ae630000 - 0x00007ff8ae717000 	C:\Windows\SYSTEM32\DNSAPI.dll
0x00007ff843070000 - 0x00007ff843082000 	C:\Windows\System32\winrnr.dll
0x00007ff8a68f0000 - 0x00007ff8a6905000 	C:\Windows\system32\wshbth.dll
0x00007ff84c450000 - 0x00007ff84c46f000 	C:\Windows\system32\nlansp_c.dll
0x00007ff8a5250000 - 0x00007ff8a525a000 	C:\Windows\System32\rasadhlp.dll
0x00007ff8a63b0000 - 0x00007ff8a6431000 	C:\Windows\System32\fwpuclnt.dll

JVMTI agents:
C:\Users\u\.gradle\wrapper\dists\gradle-8.12-all\ejduaidbjup3bmmkhw3rie4zb\gradle-8.12\lib\agents\gradle-instrumentation-agent-8.12.jar path:C:\Users\u\.vscode\extensions\redhat.java-1.55.0-win32-x64\jre\21.0.11-win32-x86_64\bin\instrument.dll, loaded, initialized, instrumentlib options:none

dbghelp: loaded successfully - version: 4.0.5 - missing functions: none
symbol engine: initialized successfully - sym options: 0x614 - pdb path: .;C:\Users\u\.vscode\extensions\redhat.java-1.55.0-win32-x64\jre\21.0.11-win32-x86_64\bin;C:\Windows\SYSTEM32;C:\Windows\WinSxS\amd64_microsoft.windows.common-controls_6595b64144ccf1df_6.0.22000.120_none_9d947278b86cc467;C:\Users\u\.vscode\extensions\redhat.java-1.55.0-win32-x64\jre\21.0.11-win32-x86_64\bin\server;C:\Users\u\.gradle\native\1def1411415f61bf3af743bc5b6707747c0891f09f0c88961ee8f79bc544acac\windows-amd64;C:\Users\u\.gradle\native\0.2.5\x86_64-windows-gnu;C:\Users\u\AppData\Local\Temp\native-platform11595245043823028759dir

VM Arguments:
jvm_args: --add-opens=java.base/java.lang=ALL-UNNAMED --add-opens=java.base/java.lang.invoke=ALL-UNNAMED --add-opens=java.base/java.util=ALL-UNNAMED --add-opens=java.prefs/java.util.prefs=ALL-UNNAMED --add-exports=jdk.compiler/com.sun.tools.javac.api=ALL-UNNAMED --add-exports=jdk.compiler/com.sun.tools.javac.util=ALL-UNNAMED --add-opens=java.base/java.util=ALL-UNNAMED --add-opens=java.prefs/java.util.prefs=ALL-UNNAMED --add-opens=java.base/java.nio.charset=ALL-UNNAMED --add-opens=java.base/java.net=ALL-UNNAMED --add-opens=java.base/java.util.concurrent.atomic=ALL-UNNAMED --add-opens=java.xml/javax.xml.namespace=ALL-UNNAMED -Xmx1536m -Dfile.encoding=UTF-8 -Duser.country=US -Duser.language=en -Duser.variant -javaagent:C:\Users\u\.gradle\wrapper\dists\gradle-8.12-all\ejduaidbjup3bmmkhw3rie4zb\gradle-8.12\lib\agents\gradle-instrumentation-agent-8.12.jar 
java_command: org.gradle.launcher.daemon.bootstrap.GradleDaemon 8.12
java_class_path (initial): C:\Users\u\.gradle\wrapper\dists\gradle-8.12-all\ejduaidbjup3bmmkhw3rie4zb\gradle-8.12\lib\gradle-daemon-main-8.12.jar
Launcher Type: SUN_STANDARD

[Global flags]
     intx CICompilerCount                          = 3                                         {product} {ergonomic}
     uint ConcGCThreads                            = 1                                         {product} {ergonomic}
     uint G1ConcRefinementThreads                  = 4                                         {product} {ergonomic}
   size_t G1HeapRegionSize                         = 1048576                                   {product} {ergonomic}
    uintx GCDrainStackTargetSize                   = 64                                        {product} {ergonomic}
   size_t InitialHeapSize                          = 134217728                                 {product} {ergonomic}
   size_t MarkStackSize                            = 4194304                                   {product} {ergonomic}
   size_t MaxHeapSize                              = 1610612736                                {product} {command line}
   size_t MaxNewSize                               = 965738496                                 {product} {ergonomic}
   size_t MinHeapDeltaBytes                        = 1048576                                   {product} {ergonomic}
   size_t MinHeapSize                              = 8388608                                   {product} {ergonomic}
    uintx NonNMethodCodeHeapSize                   = 5832780                                {pd product} {ergonomic}
    uintx NonProfiledCodeHeapSize                  = 122912730                              {pd product} {ergonomic}
    uintx ProfiledCodeHeapSize                     = 122912730                              {pd product} {ergonomic}
    uintx ReservedCodeCacheSize                    = 251658240                              {pd product} {ergonomic}
     bool SegmentedCodeCache                       = true                                      {product} {ergonomic}
   size_t SoftMaxHeapSize                          = 1610612736                             {manageable} {ergonomic}
     bool UseCompressedOops                        = true                           {product lp64_product} {ergonomic}
     bool UseG1GC                                  = true                                      {product} {ergonomic}
     bool UseLargePagesIndividualAllocation        = false                                  {pd product} {ergonomic}

Logging:
Log output configuration:
 #0: stdout all=warning uptime,level,tags foldmultilines=false
 #1: stderr all=off uptime,level,tags foldmultilines=false

Release file:
JAVA_VERSION="21.0.11" 
MODULES="java.base java.compiler java.datatransfer java.xml java.prefs java.desktop java.instrument java.logging java.management java.security.sasl java.naming java.rmi java.management.rmi java.net.http java.scripting java.security.jgss java.transaction.xa java.sql java.sql.rowset java.xml.crypto java.se java.smartcardio jdk.accessibility jdk.internal.jvmstat jdk.attach jdk.charsets jdk.internal.opt jdk.zipfs jdk.compiler jdk.crypto.ec jdk.crypto.cryptoki jdk.crypto.mscapi jdk.dynalink jdk.internal.ed jdk.editpad jdk.hotspot.agent jdk.httpserver jdk.internal.le jdk.internal.vm.ci jdk.internal.vm.compiler jdk.internal.vm.compiler.management jdk.jartool jdk.javadoc jdk.jcmd jdk.management jdk.management.agent jdk.jconsole jdk.jdeps jdk.jdwp.agent jdk.jdi jdk.jfr jdk.jshell jdk.jsobject jdk.jstatd jdk.localedata jdk.management.jfr jdk.naming.dns jdk.naming.rmi jdk.net jdk.nio.mapmode jdk.random jdk.sctp jdk.security.auth jdk.security.jgss jdk.unsupported jdk.unsupported.desktop jdk.xml.dom" 

Environment Variables:
JAVA_HOME=C:\Program Files\Eclipse Adoptium\jdk-17.0.19.10-hotspot
PATH=C:\Program Files\Eclipse Adoptium\jdk-17.0.19.10-hotspot\bin;C:\Program Files\Python314\Scripts\;C:\Program Files\Python314\;C:\Windows\system32;C:\Windows;C:\Windows\System32\Wbem;C:\Windows\System32\WindowsPowerShell\v1.0\;C:\Windows\System32\OpenSSH\;C:\ProgramData\chocolatey\bin;npm prefix -g;C:\Program Files\Git\cmd;C:\xampp19\php;C:\ProgramData\ComposerSetup\bin;c:\programData\ComposerSetup\bin;C:\ProgramData\ComposerSetup\bin;C:\Program Files\nodejs\;C:\Program Files\Docker\Docker\resources\bin;C:\Program Files\Eclipse Adoptium\jdk-17.0.19.10-hotspot\bin;C:\Users\u\AppData\Local\Microsoft\WindowsApps;C:\Users\u\AppData\Local\Programs\Microsoft VS Code\bin;C:\Users\u\AppData\Roaming\Composer\vendor\bin;C:\Users\u\AppData\Roaming\npm;C:\flutter\bin;C:\flutter\bin;C:\Users\u\AppData\Local\PowerToys\DSCModules\;C:\Users\u\AppData\Local\Pub\Cache\bin;C:\Users\u\AppData\Local\Pub\Cache\bin;%JAVA_HOME%\bin;%JAVA_HOME%\bin;
USERNAME=u
OS=Windows_NT
PROCESSOR_IDENTIFIER=Intel64 Family 6 Model 78 Stepping 3, GenuineIntel
TMP=C:\Users\u\AppData\Local\Temp
TEMP=C:\Users\u\AppData\Local\Temp




Periodic native trim disabled

---------------  S Y S T E M  ---------------

OS:
 Windows 11 , 64 bit Build 22000 (10.0.22000.2538)
OS uptime: 7 days 15:28 hours
Hyper-V role detected

CPU: total 4 (initial active 4) (2 cores per cpu, 2 threads per core) family 6 model 78 stepping 3 microcode 0xf0, cx8, cmov, fxsr, ht, mmx, 3dnowpref, sse, sse2, sse3, ssse3, sse4.1, sse4.2, popcnt, lzcnt, tsc, tscinvbit, avx, avx2, aes, erms, clmul, bmi1, bmi2, rtm, adx, fma, vzeroupper, clflush, clflushopt, hv, rdtscp, f16c
Processor Information for the first 4 processors :
  Max Mhz: 2496, Current Mhz: 2396, Mhz Limit: 2396

Memory: 4k page, system-wide physical 8072M (310M free)
TotalPageFile size 32648M (AvailPageFile size 0M)
current process WorkingSet (physical memory assigned to process): 394M, peak: 394M
current process commit charge ("private bytes"): 579M, peak: 612M

vm_info: OpenJDK 64-Bit Server VM (21.0.11+10-LTS) for windows-amd64 JRE (21.0.11+10-LTS), built on 2026-04-21T00:00:00Z by "admin" with MS VC++ 17.12 (VS2022)

END.
