#
# There is insufficient memory for the Java Runtime Environment to continue.
# Native memory allocation (mmap) failed to map 1161822208 bytes. Error detail: G1 virtual space
# Possible reasons:
#   The system is out of physical RAM or swap space
#   This process is running with CompressedOops enabled, and the Java Heap may be blocking the growth of the native heap
# Possible solutions:
#   Reduce memory load on the system
#   Increase physical memory or swap space
#   Check if swap backing store is full
#   Decrease Java heap size (-Xmx/-Xms)
#   Decrease number of Java threads
#   Decrease Java thread stack sizes (-Xss)
#   Set larger code cache with -XX:ReservedCodeCacheSize=
#   JVM is running with Zero Based Compressed Oops mode in which the Java heap is
#     placed in the first 32GB address space. The Java Heap base address is the
#     maximum limit for the native heap growth. Please use -XX:HeapBaseMinAddress
#     to set the Java Heap base and to place the Java Heap above 32GB virtual address.
# This output file may be truncated or incomplete.
#
#  Out of Memory Error (os_windows.cpp:3714), pid=33288, tid=32032
#
# JRE version: OpenJDK Runtime Environment Temurin-21.0.11+10 (21.0.11+10) (build 21.0.11+10-LTS)
# Java VM: OpenJDK 64-Bit Server VM Temurin-21.0.11+10 (21.0.11+10-LTS, mixed mode, sharing, tiered, compressed oops, compressed class ptrs, g1 gc, windows-amd64)
# No core dump will be written. Minidumps are not enabled by default on client versions of Windows
#

---------------  S U M M A R Y ------------

Command Line: --add-opens=java.base/java.lang=ALL-UNNAMED --add-opens=java.base/java.lang.invoke=ALL-UNNAMED --add-opens=java.base/java.util=ALL-UNNAMED --add-opens=java.prefs/java.util.prefs=ALL-UNNAMED --add-exports=jdk.compiler/com.sun.tools.javac.api=ALL-UNNAMED --add-exports=jdk.compiler/com.sun.tools.javac.util=ALL-UNNAMED --add-opens=java.base/java.util=ALL-UNNAMED --add-opens=java.prefs/java.util.prefs=ALL-UNNAMED --add-opens=java.base/java.nio.charset=ALL-UNNAMED --add-opens=java.base/java.net=ALL-UNNAMED --add-opens=java.base/java.util.concurrent.atomic=ALL-UNNAMED --add-opens=java.xml/javax.xml.namespace=ALL-UNNAMED -Xmx6144m -Dfile.encoding=UTF-8 -Duser.country=US -Duser.language=en -Duser.variant -javaagent:C:\Users\u\.gradle\wrapper\dists\gradle-8.12-all\ejduaidbjup3bmmkhw3rie4zb\gradle-8.12\lib\agents\gradle-instrumentation-agent-8.12.jar org.gradle.launcher.daemon.bootstrap.GradleDaemon 8.12

Host: Intel(R) Core(TM) i5-6300U CPU @ 2.40GHz, 4 cores, 7G,  Windows 11 , 64 bit Build 22000 (10.0.22000.2538)
Time: Thu Aug 20 01:46:42 2026 E. Africa Standard Time elapsed time: 725.937372 seconds (0d 0h 12m 5s)

---------------  T H R E A D  ---------------

Current thread (0x0000012c46458330):  VMThread "VM Thread"          [id=32032, stack(0x0000001002700000,0x0000001002800000) (1024K)]

Stack: [0x0000001002700000,0x0000001002800000]
Native frames: (J=compiled Java code, j=interpreted, Vv=VM code, C=native code)
V  [jvm.dll+0x6d7e19]
V  [jvm.dll+0x8b5096]
V  [jvm.dll+0x8b764e]
V  [jvm.dll+0x8b7d33]
V  [jvm.dll+0x284596]
V  [jvm.dll+0x6d4735]
V  [jvm.dll+0x6c845a]
V  [jvm.dll+0x35ef08]
V  [jvm.dll+0x366b46]
V  [jvm.dll+0x3b7c2e]
V  [jvm.dll+0x3b7ed8]
V  [jvm.dll+0x33310c]
V  [jvm.dll+0x333197]
V  [jvm.dll+0x376f6c]
V  [jvm.dll+0x37570e]
V  [jvm.dll+0x332851]
V  [jvm.dll+0x374d7a]
V  [jvm.dll+0x8bda20]
V  [jvm.dll+0x8bed94]
V  [jvm.dll+0x8bf2c0]
V  [jvm.dll+0x8bf563]
V  [jvm.dll+0x85fb0d]
V  [jvm.dll+0x6d664d]
C  [ucrtbase.dll+0x26c0c]
C  [KERNEL32.DLL+0x153e0]
C  [ntdll.dll+0x485b]

VM_Operation (0x0000001003bfa330): G1CollectForAllocation, mode: safepoint, requested by thread 0x0000012c8c09e820


---------------  P R O C E S S  ---------------

Threads class SMR info:
_java_thread_list=0x0000012c90ce9730, length=85, elements={
0x0000012c2a5d4420, 0x0000012c46472310, 0x0000012c46475990, 0x0000012c46479880,
0x0000012c4647b2f0, 0x0000012c4647bf00, 0x0000012c4647cb10, 0x0000012c4647d8a0,
0x0000012c464808d0, 0x0000012c466a7c10, 0x0000012c466c7b00, 0x0000012c466d89f0,
0x0000012c8ced5d50, 0x0000012c8c61c580, 0x0000012c8d22ecc0, 0x0000012c8c09e820,
0x0000012c8d3e6c10, 0x0000012c8d3e5ef0, 0x0000012c8d3e6580, 0x0000012c8d7e9480,
0x0000012c8d7e8760, 0x0000012c8d7ea1a0, 0x0000012c8d7eb550, 0x0000012c8d7e80d0,
0x0000012c8d7e8df0, 0x0000012c8f4450a0, 0x0000012c8f745bd0, 0x0000012c9189b8a0,
0x0000012c91897070, 0x0000012c9189c5c0, 0x0000012c9189e690, 0x0000012c918997d0,
0x0000012c9189cc50, 0x0000012c9189d2e0, 0x0000012c8f745540, 0x0000012c8f74b120,
0x0000012c8f744eb0, 0x0000012c8f74b7b0, 0x0000012c8f746260, 0x0000012c8f749d70,
0x0000012c8f746f80, 0x0000012c8f7489c0, 0x0000012c8f74a400, 0x0000012c8f74c4d0,
0x0000012c8f747610, 0x0000012c8f7496e0, 0x0000012c91b63aa0, 0x0000012c91b68ff0,
0x0000012c91b626f0, 0x0000012c91b62060, 0x0000012c91b63410, 0x0000012c91b69680,
0x0000012c91b647c0, 0x0000012c91b66890, 0x0000012c91b675b0, 0x0000012c91b64e50,
0x0000012c8f447170, 0x0000012c8f440870, 0x0000012c8f4401e0, 0x0000012c8f4422b0,
0x0000012c91532aa0, 0x0000012c91532410, 0x0000012c91533e50, 0x0000012c91533130,
0x0000012c915337c0, 0x0000012c91531060, 0x0000012c8d3e4b40, 0x0000012c8d3e51d0,
0x0000012c8d3e5860, 0x0000012c8d3e3e20, 0x0000012c8d3e44b0, 0x0000012c8f442940,
0x0000012c8f441590, 0x0000012c8f447800, 0x0000012c8f441c20, 0x0000012c8f444a10,
0x0000012c8f17c6e0, 0x0000012c8f17da90, 0x0000012c8f17e120, 0x0000012c91e59860,
0x0000012c91e55d50, 0x0000012c91e5b930, 0x0000012c9189d970, 0x0000012c9189e000,
0x0000012c91898ab0
}

Java Threads: ( => current thread )
  0x0000012c2a5d4420 JavaThread "main"                              [_thread_blocked, id=33056, stack(0x0000001002000000,0x0000001002100000) (1024K)]
  0x0000012c46472310 JavaThread "Reference Handler"          daemon [_thread_blocked, id=34236, stack(0x0000001002800000,0x0000001002900000) (1024K)]
  0x0000012c46475990 JavaThread "Finalizer"                  daemon [_thread_blocked, id=4088, stack(0x0000001002900000,0x0000001002a00000) (1024K)]
  0x0000012c46479880 JavaThread "Signal Dispatcher"          daemon [_thread_blocked, id=22444, stack(0x0000001002a00000,0x0000001002b00000) (1024K)]
  0x0000012c4647b2f0 JavaThread "Attach Listener"            daemon [_thread_blocked, id=8004, stack(0x0000001002b00000,0x0000001002c00000) (1024K)]
  0x0000012c4647bf00 JavaThread "Service Thread"             daemon [_thread_blocked, id=29404, stack(0x0000001002c00000,0x0000001002d00000) (1024K)]
  0x0000012c4647cb10 JavaThread "Monitor Deflation Thread"   daemon [_thread_blocked, id=32492, stack(0x0000001002d00000,0x0000001002e00000) (1024K)]
  0x0000012c4647d8a0 JavaThread "C2 CompilerThread0"         daemon [_thread_blocked, id=16072, stack(0x0000001002e00000,0x0000001002f00000) (1024K)]
  0x0000012c464808d0 JavaThread "C1 CompilerThread0"         daemon [_thread_blocked, id=24636, stack(0x0000001002f00000,0x0000001003000000) (1024K)]
  0x0000012c466a7c10 JavaThread "Common-Cleaner"             daemon [_thread_blocked, id=31484, stack(0x0000001003000000,0x0000001003100000) (1024K)]
  0x0000012c466c7b00 JavaThread "Notification Thread"        daemon [_thread_blocked, id=20364, stack(0x0000001003100000,0x0000001003200000) (1024K)]
  0x0000012c466d89f0 JavaThread "Daemon health stats"               [_thread_blocked, id=28304, stack(0x0000001003500000,0x0000001003600000) (1024K)]
  0x0000012c8ced5d50 JavaThread "Incoming local TCP Connector on port 61667"        [_thread_in_native, id=10488, stack(0x0000001003600000,0x0000001003700000) (1024K)]
  0x0000012c8c61c580 JavaThread "Daemon periodic checks"            [_thread_blocked, id=10072, stack(0x0000001003700000,0x0000001003800000) (1024K)]
  0x0000012c8d22ecc0 JavaThread "Daemon"                            [_thread_blocked, id=18480, stack(0x0000001003800000,0x0000001003900000) (1024K)]
  0x0000012c8c09e820 JavaThread "Daemon worker"                     [_thread_blocked, id=33784, stack(0x0000001003b00000,0x0000001003c00000) (1024K)]
  0x0000012c8d3e6c10 JavaThread "Cache worker for journal cache (C:\Users\u\.gradle\caches\journal-1)"        [_thread_blocked, id=32248, stack(0x0000001003f00000,0x0000001004000000) (1024K)]
  0x0000012c8d3e5ef0 JavaThread "File lock request listener"        [_thread_in_native, id=35064, stack(0x0000001004000000,0x0000001004100000) (1024K)]
  0x0000012c8d3e6580 JavaThread "Cache worker for file hash cache (C:\Users\u\.gradle\caches\8.12\fileHashes)"        [_thread_blocked, id=32704, stack(0x0000001004100000,0x0000001004200000) (1024K)]
  0x0000012c8d7e9480 JavaThread "File watcher server"        daemon [_thread_in_native, id=34972, stack(0x0000001004400000,0x0000001004500000) (1024K)]
  0x0000012c8d7e8760 JavaThread "File watcher consumer"      daemon [_thread_blocked, id=9020, stack(0x0000001004500000,0x0000001004600000) (1024K)]
  0x0000012c8d7ea1a0 JavaThread "jar transforms"                    [_thread_blocked, id=18720, stack(0x0000001004700000,0x0000001004800000) (1024K)]
  0x0000012c8d7eb550 JavaThread "jar transforms Thread 2"           [_thread_blocked, id=20580, stack(0x0000001004800000,0x0000001004900000) (1024K)]
  0x0000012c8d7e80d0 JavaThread "Cache worker for file content cache (C:\Users\u\.gradle\caches\8.12\fileContent)"        [_thread_blocked, id=21956, stack(0x0000001004900000,0x0000001004a00000) (1024K)]
  0x0000012c8d7e8df0 JavaThread "jar transforms Thread 3"           [_thread_blocked, id=32120, stack(0x0000001004a00000,0x0000001004b00000) (1024K)]
  0x0000012c8f4450a0 JavaThread "Memory manager"                    [_thread_blocked, id=33340, stack(0x0000001005800000,0x0000001005900000) (1024K)]
  0x0000012c8f745bd0 JavaThread "jar transforms Thread 4"           [_thread_blocked, id=35736, stack(0x0000001007300000,0x0000001007400000) (1024K)]
  0x0000012c9189b8a0 JavaThread "Handler for socket connection from /127.0.0.1:61667 to /127.0.0.1:62506"        [_thread_in_native, id=2940, stack(0x0000001001f00000,0x0000001002000000) (1024K)]
  0x0000012c91897070 JavaThread "Cancel handler"                    [_thread_blocked, id=30768, stack(0x0000001003900000,0x0000001003a00000) (1024K)]
  0x0000012c9189c5c0 JavaThread "Asynchronous log dispatcher for DefaultDaemonConnection: socket connection from /127.0.0.1:61667 to /127.0.0.1:62506"        [_thread_blocked, id=32708, stack(0x0000001003a00000,0x0000001003b00000) (1024K)]
  0x0000012c9189e690 JavaThread "Stdin handler"                     [_thread_blocked, id=24456, stack(0x0000001003c00000,0x0000001003d00000) (1024K)]
  0x0000012c918997d0 JavaThread "Daemon client event forwarder"        [_thread_blocked, id=14548, stack(0x0000001003d00000,0x0000001003e00000) (1024K)]
  0x0000012c9189cc50 JavaThread "Cache worker for file hash cache (C:\farm\android\.gradle\8.12\fileHashes)"        [_thread_blocked, id=29736, stack(0x0000001003e00000,0x0000001003f00000) (1024K)]
  0x0000012c9189d2e0 JavaThread "Cache worker for Build Output Cleanup Cache (C:\farm\android\.gradle\buildOutputCleanup)"        [_thread_blocked, id=30252, stack(0x0000001004200000,0x0000001004300000) (1024K)]
  0x0000012c8f745540 JavaThread "Cache worker for checksums cache (C:\farm\android\.gradle\8.12\checksums)"        [_thread_blocked, id=33824, stack(0x0000001004300000,0x0000001004400000) (1024K)]
  0x0000012c8f74b120 JavaThread "Cache worker for cache directory md-rule (C:\Users\u\.gradle\caches\8.12\md-rule)"        [_thread_blocked, id=23944, stack(0x0000001004600000,0x0000001004700000) (1024K)]
  0x0000012c8f744eb0 JavaThread "Cache worker for cache directory md-supplier (C:\Users\u\.gradle\caches\8.12\md-supplier)"        [_thread_blocked, id=928, stack(0x0000001004b00000,0x0000001004c00000) (1024K)]
  0x0000012c8f74b7b0 JavaThread "Cache worker for Build Output Cleanup Cache (C:\flutter\packages\flutter_tools\gradle\.gradle\buildOutputCleanup)"        [_thread_blocked, id=30788, stack(0x0000001004c00000,0x0000001004d00000) (1024K)]
  0x0000012c8f746260 JavaThread "Unconstrained build operations"        [_thread_blocked, id=30708, stack(0x0000001004d00000,0x0000001004e00000) (1024K)]
  0x0000012c8f749d70 JavaThread "Unconstrained build operations Thread 2"        [_thread_blocked, id=26140, stack(0x0000001004f00000,0x0000001005000000) (1024K)]
  0x0000012c8f746f80 JavaThread "Unconstrained build operations Thread 3"        [_thread_blocked, id=4356, stack(0x0000001005000000,0x0000001005100000) (1024K)]
  0x0000012c8f7489c0 JavaThread "Unconstrained build operations Thread 4"        [_thread_blocked, id=17812, stack(0x0000001005100000,0x0000001005200000) (1024K)]
  0x0000012c8f74a400 JavaThread "Unconstrained build operations Thread 5"        [_thread_blocked, id=13692, stack(0x0000001005200000,0x0000001005300000) (1024K)]
  0x0000012c8f74c4d0 JavaThread "Unconstrained build operations Thread 6"        [_thread_blocked, id=5744, stack(0x0000001005300000,0x0000001005400000) (1024K)]
  0x0000012c8f747610 JavaThread "build event listener"              [_thread_blocked, id=26708, stack(0x0000001005400000,0x0000001005500000) (1024K)]
  0x0000012c8f7496e0 JavaThread "Execution worker"                  [_thread_blocked, id=31996, stack(0x0000001005600000,0x0000001005700000) (1024K)]
  0x0000012c91b63aa0 JavaThread "Execution worker Thread 2"         [_thread_blocked, id=32572, stack(0x0000001005700000,0x0000001005800000) (1024K)]
  0x0000012c91b68ff0 JavaThread "Execution worker Thread 3"         [_thread_blocked, id=8420, stack(0x0000001005900000,0x0000001005a00000) (1024K)]
  0x0000012c91b626f0 JavaThread "Cache worker for execution history cache (C:\flutter\packages\flutter_tools\gradle\.gradle\8.12\executionHistory)"        [_thread_blocked, id=35576, stack(0x0000001005a00000,0x0000001005b00000) (1024K)]
  0x0000012c91b62060 JavaThread "Unconstrained build operations Thread 7"        [_thread_blocked, id=30320, stack(0x0000001005b00000,0x0000001005c00000) (1024K)]
  0x0000012c91b63410 JavaThread "Unconstrained build operations Thread 8"        [_thread_blocked, id=34792, stack(0x0000001005c00000,0x0000001005d00000) (1024K)]
  0x0000012c91b69680 JavaThread "Unconstrained build operations Thread 9"        [_thread_blocked, id=23760, stack(0x0000001005d00000,0x0000001005e00000) (1024K)]
  0x0000012c91b647c0 JavaThread "Unconstrained build operations Thread 10"        [_thread_blocked, id=30364, stack(0x0000001005e00000,0x0000001005f00000) (1024K)]
  0x0000012c91b66890 JavaThread "Unconstrained build operations Thread 11"        [_thread_blocked, id=9044, stack(0x0000001005f00000,0x0000001006000000) (1024K)]
  0x0000012c91b675b0 JavaThread "Unconstrained build operations Thread 12"        [_thread_blocked, id=26316, stack(0x0000001006000000,0x0000001006100000) (1024K)]
  0x0000012c91b64e50 JavaThread "Unconstrained build operations Thread 13"        [_thread_blocked, id=1376, stack(0x0000001006100000,0x0000001006200000) (1024K)]
  0x0000012c8f447170 JavaThread "Unconstrained build operations Thread 14"        [_thread_blocked, id=16292, stack(0x0000001006200000,0x0000001006300000) (1024K)]
  0x0000012c8f440870 JavaThread "Unconstrained build operations Thread 15"        [_thread_blocked, id=17992, stack(0x0000001006300000,0x0000001006400000) (1024K)]
  0x0000012c8f4401e0 JavaThread "Unconstrained build operations Thread 16"        [_thread_blocked, id=27832, stack(0x0000001006400000,0x0000001006500000) (1024K)]
  0x0000012c8f4422b0 JavaThread "Unconstrained build operations Thread 17"        [_thread_blocked, id=30064, stack(0x0000001006500000,0x0000001006600000) (1024K)]
  0x0000012c91532aa0 JavaThread "Unconstrained build operations Thread 18"        [_thread_blocked, id=26344, stack(0x0000001006600000,0x0000001006700000) (1024K)]
  0x0000012c91532410 JavaThread "Unconstrained build operations Thread 19"        [_thread_blocked, id=23488, stack(0x0000001006700000,0x0000001006800000) (1024K)]
  0x0000012c91533e50 JavaThread "Unconstrained build operations Thread 20"        [_thread_blocked, id=35708, stack(0x0000001006800000,0x0000001006900000) (1024K)]
  0x0000012c91533130 JavaThread "build event listener"              [_thread_blocked, id=15728, stack(0x0000001004e00000,0x0000001004f00000) (1024K)]
  0x0000012c915337c0 JavaThread "Problems report writer"            [_thread_blocked, id=33556, stack(0x0000001006900000,0x0000001006a00000) (1024K)]
  0x0000012c91531060 JavaThread "Unconstrained build operations Thread 21"        [_thread_blocked, id=23176, stack(0x0000001006a00000,0x0000001006b00000) (1024K)]
  0x0000012c8d3e4b40 JavaThread "Unconstrained build operations Thread 22"        [_thread_blocked, id=34336, stack(0x0000001006b00000,0x0000001006c00000) (1024K)]
  0x0000012c8d3e51d0 JavaThread "Unconstrained build operations Thread 23"        [_thread_blocked, id=27808, stack(0x0000001006c00000,0x0000001006d00000) (1024K)]
  0x0000012c8d3e5860 JavaThread "Unconstrained build operations Thread 24"        [_thread_blocked, id=32720, stack(0x0000001006d00000,0x0000001006e00000) (1024K)]
  0x0000012c8d3e3e20 JavaThread "Unconstrained build operations Thread 25"        [_thread_blocked, id=34196, stack(0x0000001006e00000,0x0000001006f00000) (1024K)]
  0x0000012c8d3e44b0 JavaThread "Unconstrained build operations Thread 26"        [_thread_blocked, id=33788, stack(0x0000001006f00000,0x0000001007000000) (1024K)]
  0x0000012c8f442940 JavaThread "Unconstrained build operations Thread 27"        [_thread_blocked, id=2044, stack(0x0000001007000000,0x0000001007100000) (1024K)]
  0x0000012c8f441590 JavaThread "Unconstrained build operations Thread 28"        [_thread_blocked, id=21264, stack(0x0000001007100000,0x0000001007200000) (1024K)]
  0x0000012c8f447800 JavaThread "Unconstrained build operations Thread 29"        [_thread_blocked, id=23376, stack(0x0000001007200000,0x0000001007300000) (1024K)]
  0x0000012c8f441c20 JavaThread "Unconstrained build operations Thread 30"        [_thread_blocked, id=26488, stack(0x0000001007400000,0x0000001007500000) (1024K)]
  0x0000012c8f444a10 JavaThread "Unconstrained build operations Thread 31"        [_thread_blocked, id=31900, stack(0x0000001007500000,0x0000001007600000) (1024K)]
  0x0000012c8f17c6e0 JavaThread "Unconstrained build operations Thread 32"        [_thread_blocked, id=24096, stack(0x0000001007600000,0x0000001007700000) (1024K)]
  0x0000012c8f17da90 JavaThread "Unconstrained build operations Thread 33"        [_thread_blocked, id=34872, stack(0x0000001007700000,0x0000001007800000) (1024K)]
  0x0000012c8f17e120 JavaThread "Unconstrained build operations Thread 34"        [_thread_blocked, id=24180, stack(0x0000001007800000,0x0000001007900000) (1024K)]
  0x0000012c91e59860 JavaThread "Unconstrained build operations Thread 35"        [_thread_blocked, id=35584, stack(0x0000001007900000,0x0000001007a00000) (1024K)]
  0x0000012c91e55d50 JavaThread "Unconstrained build operations Thread 36"        [_thread_blocked, id=10152, stack(0x0000001007a00000,0x0000001007b00000) (1024K)]
  0x0000012c91e5b930 JavaThread "Unconstrained build operations Thread 37"        [_thread_blocked, id=2076, stack(0x0000001007b00000,0x0000001007c00000) (1024K)]
  0x0000012c9189d970 JavaThread "Unconstrained build operations Thread 38"        [_thread_blocked, id=7492, stack(0x0000001007c00000,0x0000001007d00000) (1024K)]
  0x0000012c9189e000 JavaThread "Unconstrained build operations Thread 39"        [_thread_blocked, id=20608, stack(0x0000001001e00000,0x0000001001f00000) (1024K)]
  0x0000012c91898ab0 JavaThread "Unconstrained build operations Thread 40"        [_thread_blocked, id=17536, stack(0x0000001007d00000,0x0000001007e00000) (1024K)]
Total: 85

Other Threads:
=>0x0000012c46458330 VMThread "VM Thread"                           [id=32032, stack(0x0000001002700000,0x0000001002800000) (1024K)]
  0x0000012c2a69e900 WatcherThread "VM Periodic Task Thread"        [id=4180, stack(0x0000001002600000,0x0000001002700000) (1024K)]
  0x0000012c2a656620 WorkerThread "GC Thread#0"                     [id=32608, stack(0x0000001002100000,0x0000001002200000) (1024K)]
  0x0000012c46737eb0 WorkerThread "GC Thread#1"                     [id=32512, stack(0x0000001003200000,0x0000001003300000) (1024K)]
  0x0000012c46738260 WorkerThread "GC Thread#2"                     [id=31080, stack(0x0000001003300000,0x0000001003400000) (1024K)]
  0x0000012c8d285a50 WorkerThread "GC Thread#3"                     [id=34536, stack(0x0000001003400000,0x0000001003500000) (1024K)]
  0x0000012c2a663610 ConcurrentGCThread "G1 Main Marker"            [id=35080, stack(0x0000001002200000,0x0000001002300000) (1024K)]
  0x0000012c2a665af0 WorkerThread "G1 Conc#0"                       [id=19652, stack(0x0000001002300000,0x0000001002400000) (1024K)]
  0x0000012c46320090 ConcurrentGCThread "G1 Refine#0"               [id=7104, stack(0x0000001002400000,0x0000001002500000) (1024K)]
  0x0000012c46320cd0 ConcurrentGCThread "G1 Service"                [id=6328, stack(0x0000001002500000,0x0000001002600000) (1024K)]
Total: 10

Threads with active compile tasks:
Total: 0

VM state: at safepoint (normal execution)

VM Mutex/Monitor currently owned by a thread:  ([mutex/lock_event])
[0x00007ffb9672f570] Threads_lock - owner thread: 0x0000012c46458330
[0x00007ffb9672f670] Heap_lock - owner thread: 0x0000012c8c09e820

Heap address: 0x0000000680000000, size: 6144 MB, Compressed Oops mode: Zero based, Oop shift amount: 3

CDS archive(s) mapped at: [0x0000012c47000000-0x0000012c47ba0000-0x0000012c47ba0000), size 12189696, SharedBaseAddress: 0x0000012c47000000, ArchiveRelocationMode: 1.
Compressed class space mapped at: 0x0000012c48000000-0x0000012c88000000, reserved size: 1073741824
Narrow klass base: 0x0000012c47000000, Narrow klass shift: 0, Narrow klass range: 0x100000000

GC Precious Log:
 CardTable entry size: 512
 Card Set container configuration: InlinePtr #cards 4 size 8 Array Of Cards #cards 32 size 80 Howl #buckets 8 coarsen threshold 7372 Howl Bitmap #cards 1024 size 144 coarsen threshold 921 Card regions per heap region 1 cards per card region 8192
 CPUs: 4 total, 4 available
 Memory: 8072M
 Large Page Support: Disabled
 NUMA Support: Disabled
 Compressed Oops: Enabled (Zero based)
 Heap Region Size: 4M
 Heap Min Capacity: 8M
 Heap Initial Capacity: 128M
 Heap Max Capacity: 6G
 Pre-touch: Disabled
 Parallel Workers: 4
 Concurrent Workers: 1
 Concurrent Refinement Workers: 4
 Periodic GC: Disabled

Heap:
 garbage-first heap   total 684032K, used 362720K [0x0000000680000000, 0x0000000800000000)
  region size 4096K, 1 young (4096K), 1 survivors (4096K)
 Metaspace       used 128355K, committed 131456K, reserved 1179648K
  class space    used 18011K, committed 19456K, reserved 1048576K

Heap Regions: E=young(eden), S=young(survivor), O=old, HS=humongous(starts), HC=humongous(continues), CS=collection set, F=free, TAMS=top-at-mark-start, PB=parsable bottom
|   0|0x0000000680000000, 0x0000000680400000, 0x0000000680400000|100%|HS|  |TAMS 0x0000000680000000| PB 0x0000000680000000| Complete 
|   1|0x0000000680400000, 0x0000000680800000, 0x0000000680800000|100%| O|  |TAMS 0x0000000680400000| PB 0x0000000680400000| Untracked 
|   2|0x0000000680800000, 0x0000000680c00000, 0x0000000680c00000|100%| O|  |TAMS 0x0000000680800000| PB 0x0000000680800000| Untracked 
|   3|0x0000000680c00000, 0x0000000681000000, 0x0000000681000000|100%| O|  |TAMS 0x0000000680c00000| PB 0x0000000680c00000| Untracked 
|   4|0x0000000681000000, 0x0000000681400000, 0x0000000681400000|100%| O|  |TAMS 0x0000000681000000| PB 0x0000000681000000| Untracked 
|   5|0x0000000681400000, 0x0000000681800000, 0x0000000681800000|100%| O|  |TAMS 0x0000000681400000| PB 0x0000000681400000| Untracked 
|   6|0x0000000681800000, 0x0000000681c00000, 0x0000000681c00000|100%| O|  |TAMS 0x0000000681800000| PB 0x0000000681800000| Untracked 
|   7|0x0000000681c00000, 0x0000000682000000, 0x0000000682000000|100%| O|  |TAMS 0x0000000681c00000| PB 0x0000000681c00000| Untracked 
|   8|0x0000000682000000, 0x0000000682400000, 0x0000000682400000|100%| O|  |TAMS 0x0000000682000000| PB 0x0000000682000000| Untracked 
|   9|0x0000000682400000, 0x0000000682800000, 0x0000000682800000|100%|HS|  |TAMS 0x0000000682400000| PB 0x0000000682400000| Complete 
|  10|0x0000000682800000, 0x0000000682c00000, 0x0000000682c00000|100%|HS|  |TAMS 0x0000000682800000| PB 0x0000000682800000| Complete 
|  11|0x0000000682c00000, 0x0000000683000000, 0x0000000683000000|100%| O|  |TAMS 0x0000000682c00000| PB 0x0000000682c00000| Untracked 
|  12|0x0000000683000000, 0x0000000683400000, 0x0000000683400000|100%| O|  |TAMS 0x0000000683000000| PB 0x0000000683000000| Untracked 
|  13|0x0000000683400000, 0x0000000683800000, 0x0000000683800000|100%| O|  |TAMS 0x0000000683400000| PB 0x0000000683400000| Untracked 
|  14|0x0000000683800000, 0x0000000683c00000, 0x0000000683c00000|100%| O|  |TAMS 0x0000000683800000| PB 0x0000000683800000| Untracked 
|  15|0x0000000683c00000, 0x0000000684000000, 0x0000000684000000|100%| O|  |TAMS 0x0000000683c00000| PB 0x0000000683c00000| Untracked 
|  16|0x0000000684000000, 0x0000000684400000, 0x0000000684400000|100%| O|  |TAMS 0x0000000684000000| PB 0x0000000684000000| Untracked 
|  17|0x0000000684400000, 0x0000000684800000, 0x0000000684800000|100%| O|  |TAMS 0x0000000684400000| PB 0x0000000684400000| Untracked 
|  18|0x0000000684800000, 0x0000000684c00000, 0x0000000684c00000|100%| O|  |TAMS 0x0000000684800000| PB 0x0000000684800000| Untracked 
|  19|0x0000000684c00000, 0x0000000685000000, 0x0000000685000000|100%| O|  |TAMS 0x0000000684c00000| PB 0x0000000684c00000| Untracked 
|  20|0x0000000685000000, 0x0000000685400000, 0x0000000685400000|100%| O|  |TAMS 0x0000000685000000| PB 0x0000000685000000| Untracked 
|  21|0x0000000685400000, 0x0000000685800000, 0x0000000685800000|100%| O|  |TAMS 0x0000000685400000| PB 0x0000000685400000| Untracked 
|  22|0x0000000685800000, 0x0000000685c00000, 0x0000000685c00000|100%| O|  |TAMS 0x0000000685800000| PB 0x0000000685800000| Untracked 
|  23|0x0000000685c00000, 0x0000000686000000, 0x0000000686000000|100%| O|  |TAMS 0x0000000685c00000| PB 0x0000000685c00000| Untracked 
|  24|0x0000000686000000, 0x0000000686400000, 0x0000000686400000|100%| O|  |TAMS 0x0000000686000000| PB 0x0000000686000000| Untracked 
|  25|0x0000000686400000, 0x0000000686800000, 0x0000000686800000|100%| O|  |TAMS 0x0000000686400000| PB 0x0000000686400000| Untracked 
|  26|0x0000000686800000, 0x0000000686c00000, 0x0000000686c00000|100%| O|  |TAMS 0x0000000686800000| PB 0x0000000686800000| Untracked 
|  27|0x0000000686c00000, 0x0000000687000000, 0x0000000687000000|100%|HS|  |TAMS 0x0000000686c00000| PB 0x0000000686c00000| Complete 
|  28|0x0000000687000000, 0x0000000687400000, 0x0000000687400000|100%| O|  |TAMS 0x0000000687000000| PB 0x0000000687000000| Untracked 
|  29|0x0000000687400000, 0x0000000687800000, 0x0000000687800000|100%| O|  |TAMS 0x0000000687400000| PB 0x0000000687400000| Untracked 
|  30|0x0000000687800000, 0x0000000687c00000, 0x0000000687c00000|100%| O|  |TAMS 0x0000000687800000| PB 0x0000000687800000| Untracked 
|  31|0x0000000687c00000, 0x0000000688000000, 0x0000000688000000|100%| O|  |TAMS 0x0000000687c00000| PB 0x0000000687c00000| Untracked 
|  32|0x0000000688000000, 0x0000000688400000, 0x0000000688400000|100%| O|  |TAMS 0x0000000688000000| PB 0x0000000688000000| Untracked 
|  33|0x0000000688400000, 0x0000000688800000, 0x0000000688800000|100%| O|  |TAMS 0x0000000688400000| PB 0x0000000688400000| Untracked 
|  34|0x0000000688800000, 0x0000000688c00000, 0x0000000688c00000|100%| O|  |TAMS 0x0000000688800000| PB 0x0000000688800000| Untracked 
|  35|0x0000000688c00000, 0x0000000689000000, 0x0000000689000000|100%| O|  |TAMS 0x0000000688c00000| PB 0x0000000688c00000| Untracked 
|  36|0x0000000689000000, 0x0000000689400000, 0x0000000689400000|100%| O|  |TAMS 0x0000000689000000| PB 0x0000000689000000| Untracked 
|  37|0x0000000689400000, 0x0000000689800000, 0x0000000689800000|100%| O|  |TAMS 0x0000000689400000| PB 0x0000000689400000| Untracked 
|  38|0x0000000689800000, 0x0000000689c00000, 0x0000000689c00000|100%| O|  |TAMS 0x0000000689800000| PB 0x0000000689800000| Untracked 
|  39|0x0000000689c00000, 0x000000068a000000, 0x000000068a000000|100%| O|  |TAMS 0x0000000689c00000| PB 0x0000000689c00000| Untracked 
|  40|0x000000068a000000, 0x000000068a400000, 0x000000068a400000|100%| O|  |TAMS 0x000000068a000000| PB 0x000000068a000000| Untracked 
|  41|0x000000068a400000, 0x000000068a800000, 0x000000068a800000|100%| O|  |TAMS 0x000000068a400000| PB 0x000000068a400000| Untracked 
|  42|0x000000068a800000, 0x000000068ac00000, 0x000000068ac00000|100%| O|  |TAMS 0x000000068a800000| PB 0x000000068a800000| Untracked 
|  43|0x000000068ac00000, 0x000000068b000000, 0x000000068b000000|100%| O|  |TAMS 0x000000068ac00000| PB 0x000000068ac00000| Untracked 
|  44|0x000000068b000000, 0x000000068b400000, 0x000000068b400000|100%| O|  |TAMS 0x000000068b000000| PB 0x000000068b000000| Untracked 
|  45|0x000000068b400000, 0x000000068b800000, 0x000000068b800000|100%| O|  |TAMS 0x000000068b400000| PB 0x000000068b400000| Untracked 
|  46|0x000000068b800000, 0x000000068bc00000, 0x000000068bc00000|100%| O|  |TAMS 0x000000068b800000| PB 0x000000068b800000| Untracked 
|  47|0x000000068bc00000, 0x000000068c000000, 0x000000068c000000|100%| O|  |TAMS 0x000000068bc00000| PB 0x000000068bc00000| Untracked 
|  48|0x000000068c000000, 0x000000068c400000, 0x000000068c400000|100%| O|  |TAMS 0x000000068c000000| PB 0x000000068c000000| Untracked 
|  49|0x000000068c400000, 0x000000068c800000, 0x000000068c800000|100%| O|  |TAMS 0x000000068c400000| PB 0x000000068c400000| Untracked 
|  50|0x000000068c800000, 0x000000068cc00000, 0x000000068cc00000|100%| O|  |TAMS 0x000000068c800000| PB 0x000000068c800000| Untracked 
|  51|0x000000068cc00000, 0x000000068d000000, 0x000000068d000000|100%| O|  |TAMS 0x000000068cc00000| PB 0x000000068cc00000| Untracked 
|  52|0x000000068d000000, 0x000000068d400000, 0x000000068d400000|100%| O|  |TAMS 0x000000068d000000| PB 0x000000068d000000| Untracked 
|  53|0x000000068d400000, 0x000000068d800000, 0x000000068d800000|100%| O|  |TAMS 0x000000068d400000| PB 0x000000068d400000| Untracked 
|  54|0x000000068d800000, 0x000000068dc00000, 0x000000068dc00000|100%|HS|  |TAMS 0x000000068d800000| PB 0x000000068d800000| Complete 
|  55|0x000000068dc00000, 0x000000068e000000, 0x000000068e000000|100%| O|  |TAMS 0x000000068dc00000| PB 0x000000068dc00000| Untracked 
|  56|0x000000068e000000, 0x000000068e400000, 0x000000068e400000|100%| O|  |TAMS 0x000000068e000000| PB 0x000000068e000000| Untracked 
|  57|0x000000068e400000, 0x000000068e800000, 0x000000068e800000|100%| O|  |TAMS 0x000000068e400000| PB 0x000000068e400000| Untracked 
|  58|0x000000068e800000, 0x000000068ec00000, 0x000000068ec00000|100%| O|  |TAMS 0x000000068e800000| PB 0x000000068e800000| Untracked 
|  59|0x000000068ec00000, 0x000000068f000000, 0x000000068f000000|100%| O|  |TAMS 0x000000068ec00000| PB 0x000000068ec00000| Untracked 
|  60|0x000000068f000000, 0x000000068f400000, 0x000000068f400000|100%| O|  |TAMS 0x000000068f000000| PB 0x000000068f000000| Untracked 
|  61|0x000000068f400000, 0x000000068f800000, 0x000000068f800000|100%| O|  |TAMS 0x000000068f400000| PB 0x000000068f400000| Untracked 
|  62|0x000000068f800000, 0x000000068fc00000, 0x000000068fc00000|100%| O|  |TAMS 0x000000068f800000| PB 0x000000068f800000| Untracked 
|  63|0x000000068fc00000, 0x0000000690000000, 0x0000000690000000|100%| O|  |TAMS 0x000000068fc00000| PB 0x000000068fc00000| Untracked 
|  64|0x0000000690000000, 0x0000000690400000, 0x0000000690400000|100%| O|  |TAMS 0x0000000690000000| PB 0x0000000690000000| Untracked 
|  65|0x0000000690400000, 0x0000000690800000, 0x0000000690800000|100%| O|  |TAMS 0x0000000690400000| PB 0x0000000690400000| Untracked 
|  66|0x0000000690800000, 0x0000000690c00000, 0x0000000690c00000|100%| O|  |TAMS 0x0000000690800000| PB 0x0000000690800000| Untracked 
|  67|0x0000000690c00000, 0x0000000691000000, 0x0000000691000000|100%| O|  |TAMS 0x0000000690c00000| PB 0x0000000690c00000| Untracked 
|  68|0x0000000691000000, 0x0000000691400000, 0x0000000691400000|100%| O|  |TAMS 0x0000000691000000| PB 0x0000000691000000| Untracked 
|  69|0x0000000691400000, 0x0000000691800000, 0x0000000691800000|100%| O|  |TAMS 0x0000000691400000| PB 0x0000000691400000| Untracked 
|  70|0x0000000691800000, 0x0000000691c00000, 0x0000000691c00000|100%| O|  |TAMS 0x0000000691800000| PB 0x0000000691800000| Untracked 
|  71|0x0000000691c00000, 0x0000000692000000, 0x0000000692000000|100%| O|  |TAMS 0x0000000691c00000| PB 0x0000000691c00000| Untracked 
|  72|0x0000000692000000, 0x0000000692400000, 0x0000000692400000|100%| O|  |TAMS 0x0000000692000000| PB 0x0000000692000000| Untracked 
|  73|0x0000000692400000, 0x0000000692800000, 0x0000000692800000|100%| O|  |TAMS 0x0000000692400000| PB 0x0000000692400000| Untracked 
|  74|0x0000000692800000, 0x0000000692c00000, 0x0000000692c00000|100%| O|  |TAMS 0x0000000692800000| PB 0x0000000692800000| Untracked 
|  75|0x0000000692c00000, 0x0000000693000000, 0x0000000693000000|100%| O|  |TAMS 0x0000000692c00000| PB 0x0000000692c00000| Untracked 
|  76|0x0000000693000000, 0x0000000693400000, 0x0000000693400000|100%| O|  |TAMS 0x0000000693000000| PB 0x0000000693000000| Untracked 
|  77|0x0000000693400000, 0x0000000693800000, 0x0000000693800000|100%| O|  |TAMS 0x0000000693400000| PB 0x0000000693400000| Untracked 
|  78|0x0000000693800000, 0x0000000693c00000, 0x0000000693c00000|100%| O|  |TAMS 0x0000000693800000| PB 0x0000000693800000| Untracked 
|  79|0x0000000693c00000, 0x0000000694000000, 0x0000000694000000|100%| O|  |TAMS 0x0000000693c00000| PB 0x0000000693c00000| Untracked 
|  80|0x0000000694000000, 0x0000000694400000, 0x0000000694400000|100%| O|  |TAMS 0x0000000694000000| PB 0x0000000694000000| Untracked 
|  81|0x0000000694400000, 0x0000000694800000, 0x0000000694800000|100%| O|  |TAMS 0x0000000694400000| PB 0x0000000694400000| Untracked 
|  82|0x0000000694800000, 0x0000000694c00000, 0x0000000694c00000|100%| O|  |TAMS 0x0000000694800000| PB 0x0000000694800000| Untracked 
|  83|0x0000000694c00000, 0x0000000695000000, 0x0000000695000000|100%| O|  |TAMS 0x0000000694c00000| PB 0x0000000694c00000| Untracked 
|  84|0x0000000695000000, 0x0000000695400000, 0x0000000695400000|100%| O|  |TAMS 0x0000000695000000| PB 0x0000000695000000| Untracked 
|  85|0x0000000695400000, 0x0000000695800000, 0x0000000695800000|100%| O|  |TAMS 0x0000000695400000| PB 0x0000000695400000| Untracked 
|  86|0x0000000695800000, 0x0000000695a382e0, 0x0000000695c00000| 55%| O|  |TAMS 0x0000000695800000| PB 0x0000000695800000| Untracked 
|  87|0x0000000695c00000, 0x0000000695c00000, 0x0000000696000000|  0%| F|  |TAMS 0x0000000695c00000| PB 0x0000000695c00000| Untracked 
|  88|0x0000000696000000, 0x0000000696000000, 0x0000000696400000|  0%| F|  |TAMS 0x0000000696000000| PB 0x0000000696000000| Untracked 
|  89|0x0000000696400000, 0x0000000696400000, 0x0000000696800000|  0%| F|  |TAMS 0x0000000696400000| PB 0x0000000696400000| Untracked 
|  90|0x0000000696800000, 0x0000000696800000, 0x0000000696c00000|  0%| F|  |TAMS 0x0000000696800000| PB 0x0000000696800000| Untracked 
|  91|0x0000000696c00000, 0x0000000696c00000, 0x0000000697000000|  0%| F|  |TAMS 0x0000000696c00000| PB 0x0000000696c00000| Untracked 
|  92|0x0000000697000000, 0x0000000697000000, 0x0000000697400000|  0%| F|  |TAMS 0x0000000697000000| PB 0x0000000697000000| Untracked 
|  93|0x0000000697400000, 0x0000000697400000, 0x0000000697800000|  0%| F|  |TAMS 0x0000000697400000| PB 0x0000000697400000| Untracked 
|  94|0x0000000697800000, 0x0000000697800000, 0x0000000697c00000|  0%| F|  |TAMS 0x0000000697800000| PB 0x0000000697800000| Untracked 
|  95|0x0000000697c00000, 0x0000000697c00000, 0x0000000698000000|  0%| F|  |TAMS 0x0000000697c00000| PB 0x0000000697c00000| Untracked 
|  96|0x0000000698000000, 0x0000000698000000, 0x0000000698400000|  0%| F|  |TAMS 0x0000000698000000| PB 0x0000000698000000| Untracked 
|  97|0x0000000698400000, 0x0000000698400000, 0x0000000698800000|  0%| F|  |TAMS 0x0000000698400000| PB 0x0000000698400000| Untracked 
|  98|0x0000000698800000, 0x0000000698800000, 0x0000000698c00000|  0%| F|  |TAMS 0x0000000698800000| PB 0x0000000698800000| Untracked 
|  99|0x0000000698c00000, 0x0000000698c00000, 0x0000000699000000|  0%| F|  |TAMS 0x0000000698c00000| PB 0x0000000698c00000| Untracked 
| 100|0x0000000699000000, 0x0000000699000000, 0x0000000699400000|  0%| F|  |TAMS 0x0000000699000000| PB 0x0000000699000000| Untracked 
| 101|0x0000000699400000, 0x0000000699400000, 0x0000000699800000|  0%| F|  |TAMS 0x0000000699400000| PB 0x0000000699400000| Untracked 
| 102|0x0000000699800000, 0x0000000699800000, 0x0000000699c00000|  0%| F|  |TAMS 0x0000000699800000| PB 0x0000000699800000| Untracked 
| 103|0x0000000699c00000, 0x0000000699c00000, 0x000000069a000000|  0%| F|  |TAMS 0x0000000699c00000| PB 0x0000000699c00000| Untracked 
| 104|0x000000069a000000, 0x000000069a000000, 0x000000069a400000|  0%| F|  |TAMS 0x000000069a000000| PB 0x000000069a000000| Untracked 
| 105|0x000000069a400000, 0x000000069a400000, 0x000000069a800000|  0%| F|  |TAMS 0x000000069a400000| PB 0x000000069a400000| Untracked 
| 106|0x000000069a800000, 0x000000069a800000, 0x000000069ac00000|  0%| F|  |TAMS 0x000000069a800000| PB 0x000000069a800000| Untracked 
| 107|0x000000069ac00000, 0x000000069ac00000, 0x000000069b000000|  0%| F|  |TAMS 0x000000069ac00000| PB 0x000000069ac00000| Untracked 
| 108|0x000000069b000000, 0x000000069b000000, 0x000000069b400000|  0%| F|  |TAMS 0x000000069b000000| PB 0x000000069b000000| Untracked 
| 109|0x000000069b400000, 0x000000069b400000, 0x000000069b800000|  0%| F|  |TAMS 0x000000069b400000| PB 0x000000069b400000| Untracked 
| 110|0x000000069b800000, 0x000000069b800000, 0x000000069bc00000|  0%| F|  |TAMS 0x000000069b800000| PB 0x000000069b800000| Untracked 
| 111|0x000000069bc00000, 0x000000069bc00000, 0x000000069c000000|  0%| F|  |TAMS 0x000000069bc00000| PB 0x000000069bc00000| Untracked 
| 112|0x000000069c000000, 0x000000069c000000, 0x000000069c400000|  0%| F|  |TAMS 0x000000069c000000| PB 0x000000069c000000| Untracked 
| 113|0x000000069c400000, 0x000000069c400000, 0x000000069c800000|  0%| F|  |TAMS 0x000000069c400000| PB 0x000000069c400000| Untracked 
| 114|0x000000069c800000, 0x000000069c800000, 0x000000069cc00000|  0%| F|  |TAMS 0x000000069c800000| PB 0x000000069c800000| Untracked 
| 115|0x000000069cc00000, 0x000000069cc00000, 0x000000069d000000|  0%| F|  |TAMS 0x000000069cc00000| PB 0x000000069cc00000| Untracked 
| 116|0x000000069d000000, 0x000000069d000000, 0x000000069d400000|  0%| F|  |TAMS 0x000000069d000000| PB 0x000000069d000000| Untracked 
| 117|0x000000069d400000, 0x000000069d400000, 0x000000069d800000|  0%| F|  |TAMS 0x000000069d400000| PB 0x000000069d400000| Untracked 
| 118|0x000000069d800000, 0x000000069d800000, 0x000000069dc00000|  0%| F|  |TAMS 0x000000069d800000| PB 0x000000069d800000| Untracked 
| 119|0x000000069dc00000, 0x000000069dc00000, 0x000000069e000000|  0%| F|  |TAMS 0x000000069dc00000| PB 0x000000069dc00000| Untracked 
| 120|0x000000069e000000, 0x000000069e000000, 0x000000069e400000|  0%| F|  |TAMS 0x000000069e000000| PB 0x000000069e000000| Untracked 
| 121|0x000000069e400000, 0x000000069e400000, 0x000000069e800000|  0%| F|  |TAMS 0x000000069e400000| PB 0x000000069e400000| Untracked 
| 122|0x000000069e800000, 0x000000069e800000, 0x000000069ec00000|  0%| F|  |TAMS 0x000000069e800000| PB 0x000000069e800000| Untracked 
| 123|0x000000069ec00000, 0x000000069ec00000, 0x000000069f000000|  0%| F|  |TAMS 0x000000069ec00000| PB 0x000000069ec00000| Untracked 
| 124|0x000000069f000000, 0x000000069f000000, 0x000000069f400000|  0%| F|  |TAMS 0x000000069f000000| PB 0x000000069f000000| Untracked 
| 125|0x000000069f400000, 0x000000069f400000, 0x000000069f800000|  0%| F|  |TAMS 0x000000069f400000| PB 0x000000069f400000| Untracked 
| 126|0x000000069f800000, 0x000000069f800000, 0x000000069fc00000|  0%| F|  |TAMS 0x000000069f800000| PB 0x000000069f800000| Untracked 
| 127|0x000000069fc00000, 0x000000069fc00000, 0x00000006a0000000|  0%| F|  |TAMS 0x000000069fc00000| PB 0x000000069fc00000| Untracked 
| 128|0x00000006a0000000, 0x00000006a0000000, 0x00000006a0400000|  0%| F|  |TAMS 0x00000006a0000000| PB 0x00000006a0000000| Untracked 
| 129|0x00000006a0400000, 0x00000006a0400000, 0x00000006a0800000|  0%| F|  |TAMS 0x00000006a0400000| PB 0x00000006a0400000| Untracked 
| 130|0x00000006a0800000, 0x00000006a0800000, 0x00000006a0c00000|  0%| F|  |TAMS 0x00000006a0800000| PB 0x00000006a0800000| Untracked 
| 131|0x00000006a0c00000, 0x00000006a0c00000, 0x00000006a1000000|  0%| F|  |TAMS 0x00000006a0c00000| PB 0x00000006a0c00000| Untracked 
| 132|0x00000006a1000000, 0x00000006a1000000, 0x00000006a1400000|  0%| F|  |TAMS 0x00000006a1000000| PB 0x00000006a1000000| Untracked 
| 133|0x00000006a1400000, 0x00000006a1400000, 0x00000006a1800000|  0%| F|  |TAMS 0x00000006a1400000| PB 0x00000006a1400000| Untracked 
| 134|0x00000006a1800000, 0x00000006a1800000, 0x00000006a1c00000|  0%| F|  |TAMS 0x00000006a1800000| PB 0x00000006a1800000| Untracked 
| 135|0x00000006a1c00000, 0x00000006a1c00000, 0x00000006a2000000|  0%| F|  |TAMS 0x00000006a1c00000| PB 0x00000006a1c00000| Untracked 
| 136|0x00000006a2000000, 0x00000006a2000000, 0x00000006a2400000|  0%| F|  |TAMS 0x00000006a2000000| PB 0x00000006a2000000| Untracked 
| 137|0x00000006a2400000, 0x00000006a2400000, 0x00000006a2800000|  0%| F|  |TAMS 0x00000006a2400000| PB 0x00000006a2400000| Untracked 
| 138|0x00000006a2800000, 0x00000006a2800000, 0x00000006a2c00000|  0%| F|  |TAMS 0x00000006a2800000| PB 0x00000006a2800000| Untracked 
| 139|0x00000006a2c00000, 0x00000006a2c00000, 0x00000006a3000000|  0%| F|  |TAMS 0x00000006a2c00000| PB 0x00000006a2c00000| Untracked 
| 140|0x00000006a3000000, 0x00000006a3000000, 0x00000006a3400000|  0%| F|  |TAMS 0x00000006a3000000| PB 0x00000006a3000000| Untracked 
| 141|0x00000006a3400000, 0x00000006a3400000, 0x00000006a3800000|  0%| F|  |TAMS 0x00000006a3400000| PB 0x00000006a3400000| Untracked 
| 142|0x00000006a3800000, 0x00000006a3800000, 0x00000006a3c00000|  0%| F|  |TAMS 0x00000006a3800000| PB 0x00000006a3800000| Untracked 
| 143|0x00000006a3c00000, 0x00000006a3c00000, 0x00000006a4000000|  0%| F|  |TAMS 0x00000006a3c00000| PB 0x00000006a3c00000| Untracked 
| 144|0x00000006a4000000, 0x00000006a4000000, 0x00000006a4400000|  0%| F|  |TAMS 0x00000006a4000000| PB 0x00000006a4000000| Untracked 
| 145|0x00000006a4400000, 0x00000006a4400000, 0x00000006a4800000|  0%| F|  |TAMS 0x00000006a4400000| PB 0x00000006a4400000| Untracked 
| 146|0x00000006a4800000, 0x00000006a4800000, 0x00000006a4c00000|  0%| F|  |TAMS 0x00000006a4800000| PB 0x00000006a4800000| Untracked 
| 147|0x00000006a4c00000, 0x00000006a4c00000, 0x00000006a5000000|  0%| F|  |TAMS 0x00000006a4c00000| PB 0x00000006a4c00000| Untracked 
| 148|0x00000006a5000000, 0x00000006a5000000, 0x00000006a5400000|  0%| F|  |TAMS 0x00000006a5000000| PB 0x00000006a5000000| Untracked 
| 149|0x00000006a5400000, 0x00000006a5400000, 0x00000006a5800000|  0%| F|  |TAMS 0x00000006a5400000| PB 0x00000006a5400000| Untracked 
| 150|0x00000006a5800000, 0x00000006a5800000, 0x00000006a5c00000|  0%| F|  |TAMS 0x00000006a5800000| PB 0x00000006a5800000| Untracked 
| 151|0x00000006a5c00000, 0x00000006a5c00000, 0x00000006a6000000|  0%| F|  |TAMS 0x00000006a5c00000| PB 0x00000006a5c00000| Untracked 
| 152|0x00000006a6000000, 0x00000006a6000000, 0x00000006a6400000|  0%| F|  |TAMS 0x00000006a6000000| PB 0x00000006a6000000| Untracked 
| 153|0x00000006a6400000, 0x00000006a6400000, 0x00000006a6800000|  0%| F|  |TAMS 0x00000006a6400000| PB 0x00000006a6400000| Untracked 
| 154|0x00000006a6800000, 0x00000006a6800000, 0x00000006a6c00000|  0%| F|  |TAMS 0x00000006a6800000| PB 0x00000006a6800000| Untracked 
| 155|0x00000006a6c00000, 0x00000006a6c00000, 0x00000006a7000000|  0%| F|  |TAMS 0x00000006a6c00000| PB 0x00000006a6c00000| Untracked 
| 156|0x00000006a7000000, 0x00000006a7000000, 0x00000006a7400000|  0%| F|  |TAMS 0x00000006a7000000| PB 0x00000006a7000000| Untracked 
| 157|0x00000006a7400000, 0x00000006a7800000, 0x00000006a7800000|100%| S|CS|TAMS 0x00000006a7400000| PB 0x00000006a7400000| Complete 
| 158|0x00000006a7800000, 0x00000006a7800000, 0x00000006a7c00000|  0%| F|  |TAMS 0x00000006a7800000| PB 0x00000006a7800000| Untracked 
| 159|0x00000006a7c00000, 0x00000006a7c00000, 0x00000006a8000000|  0%| F|  |TAMS 0x00000006a7c00000| PB 0x00000006a7c00000| Untracked 
| 160|0x00000006a8000000, 0x00000006a8000000, 0x00000006a8400000|  0%| F|  |TAMS 0x00000006a8000000| PB 0x00000006a8000000| Untracked 
|1530|0x00000007fe800000, 0x00000007fe800000, 0x00000007fec00000|  0%| F|  |TAMS 0x00000007fe800000| PB 0x00000007fe800000| Untracked 
|1531|0x00000007fec00000, 0x00000007fec00000, 0x00000007ff000000|  0%| F|  |TAMS 0x00000007fec00000| PB 0x00000007fec00000| Untracked 
|1532|0x00000007ff000000, 0x00000007ff000000, 0x00000007ff400000|  0%| F|  |TAMS 0x00000007ff000000| PB 0x00000007ff000000| Untracked 
|1533|0x00000007ff400000, 0x00000007ff400000, 0x00000007ff800000|  0%| F|  |TAMS 0x00000007ff400000| PB 0x00000007ff400000| Untracked 
|1534|0x00000007ff800000, 0x00000007ff800000, 0x00000007ffc00000|  0%| F|  |TAMS 0x00000007ff800000| PB 0x00000007ff800000| Untracked 
|1535|0x00000007ffc00000, 0x0000000800000000, 0x0000000800000000|100%| O|  |TAMS 0x00000007ffc00000| PB 0x00000007ffc00000| Untracked 

Card table byte_map: [0x0000012c3d3e0000,0x0000012c3dfe0000] _byte_map_base: 0x0000012c39fe0000

Marking Bits: (CMBitMap*) 0x0000012c2a656d30
 Bits: [0x0000012c3dfe0000, 0x0000012c43fe0000)

Polling page: 0x0000012c285c0000

Metaspace:

Usage:
  Non-class:    107.76 MB used.
      Class:     17.59 MB used.
       Both:    125.35 MB used.

Virtual space:
  Non-class space:      128.00 MB reserved,     109.38 MB ( 85%) committed,  2 nodes.
      Class space:        1.00 GB reserved,      19.00 MB (  2%) committed,  1 nodes.
             Both:        1.12 GB reserved,     128.38 MB ( 11%) committed. 

Chunk freelists:
   Non-Class:  2.33 MB
       Class:  12.85 MB
        Both:  15.18 MB

MaxMetaspaceSize: unlimited
CompressedClassSpaceSize: 1.00 GB
Initial GC threshold: 21.00 MB
Current GC threshold: 199.69 MB
CDS: on
 - commit_granule_bytes: 65536.
 - commit_granule_words: 8192.
 - virtual_space_node_default_size: 8388608.
 - enlarge_chunks_in_place: 1.
 - use_allocation_guard: 0.


Internal statistics:

num_allocs_failed_limit: 6.
num_arena_births: 4916.
num_arena_deaths: 0.
num_vsnodes_births: 3.
num_vsnodes_deaths: 0.
num_space_committed: 2054.
num_space_uncommitted: 0.
num_chunks_returned_to_freelist: 6.
num_chunks_taken_from_freelist: 11024.
num_chunk_merges: 3.
num_chunk_splits: 7199.
num_chunks_enlarged: 4577.
num_inconsistent_stats: 0.

CodeHeap 'non-profiled nmethods': size=120000Kb used=15671Kb max_used=15671Kb free=104329Kb
 bounds [0x0000012c352b0000, 0x0000012c36200000, 0x0000012c3c7e0000]
CodeHeap 'profiled nmethods': size=120000Kb used=33987Kb max_used=33987Kb free=86012Kb
 bounds [0x0000012c2d7e0000, 0x0000012c2f920000, 0x0000012c34d10000]
CodeHeap 'non-nmethods': size=5760Kb used=2846Kb max_used=2905Kb free=2913Kb
 bounds [0x0000012c34d10000, 0x0000012c34ff0000, 0x0000012c352b0000]
CodeCache: size=245760Kb, used=52504Kb, max_used=52563Kb, free=193254Kb
 total_blobs=18839, nmethods=17754, adapters=986, full_count=0
Compilation: enabled, stopped_count=0, restarted_count=0

Compilation events (20 events):
Event: 725.811 Thread 0x0000012c4647d8a0 22101       4       org.gradle.api.internal.DefaultNamedDomainObjectCollection$AbstractDomainObjectCreatingProvider::calculateOwnValue (71 bytes)
Event: 725.815 Thread 0x0000012c464808d0 22103       1       org.gradle.api.tasks.compile.AbstractCompile::setSourceCompatibility (6 bytes)
Event: 725.816 Thread 0x0000012c464808d0 nmethod 22103 0x0000012c361fa890 code [0x0000012c361faa20, 0x0000012c361fab40]
Event: 725.816 Thread 0x0000012c464808d0 22104       1       org.gradle.api.tasks.compile.AbstractCompile::setTargetCompatibility (6 bytes)
Event: 725.816 Thread 0x0000012c464808d0 nmethod 22104 0x0000012c361fab90 code [0x0000012c361fad20, 0x0000012c361fae40]
Event: 725.816 Thread 0x0000012c464808d0 22105       1       org.gradle.api.tasks.compile.CompileOptions::setEncoding (6 bytes)
Event: 725.816 Thread 0x0000012c464808d0 nmethod 22105 0x0000012c361fae90 code [0x0000012c361fb020, 0x0000012c361fb138]
Event: 725.816 Thread 0x0000012c464808d0 22106       1       org.gradle.api.tasks.compile.CompileOptions::setAnnotationProcessorPath (6 bytes)
Event: 725.816 Thread 0x0000012c464808d0 nmethod 22106 0x0000012c361fb190 code [0x0000012c361fb320, 0x0000012c361fb438]
Event: 725.816 Thread 0x0000012c464808d0 22107       1       com.android.build.api.component.impl.AnnotationProcessorImpl::getArgumentProviders (5 bytes)
Event: 725.816 Thread 0x0000012c464808d0 nmethod 22107 0x0000012c361fb490 code [0x0000012c361fb620, 0x0000012c361fb6f0]
Event: 725.816 Thread 0x0000012c464808d0 22108       1       com.android.build.gradle.internal.CompileOptions::getIncremental (5 bytes)
Event: 725.816 Thread 0x0000012c464808d0 nmethod 22108 0x0000012c361fb790 code [0x0000012c361fb920, 0x0000012c361fb9f0]
Event: 725.823 Thread 0x0000012c464808d0 22109       3       java.util.RegularEnumSet$EnumSetIterator::next (60 bytes)
Event: 725.824 Thread 0x0000012c464808d0 nmethod 22109 0x0000012c2f910210 code [0x0000012c2f9103e0, 0x0000012c2f910698]
Event: 725.830 Thread 0x0000012c464808d0 22110       3       com.google.common.base.Converter::<init> (6 bytes)
Event: 725.831 Thread 0x0000012c464808d0 nmethod 22110 0x0000012c2f910810 code [0x0000012c2f9109c0, 0x0000012c2f910b88]
Event: 725.848 Thread 0x0000012c4647d8a0 nmethod 22101 0x0000012c361fba90 code [0x0000012c361fbd20, 0x0000012c361fcdf0]
Event: 725.848 Thread 0x0000012c4647d8a0 22102       4       org.gradle.api.tasks.compile.CompileOptions_Decorated::attachOwner (11 bytes)
Event: 725.852 Thread 0x0000012c4647d8a0 nmethod 22102 0x0000012c361fd790 code [0x0000012c361fd920, 0x0000012c361fdbc0]

GC Heap History (20 events):
Event: 621.230 GC heap after
{Heap after GC invocations=92 (full 0):
 garbage-first heap   total 569344K, used 340939K [0x0000000680000000, 0x0000000800000000)
  region size 4096K, 2 young (8192K), 2 survivors (8192K)
 Metaspace       used 119685K, committed 122816K, reserved 1179648K
  class space    used 16888K, committed 18304K, reserved 1048576K
}
Event: 624.295 GC heap before
{Heap before GC invocations=92 (full 0):
 garbage-first heap   total 569344K, used 357323K [0x0000000680000000, 0x0000000800000000)
  region size 4096K, 6 young (24576K), 2 survivors (8192K)
 Metaspace       used 119696K, committed 122816K, reserved 1179648K
  class space    used 16888K, committed 18304K, reserved 1048576K
}
Event: 624.334 GC heap after
{Heap after GC invocations=93 (full 0):
 garbage-first heap   total 569344K, used 331553K [0x0000000680000000, 0x0000000800000000)
  region size 4096K, 1 young (4096K), 1 survivors (4096K)
 Metaspace       used 119696K, committed 122816K, reserved 1179648K
  class space    used 16888K, committed 18304K, reserved 1048576K
}
Event: 626.995 GC heap before
{Heap before GC invocations=93 (full 0):
 garbage-first heap   total 569344K, used 352033K [0x0000000680000000, 0x0000000800000000)
  region size 4096K, 6 young (24576K), 1 survivors (4096K)
 Metaspace       used 119736K, committed 122816K, reserved 1179648K
  class space    used 16888K, committed 18304K, reserved 1048576K
}
Event: 627.046 GC heap after
{Heap after GC invocations=94 (full 0):
 garbage-first heap   total 569344K, used 322792K [0x0000000680000000, 0x0000000800000000)
  region size 4096K, 1 young (4096K), 1 survivors (4096K)
 Metaspace       used 119736K, committed 122816K, reserved 1179648K
  class space    used 16888K, committed 18304K, reserved 1048576K
}
Event: 632.951 GC heap before
{Heap before GC invocations=94 (full 0):
 garbage-first heap   total 569344K, used 343272K [0x0000000680000000, 0x0000000800000000)
  region size 4096K, 6 young (24576K), 1 survivors (4096K)
 Metaspace       used 119768K, committed 122880K, reserved 1179648K
  class space    used 16888K, committed 18304K, reserved 1048576K
}
Event: 633.012 GC heap after
{Heap after GC invocations=95 (full 0):
 garbage-first heap   total 684032K, used 317334K [0x0000000680000000, 0x0000000800000000)
  region size 4096K, 1 young (4096K), 1 survivors (4096K)
 Metaspace       used 119768K, committed 122880K, reserved 1179648K
  class space    used 16888K, committed 18304K, reserved 1048576K
}
Event: 644.138 GC heap before
{Heap before GC invocations=95 (full 0):
 garbage-first heap   total 684032K, used 346006K [0x0000000680000000, 0x0000000800000000)
  region size 4096K, 8 young (32768K), 1 survivors (4096K)
 Metaspace       used 119780K, committed 122880K, reserved 1179648K
  class space    used 16888K, committed 18304K, reserved 1048576K
}
Event: 644.202 GC heap after
{Heap after GC invocations=96 (full 0):
 garbage-first heap   total 684032K, used 313034K [0x0000000680000000, 0x0000000800000000)
  region size 4096K, 1 young (4096K), 1 survivors (4096K)
 Metaspace       used 119780K, committed 122880K, reserved 1179648K
  class space    used 16888K, committed 18304K, reserved 1048576K
}
Event: 653.011 GC heap before
{Heap before GC invocations=96 (full 0):
 garbage-first heap   total 684032K, used 370378K [0x0000000680000000, 0x0000000800000000)
  region size 4096K, 15 young (61440K), 1 survivors (4096K)
 Metaspace       used 119881K, committed 123008K, reserved 1179648K
  class space    used 16891K, committed 18304K, reserved 1048576K
}
Event: 653.495 GC heap after
{Heap after GC invocations=97 (full 0):
 garbage-first heap   total 684032K, used 315104K [0x0000000680000000, 0x0000000800000000)
  region size 4096K, 2 young (8192K), 2 survivors (8192K)
 Metaspace       used 119881K, committed 123008K, reserved 1179648K
  class space    used 16891K, committed 18304K, reserved 1048576K
}
Event: 655.968 GC heap before
{Heap before GC invocations=97 (full 0):
 garbage-first heap   total 684032K, used 339680K [0x0000000680000000, 0x0000000800000000)
  region size 4096K, 8 young (32768K), 2 survivors (8192K)
 Metaspace       used 119908K, committed 123008K, reserved 1179648K
  class space    used 16891K, committed 18304K, reserved 1048576K
}
Event: 656.516 GC heap after
{Heap after GC invocations=98 (full 0):
 garbage-first heap   total 684032K, used 311420K [0x0000000680000000, 0x0000000800000000)
  region size 4096K, 1 young (4096K), 1 survivors (4096K)
 Metaspace       used 119908K, committed 123008K, reserved 1179648K
  class space    used 16891K, committed 18304K, reserved 1048576K
}
Event: 658.174 GC heap before
{Heap before GC invocations=98 (full 0):
 garbage-first heap   total 684032K, used 340092K [0x0000000680000000, 0x0000000800000000)
  region size 4096K, 8 young (32768K), 1 survivors (4096K)
 Metaspace       used 119972K, committed 123072K, reserved 1179648K
  class space    used 16895K, committed 18304K, reserved 1048576K
}
Event: 658.248 GC heap after
{Heap after GC invocations=99 (full 0):
 garbage-first heap   total 684032K, used 312815K [0x0000000680000000, 0x0000000800000000)
  region size 4096K, 1 young (4096K), 1 survivors (4096K)
 Metaspace       used 119972K, committed 123072K, reserved 1179648K
  class space    used 16895K, committed 18304K, reserved 1048576K
}
Event: 719.978 GC heap before
{Heap before GC invocations=99 (full 0):
 garbage-first heap   total 684032K, used 517615K [0x0000000680000000, 0x0000000800000000)
  region size 4096K, 51 young (208896K), 1 survivors (4096K)
 Metaspace       used 128119K, committed 131200K, reserved 1179648K
  class space    used 17992K, committed 19392K, reserved 1048576K
}
Event: 720.371 GC heap after
{Heap after GC invocations=100 (full 0):
 garbage-first heap   total 684032K, used 347003K [0x0000000680000000, 0x0000000800000000)
  region size 4096K, 7 young (28672K), 7 survivors (28672K)
 Metaspace       used 128119K, committed 131200K, reserved 1179648K
  class space    used 17992K, committed 19392K, reserved 1048576K
}
Event: 720.654 GC heap before
{Heap before GC invocations=100 (full 0):
 garbage-first heap   total 684032K, used 351099K [0x0000000680000000, 0x0000000800000000)
  region size 4096K, 8 young (32768K), 7 survivors (28672K)
 Metaspace       used 128133K, committed 131264K, reserved 1179648K
  class space    used 17993K, committed 19456K, reserved 1048576K
}
Event: 721.193 GC heap after
{Heap after GC invocations=101 (full 0):
 garbage-first heap   total 684032K, used 351729K [0x0000000680000000, 0x0000000800000000)
  region size 4096K, 1 young (4096K), 1 survivors (4096K)
 Metaspace       used 128133K, committed 131264K, reserved 1179648K
  class space    used 17993K, committed 19456K, reserved 1048576K
}
Event: 725.872 GC heap before
{Heap before GC invocations=101 (full 0):
 garbage-first heap   total 684032K, used 380401K [0x0000000680000000, 0x0000000800000000)
  region size 4096K, 8 young (32768K), 1 survivors (4096K)
 Metaspace       used 128355K, committed 131456K, reserved 1179648K
  class space    used 18011K, committed 19456K, reserved 1048576K
}

Dll operation events (15 events):
Event: 0.057 Loaded shared library C:\Users\u\.vscode\extensions\redhat.java-1.55.0-win32-x64\jre\21.0.11-win32-x86_64\bin\java.dll
Event: 0.939 Loaded shared library C:\Users\u\.vscode\extensions\redhat.java-1.55.0-win32-x64\jre\21.0.11-win32-x86_64\bin\zip.dll
Event: 1.033 Loaded shared library C:\Users\u\.vscode\extensions\redhat.java-1.55.0-win32-x64\jre\21.0.11-win32-x86_64\bin\instrument.dll
Event: 1.322 Loaded shared library C:\Users\u\.vscode\extensions\redhat.java-1.55.0-win32-x64\jre\21.0.11-win32-x86_64\bin\net.dll
Event: 1.331 Loaded shared library C:\Users\u\.vscode\extensions\redhat.java-1.55.0-win32-x64\jre\21.0.11-win32-x86_64\bin\nio.dll
Event: 1.343 Loaded shared library C:\Users\u\.vscode\extensions\redhat.java-1.55.0-win32-x64\jre\21.0.11-win32-x86_64\bin\zip.dll
Event: 6.647 Loaded shared library C:\Users\u\.vscode\extensions\redhat.java-1.55.0-win32-x64\jre\21.0.11-win32-x86_64\bin\jimage.dll
Event: 13.452 Loaded shared library C:\Users\u\.vscode\extensions\redhat.java-1.55.0-win32-x64\jre\21.0.11-win32-x86_64\bin\verify.dll
Event: 16.306 Loaded shared library C:\Users\u\.gradle\native\1def1411415f61bf3af743bc5b6707747c0891f09f0c88961ee8f79bc544acac\windows-amd64\native-platform.dll
Event: 16.674 Loaded shared library C:\Users\u\.gradle\native\0.2.5\x86_64-windows-gnu\gradle-fileevents.dll
Event: 33.170 Loaded shared library C:\Users\u\.vscode\extensions\redhat.java-1.55.0-win32-x64\jre\21.0.11-win32-x86_64\bin\management.dll
Event: 33.606 Loaded shared library C:\Users\u\.vscode\extensions\redhat.java-1.55.0-win32-x64\jre\21.0.11-win32-x86_64\bin\management_ext.dll
Event: 38.490 Loaded shared library C:\Users\u\.vscode\extensions\redhat.java-1.55.0-win32-x64\jre\21.0.11-win32-x86_64\bin\extnet.dll
Event: 41.459 Loaded shared library C:\Users\u\.vscode\extensions\redhat.java-1.55.0-win32-x64\jre\21.0.11-win32-x86_64\bin\sunmscapi.dll
Event: 51.286 Loaded shared library C:\Users\u\AppData\Local\Temp\native-platform11350085859838726836dir\gradle-fileevents.dll

Deoptimization events (20 events):
Event: 707.187 Thread 0x0000012c8c09e820 Uncommon trap: trap_request=0xffffffd6 fr.pc=0x0000012c3619a750 relative=0x0000000000000410
Event: 707.187 Thread 0x0000012c8c09e820 Uncommon trap: reason=array_check action=maybe_recompile pc=0x0000012c3619a750 method=java.util.LinkedHashMap.valuesToArray([Ljava/lang/Object;Z)[Ljava/lang/Object; @ 67 c2
Event: 707.187 Thread 0x0000012c8c09e820 DEOPT PACKING pc=0x0000012c3619a750 sp=0x0000001003bfa6c0
Event: 707.187 Thread 0x0000012c8c09e820 DEOPT UNPACKING pc=0x0000012c34d64422 sp=0x0000001003bfa660 mode 2
Event: 707.287 Thread 0x0000012c8c09e820 Uncommon trap: trap_request=0xffffffd6 fr.pc=0x0000012c3619a750 relative=0x0000000000000410
Event: 707.287 Thread 0x0000012c8c09e820 Uncommon trap: reason=array_check action=maybe_recompile pc=0x0000012c3619a750 method=java.util.LinkedHashMap.valuesToArray([Ljava/lang/Object;Z)[Ljava/lang/Object; @ 67 c2
Event: 707.287 Thread 0x0000012c8c09e820 DEOPT PACKING pc=0x0000012c3619a750 sp=0x0000001003bfa310
Event: 707.288 Thread 0x0000012c8c09e820 DEOPT UNPACKING pc=0x0000012c34d64422 sp=0x0000001003bfa2b0 mode 2
Event: 716.182 Thread 0x0000012c8c09e820 Uncommon trap: trap_request=0xffffff45 fr.pc=0x0000012c35abed74 relative=0x00000000000006b4
Event: 716.224 Thread 0x0000012c8c09e820 Uncommon trap: reason=unstable_if action=reinterpret pc=0x0000012c35abed74 method=it.unimi.dsi.fastutil.objects.ReferenceOpenHashSet.shiftKeys(I)V @ 50 c2
Event: 716.224 Thread 0x0000012c8c09e820 DEOPT PACKING pc=0x0000012c35abed74 sp=0x0000001003bfa3d0
Event: 716.224 Thread 0x0000012c8c09e820 DEOPT UNPACKING pc=0x0000012c34d64422 sp=0x0000001003bfa1c8 mode 2
Event: 723.402 Thread 0x0000012c8c09e820 Uncommon trap: trap_request=0xffffff45 fr.pc=0x0000012c35ea1364 relative=0x0000000000000a64
Event: 723.402 Thread 0x0000012c8c09e820 Uncommon trap: reason=unstable_if action=reinterpret pc=0x0000012c35ea1364 method=kotlin.collections.CollectionsKt___CollectionsKt.drop(Ljava/lang/Iterable;I)Ljava/util/List; @ 62 c2
Event: 723.402 Thread 0x0000012c8c09e820 DEOPT PACKING pc=0x0000012c35ea1364 sp=0x0000001003bfa940
Event: 723.402 Thread 0x0000012c8c09e820 DEOPT UNPACKING pc=0x0000012c34d64422 sp=0x0000001003bfa910 mode 2
Event: 725.753 Thread 0x0000012c8c09e820 Uncommon trap: trap_request=0xffffff45 fr.pc=0x0000012c361ec564 relative=0x0000000000000384
Event: 725.753 Thread 0x0000012c8c09e820 Uncommon trap: reason=unstable_if action=reinterpret pc=0x0000012c361ec564 method=org.gradle.api.internal.collections.AbstractIterationOrderRetainingElementSource.realizePending()V @ 33 c2
Event: 725.753 Thread 0x0000012c8c09e820 DEOPT PACKING pc=0x0000012c361ec564 sp=0x0000001003bfa4a0
Event: 725.753 Thread 0x0000012c8c09e820 DEOPT UNPACKING pc=0x0000012c34d64422 sp=0x0000001003bfa3e8 mode 2

Classes loaded (20 events):
Event: 500.659 Loading class java/util/concurrent/ConcurrentHashMap$EntrySpliterator
Event: 500.739 Loading class java/util/concurrent/ConcurrentHashMap$EntrySpliterator done
Event: 503.058 Loading class java/nio/file/StandardCopyOption
Event: 503.095 Loading class java/nio/file/StandardCopyOption done
Event: 503.105 Loading class sun/nio/fs/WindowsFileCopy
Event: 503.517 Loading class sun/nio/fs/WindowsFileCopy done
Event: 515.681 Loading class java/time/Instant$1
Event: 515.682 Loading class java/time/Instant$1 done
Event: 517.092 Loading class java/util/concurrent/CompletableFuture$AsyncRun
Event: 517.142 Loading class java/util/concurrent/CompletableFuture$AsyncRun done
Event: 528.937 Loading class jdk/internal/math/FormattedFPDecimal
Event: 528.943 Loading class jdk/internal/math/FormattedFPDecimal done
Event: 659.588 Loading class java/util/TreeMap$ValueSpliterator
Event: 659.607 Loading class java/util/TreeMap$ValueSpliterator done
Event: 687.593 Loading class java/lang/ExceptionInInitializerError
Event: 687.596 Loading class java/lang/ExceptionInInitializerError done
Event: 688.390 Loading class javax/crypto/NoSuchPaddingException
Event: 688.393 Loading class javax/crypto/NoSuchPaddingException done
Event: 694.155 Loading class java/security/cert/CertificateEncodingException
Event: 694.180 Loading class java/security/cert/CertificateEncodingException done

Classes unloaded (0 events):
No events

Classes redefined (0 events):
No events

Internal exceptions (20 events):
Event: 540.705 Thread 0x0000012c91b63aa0 Exception <a 'sun/nio/fs/WindowsException'{0x00000007ff4261c0}> (0x00000007ff4261c0) 
thrown [s\src\hotspot\share\prims\jni.cpp, line 520]
Event: 547.469 Thread 0x0000012c8c09e820 Implicit null exception at 0x0000012c35db5840 to 0x0000012c35db58a8
Event: 607.345 Thread 0x0000012c8c09e820 Implicit null exception at 0x0000012c35799098 to 0x0000012c3579bda4
Event: 607.352 Thread 0x0000012c8c09e820 Implicit null exception at 0x0000012c3530de88 to 0x0000012c3530e0bc
Event: 659.687 Thread 0x0000012c8c09e820 Exception <a 'java/lang/NoSuchMethodError'{0x00000007ff12a5e0}: 'java.lang.Object java.lang.invoke.DirectMethodHandle$Holder.invokeStatic(java.lang.Object, int, java.lang.Object)'> (0x00000007ff12a5e0) 
thrown [s\src\hotspot\share\interpreter\linkResolver.cpp, line 773]
Event: 660.641 Thread 0x0000012c8c09e820 Implicit null exception at 0x0000012c35ce8518 to 0x0000012c35ce8dac
Event: 660.643 Thread 0x0000012c8c09e820 Implicit null exception at 0x0000012c35c229aa to 0x0000012c35c22d34
Event: 664.043 Thread 0x0000012c8c09e820 Implicit null exception at 0x0000012c3610282a to 0x0000012c36102fc8
Event: 665.783 Thread 0x0000012c8c09e820 Implicit null exception at 0x0000012c3610a133 to 0x0000012c3610a400
Event: 669.628 Thread 0x0000012c8c09e820 Implicit null exception at 0x0000012c35b437aa to 0x0000012c35b441b4
Event: 683.933 Thread 0x0000012c8c09e820 Exception <a 'java/lang/ClassNotFoundException'{0x00000006a3455630}: com/android/build/gradle/tasks/MergeResources_DecoratedBeanInfo> (0x00000006a3455630) 
thrown [s\src\hotspot\share\classfile\systemDictionary.cpp, line 313]
Event: 683.935 Thread 0x0000012c8c09e820 Exception <a 'java/lang/ClassNotFoundException'{0x00000006a34604b8}: com/android/build/gradle/tasks/MergeResourcesBeanInfo> (0x00000006a34604b8) 
thrown [s\src\hotspot\share\classfile\systemDictionary.cpp, line 313]
Event: 683.937 Thread 0x0000012c8c09e820 Exception <a 'java/lang/ClassNotFoundException'{0x00000006a346b5e8}: com/android/build/gradle/internal/tasks/NewIncrementalTaskBeanInfo> (0x00000006a346b5e8) 
thrown [s\src\hotspot\share\classfile\systemDictionary.cpp, line 313]
Event: 683.939 Thread 0x0000012c8c09e820 Exception <a 'java/lang/ClassNotFoundException'{0x00000006a3476720}: com/android/build/gradle/internal/tasks/AndroidVariantTaskBeanInfo> (0x00000006a3476720) 
thrown [s\src\hotspot\share\classfile\systemDictionary.cpp, line 313]
Event: 683.952 Thread 0x0000012c8c09e820 Exception <a 'java/lang/ClassNotFoundException'{0x00000006a34b19b8}: com/android/build/gradle/internal/tasks/BaseTaskBeanInfo> (0x00000006a34b19b8) 
thrown [s\src\hotspot\share\classfile\systemDictionary.cpp, line 313]
Event: 683.955 Thread 0x0000012c8c09e820 Exception <a 'java/lang/ClassNotFoundException'{0x00000006a34bc958}: com/android/build/gradle/internal/tasks/BaseTaskCustomizer> (0x00000006a34bc958) 
thrown [s\src\hotspot\share\classfile\systemDictionary.cpp, line 313]
Event: 684.297 Thread 0x0000012c8c09e820 Exception <a 'java/lang/ClassNotFoundException'{0x00000006a34d7110}: com/android/build/gradle/internal/tasks/AndroidVariantTaskCustomizer> (0x00000006a34d7110) 
thrown [s\src\hotspot\share\classfile\systemDictionary.cpp, line 313]
Event: 684.308 Thread 0x0000012c8c09e820 Exception <a 'java/lang/ClassNotFoundException'{0x00000006a34f46c0}: com/android/build/gradle/internal/tasks/NewIncrementalTaskCustomizer> (0x00000006a34f46c0) 
thrown [s\src\hotspot\share\classfile\systemDictionary.cpp, line 313]
Event: 684.569 Thread 0x0000012c8c09e820 Exception <a 'java/lang/ClassNotFoundException'{0x00000006a350d918}: com/android/build/gradle/tasks/MergeResourcesCustomizer> (0x00000006a350d918) 
thrown [s\src\hotspot\share\classfile\systemDictionary.cpp, line 313]
Event: 684.573 Thread 0x0000012c8c09e820 Exception <a 'java/lang/ClassNotFoundException'{0x00000006a354fe00}: com/android/build/gradle/tasks/MergeResources_DecoratedCustomizer> (0x00000006a354fe00) 
thrown [s\src\hotspot\share\classfile\systemDictionary.cpp, line 313]

ZGC Phase Switch (0 events):
No events

VM Operations (20 events):
Event: 716.636 Executing safepoint VM operation: Cleanup done
Event: 717.647 Executing safepoint VM operation: Cleanup
Event: 717.662 Executing safepoint VM operation: Cleanup done
Event: 718.669 Executing safepoint VM operation: Cleanup
Event: 718.747 Executing safepoint VM operation: Cleanup done
Event: 719.754 Executing safepoint VM operation: Cleanup
Event: 719.787 Executing safepoint VM operation: Cleanup done
Event: 719.975 Executing safepoint VM operation: G1CollectForAllocation (G1 Evacuation Pause)
Event: 720.372 Executing safepoint VM operation: G1CollectForAllocation (G1 Evacuation Pause) done
Event: 720.650 Executing safepoint VM operation: G1CollectForAllocation (G1 Evacuation Pause)
Event: 721.194 Executing safepoint VM operation: G1CollectForAllocation (G1 Evacuation Pause) done
Event: 722.204 Executing safepoint VM operation: Cleanup
Event: 722.267 Executing safepoint VM operation: Cleanup done
Event: 723.271 Executing safepoint VM operation: Cleanup
Event: 723.316 Executing safepoint VM operation: Cleanup done
Event: 724.330 Executing safepoint VM operation: Cleanup
Event: 724.330 Executing safepoint VM operation: Cleanup done
Event: 725.339 Executing safepoint VM operation: Cleanup
Event: 725.339 Executing safepoint VM operation: Cleanup done
Event: 725.871 Executing safepoint VM operation: G1CollectForAllocation (G1 Evacuation Pause)

Memory protections (0 events):
No events

Nmethod flushes (20 events):
Event: 614.686 Thread 0x0000012c46458330 flushing  nmethod 0x0000012c2eb46f90
Event: 614.686 Thread 0x0000012c46458330 flushing  nmethod 0x0000012c2eb4d590
Event: 614.686 Thread 0x0000012c46458330 flushing osr nmethod 0x0000012c2eb95b10
Event: 614.686 Thread 0x0000012c46458330 flushing  nmethod 0x0000012c2ecc2e10
Event: 614.686 Thread 0x0000012c46458330 flushing  nmethod 0x0000012c2ecc8a90
Event: 614.687 Thread 0x0000012c46458330 flushing  nmethod 0x0000012c2edd3510
Event: 614.687 Thread 0x0000012c46458330 flushing  nmethod 0x0000012c2edfbf10
Event: 614.687 Thread 0x0000012c46458330 flushing  nmethod 0x0000012c2ee04e10
Event: 614.687 Thread 0x0000012c46458330 flushing  nmethod 0x0000012c2ee05610
Event: 614.687 Thread 0x0000012c46458330 flushing  nmethod 0x0000012c2ee1bb10
Event: 614.687 Thread 0x0000012c46458330 flushing  nmethod 0x0000012c2eefe590
Event: 614.687 Thread 0x0000012c46458330 flushing  nmethod 0x0000012c2f343c10
Event: 614.688 Thread 0x0000012c46458330 flushing  nmethod 0x0000012c2f34dc10
Event: 614.688 Thread 0x0000012c46458330 flushing  nmethod 0x0000012c2f34e690
Event: 614.688 Thread 0x0000012c46458330 flushing  nmethod 0x0000012c2f34ef90
Event: 614.688 Thread 0x0000012c46458330 flushing  nmethod 0x0000012c2f34f790
Event: 614.688 Thread 0x0000012c46458330 flushing  nmethod 0x0000012c2f350910
Event: 614.688 Thread 0x0000012c46458330 flushing  nmethod 0x0000012c2f351310
Event: 614.688 Thread 0x0000012c46458330 flushing  nmethod 0x0000012c2f352690
Event: 614.688 Thread 0x0000012c46458330 flushing  nmethod 0x0000012c2f352d90

Events (20 events):
Event: 569.237 Thread 0x0000012c8c09e820 Thread added: 0x0000012c8d3e51d0
Event: 570.057 Thread 0x0000012c8c09e820 Thread added: 0x0000012c8d3e5860
Event: 570.067 Thread 0x0000012c8c09e820 Thread added: 0x0000012c8d3e3e20
Event: 570.078 Thread 0x0000012c8c09e820 Thread added: 0x0000012c8d3e44b0
Event: 573.332 Thread 0x0000012c8c09e820 Thread added: 0x0000012c8f442940
Event: 573.398 Thread 0x0000012c8c09e820 Thread added: 0x0000012c8f441590
Event: 573.408 Thread 0x0000012c8c09e820 Thread added: 0x0000012c8f447800
Event: 575.125 Thread 0x0000012c8c09e820 Thread added: 0x0000012c8f441c20
Event: 575.230 Thread 0x0000012c8c09e820 Thread added: 0x0000012c8f444a10
Event: 575.265 Thread 0x0000012c8c09e820 Thread added: 0x0000012c8f17c6e0
Event: 581.936 Thread 0x0000012c8c09e820 Thread added: 0x0000012c8f17da90
Event: 581.950 Thread 0x0000012c8c09e820 Thread added: 0x0000012c8f17e120
Event: 581.976 Thread 0x0000012c8c09e820 Thread added: 0x0000012c91e59860
Event: 583.026 Thread 0x0000012c8c09e820 Thread added: 0x0000012c91e55d50
Event: 583.029 Thread 0x0000012c8c09e820 Thread added: 0x0000012c91e5b930
Event: 583.032 Thread 0x0000012c8c09e820 Thread added: 0x0000012c9189d970
Event: 585.287 Thread 0x0000012c91898ab0 Thread exited: 0x0000012c91898ab0
Event: 592.586 Thread 0x0000012c8c09e820 Thread added: 0x0000012c9189e000
Event: 592.589 Thread 0x0000012c8c09e820 Thread added: 0x0000012c91898ab0
Event: 600.951 Thread 0x0000012c8f747ca0 Thread exited: 0x0000012c8f747ca0


Dynamic libraries:
0x00007ff75ef60000 - 0x00007ff75ef6e000 	C:\Users\u\.vscode\extensions\redhat.java-1.55.0-win32-x64\jre\21.0.11-win32-x86_64\bin\java.exe
0x00007ffc3d600000 - 0x00007ffc3d809000 	C:\Windows\SYSTEM32\ntdll.dll
0x00007ffc0bf30000 - 0x00007ffc0bf51000 	C:\Program Files\Avast Software\Avast\aswhook.dll
0x00007ffc3c190000 - 0x00007ffc3c24d000 	C:\Windows\System32\KERNEL32.DLL
0x00007ffc3af90000 - 0x00007ffc3b314000 	C:\Windows\System32\KERNELBASE.dll
0x00007ffc3ac30000 - 0x00007ffc3ad41000 	C:\Windows\System32\ucrtbase.dll
0x00007ffc2a2d0000 - 0x00007ffc2a2e8000 	C:\Users\u\.vscode\extensions\redhat.java-1.55.0-win32-x64\jre\21.0.11-win32-x86_64\bin\jli.dll
0x00007ffc3d2a0000 - 0x00007ffc3d44d000 	C:\Windows\System32\USER32.dll
0x00007ffc3aa90000 - 0x00007ffc3aab6000 	C:\Windows\System32\win32u.dll
0x00007ffc3d590000 - 0x00007ffc3d5ba000 	C:\Windows\System32\GDI32.dll
0x00007ffc3ae70000 - 0x00007ffc3af8e000 	C:\Windows\System32\gdi32full.dll
0x00007ffc3add0000 - 0x00007ffc3ae6d000 	C:\Windows\System32\msvcp_win.dll
0x00007ffc29fb0000 - 0x00007ffc29fce000 	C:\Users\u\.vscode\extensions\redhat.java-1.55.0-win32-x64\jre\21.0.11-win32-x86_64\bin\VCRUNTIME140.dll
0x00007ffc39d00000 - 0x00007ffc39fa5000 	C:\Windows\WinSxS\amd64_microsoft.windows.common-controls_6595b64144ccf1df_6.0.22000.120_none_9d947278b86cc467\COMCTL32.dll
0x00007ffc3c250000 - 0x00007ffc3c2f3000 	C:\Windows\System32\msvcrt.dll
0x00007ffc3c520000 - 0x00007ffc3c551000 	C:\Windows\System32\IMM32.DLL
0x00007ffc397c0000 - 0x00007ffc397cc000 	C:\Users\u\.vscode\extensions\redhat.java-1.55.0-win32-x64\jre\21.0.11-win32-x86_64\bin\vcruntime140_1.dll
0x00007ffc18760000 - 0x00007ffc187ed000 	C:\Users\u\.vscode\extensions\redhat.java-1.55.0-win32-x64\jre\21.0.11-win32-x86_64\bin\msvcp140.dll
0x00007ffb95a70000 - 0x00007ffb96812000 	C:\Users\u\.vscode\extensions\redhat.java-1.55.0-win32-x64\jre\21.0.11-win32-x86_64\bin\server\jvm.dll
0x00007ffc3d4e0000 - 0x00007ffc3d58e000 	C:\Windows\System32\ADVAPI32.dll
0x00007ffc3cf90000 - 0x00007ffc3d02e000 	C:\Windows\System32\sechost.dll
0x00007ffc3c560000 - 0x00007ffc3c681000 	C:\Windows\System32\RPCRT4.dll
0x00007ffc3ce60000 - 0x00007ffc3cecf000 	C:\Windows\System32\WS2_32.dll
0x00007ffc3a960000 - 0x00007ffc3a9ad000 	C:\Windows\SYSTEM32\POWRPROF.dll
0x00007ffc32f40000 - 0x00007ffc32f73000 	C:\Windows\SYSTEM32\WINMM.dll
0x00007ffc38d90000 - 0x00007ffc38d9a000 	C:\Windows\SYSTEM32\VERSION.dll
0x00007ffc3a940000 - 0x00007ffc3a953000 	C:\Windows\SYSTEM32\UMPDC.dll
0x00007ffc38c50000 - 0x00007ffc38c68000 	C:\Windows\SYSTEM32\kernel.appcore.dll
0x00007ffc35db0000 - 0x00007ffc35dba000 	C:\Users\u\.vscode\extensions\redhat.java-1.55.0-win32-x64\jre\21.0.11-win32-x86_64\bin\jimage.dll
0x00007ffc3a3a0000 - 0x00007ffc3a5c1000 	C:\Windows\SYSTEM32\DBGHELP.DLL
0x00007ffc3a270000 - 0x00007ffc3a2a1000 	C:\Windows\SYSTEM32\dbgcore.DLL
0x00007ffc3ad50000 - 0x00007ffc3adcf000 	C:\Windows\System32\bcryptPrimitives.dll
0x00007ffc355f0000 - 0x00007ffc355ff000 	C:\Users\u\.vscode\extensions\redhat.java-1.55.0-win32-x64\jre\21.0.11-win32-x86_64\bin\instrument.dll
0x00007ffc29dc0000 - 0x00007ffc29de0000 	C:\Users\u\.vscode\extensions\redhat.java-1.55.0-win32-x64\jre\21.0.11-win32-x86_64\bin\java.dll
0x00007ffc3b9c0000 - 0x00007ffc3c185000 	C:\Windows\System32\SHELL32.dll
0x00007ffc37c40000 - 0x00007ffc384a2000 	C:\Windows\SYSTEM32\windows.storage.dll
0x00007ffc3cad0000 - 0x00007ffc3ce46000 	C:\Windows\System32\combase.dll
0x00007ffc37ad0000 - 0x00007ffc37c37000 	C:\Windows\SYSTEM32\wintypes.dll
0x00007ffc3b8d0000 - 0x00007ffc3b9ba000 	C:\Windows\System32\SHCORE.dll
0x00007ffc3ced0000 - 0x00007ffc3cf2d000 	C:\Windows\System32\shlwapi.dll
0x00007ffc3a9c0000 - 0x00007ffc3a9e5000 	C:\Windows\SYSTEM32\profapi.dll
0x00007ffc2f880000 - 0x00007ffc2f898000 	C:\Users\u\.vscode\extensions\redhat.java-1.55.0-win32-x64\jre\21.0.11-win32-x86_64\bin\zip.dll
0x00007ffc349f0000 - 0x00007ffc34a00000 	C:\Users\u\.vscode\extensions\redhat.java-1.55.0-win32-x64\jre\21.0.11-win32-x86_64\bin\net.dll
0x00007ffc376b0000 - 0x00007ffc377c4000 	C:\Windows\SYSTEM32\WINHTTP.dll
0x00007ffc39070000 - 0x00007ffc390d7000 	C:\Windows\system32\mswsock.dll
0x00007ffc2f860000 - 0x00007ffc2f876000 	C:\Users\u\.vscode\extensions\redhat.java-1.55.0-win32-x64\jre\21.0.11-win32-x86_64\bin\nio.dll
0x00007ffc33010000 - 0x00007ffc33020000 	C:\Users\u\.vscode\extensions\redhat.java-1.55.0-win32-x64\jre\21.0.11-win32-x86_64\bin\verify.dll
0x00007ffc275c0000 - 0x00007ffc275e7000 	C:\Users\u\.gradle\native\1def1411415f61bf3af743bc5b6707747c0891f09f0c88961ee8f79bc544acac\windows-amd64\native-platform.dll
0x0000000068540000 - 0x00000000685b3000 	C:\Users\u\.gradle\native\0.2.5\x86_64-windows-gnu\gradle-fileevents.dll
0x00007ffc2f7a0000 - 0x00007ffc2f7aa000 	C:\Users\u\.vscode\extensions\redhat.java-1.55.0-win32-x64\jre\21.0.11-win32-x86_64\bin\management.dll
0x00007ffc2f3a0000 - 0x00007ffc2f3ac000 	C:\Users\u\.vscode\extensions\redhat.java-1.55.0-win32-x64\jre\21.0.11-win32-x86_64\bin\management_ext.dll
0x00007ffc3c9a0000 - 0x00007ffc3c9a8000 	C:\Windows\System32\PSAPI.DLL
0x00007ffc3a6b0000 - 0x00007ffc3a6c8000 	C:\Windows\SYSTEM32\CRYPTSP.dll
0x00007ffc38bb0000 - 0x00007ffc38be5000 	C:\Windows\system32\rsaenh.dll
0x00007ffc39110000 - 0x00007ffc3913c000 	C:\Windows\SYSTEM32\USERENV.dll
0x00007ffc3a330000 - 0x00007ffc3a357000 	C:\Windows\SYSTEM32\bcrypt.dll
0x00007ffc39260000 - 0x00007ffc3926c000 	C:\Windows\SYSTEM32\CRYPTBASE.dll
0x00007ffc38770000 - 0x00007ffc3879d000 	C:\Windows\SYSTEM32\IPHLPAPI.DLL
0x00007ffc3ce50000 - 0x00007ffc3ce59000 	C:\Windows\System32\NSI.dll
0x00007ffc2f810000 - 0x00007ffc2f819000 	C:\Users\u\.vscode\extensions\redhat.java-1.55.0-win32-x64\jre\21.0.11-win32-x86_64\bin\extnet.dll
0x00007ffc30c10000 - 0x00007ffc30c1e000 	C:\Users\u\.vscode\extensions\redhat.java-1.55.0-win32-x64\jre\21.0.11-win32-x86_64\bin\sunmscapi.dll
0x00007ffc3aac0000 - 0x00007ffc3ac22000 	C:\Windows\System32\CRYPT32.dll
0x00007ffc39cd0000 - 0x00007ffc39cf8000 	C:\Windows\SYSTEM32\ncrypt.dll
0x00007ffc39c90000 - 0x00007ffc39cc7000 	C:\Windows\SYSTEM32\NTASN1.dll
0x00007ffc33b20000 - 0x00007ffc33b28000 	C:\Windows\system32\wshunix.dll
0x00000000684c0000 - 0x0000000068533000 	C:\Users\u\AppData\Local\Temp\native-platform11350085859838726836dir\gradle-fileevents.dll
0x00007ffc387e0000 - 0x00007ffc388c7000 	C:\Windows\SYSTEM32\DNSAPI.dll
0x00007ffc301a0000 - 0x00007ffc301aa000 	C:\Windows\System32\rasadhlp.dll
0x00007ffc31420000 - 0x00007ffc314a1000 	C:\Windows\System32\fwpuclnt.dll
0x00007ffbc7240000 - 0x00007ffbc7257000 	C:\Windows\system32\napinsp.dll
0x00007ffbc5900000 - 0x00007ffbc591b000 	C:\Windows\system32\pnrpnsp.dll
0x00007ffbc58e0000 - 0x00007ffbc58f2000 	C:\Windows\System32\winrnr.dll
0x00007ffc215d0000 - 0x00007ffc215e5000 	C:\Windows\system32\wshbth.dll
0x00007ffc33b30000 - 0x00007ffc33b4f000 	C:\Windows\system32\nlansp_c.dll

JVMTI agents:
C:\Users\u\.gradle\wrapper\dists\gradle-8.12-all\ejduaidbjup3bmmkhw3rie4zb\gradle-8.12\lib\agents\gradle-instrumentation-agent-8.12.jar path:C:\Users\u\.vscode\extensions\redhat.java-1.55.0-win32-x64\jre\21.0.11-win32-x86_64\bin\instrument.dll, loaded, initialized, instrumentlib options:none

dbghelp: loaded successfully - version: 4.0.5 - missing functions: none
symbol engine: initialized successfully - sym options: 0x614 - pdb path: .;C:\Users\u\.vscode\extensions\redhat.java-1.55.0-win32-x64\jre\21.0.11-win32-x86_64\bin;C:\Windows\SYSTEM32;C:\Program Files\Avast Software\Avast;C:\Windows\WinSxS\amd64_microsoft.windows.common-controls_6595b64144ccf1df_6.0.22000.120_none_9d947278b86cc467;C:\Users\u\.vscode\extensions\redhat.java-1.55.0-win32-x64\jre\21.0.11-win32-x86_64\bin\server;C:\Users\u\.gradle\native\1def1411415f61bf3af743bc5b6707747c0891f09f0c88961ee8f79bc544acac\windows-amd64;C:\Users\u\.gradle\native\0.2.5\x86_64-windows-gnu;C:\Users\u\AppData\Local\Temp\native-platform11350085859838726836dir

VM Arguments:
jvm_args: --add-opens=java.base/java.lang=ALL-UNNAMED --add-opens=java.base/java.lang.invoke=ALL-UNNAMED --add-opens=java.base/java.util=ALL-UNNAMED --add-opens=java.prefs/java.util.prefs=ALL-UNNAMED --add-exports=jdk.compiler/com.sun.tools.javac.api=ALL-UNNAMED --add-exports=jdk.compiler/com.sun.tools.javac.util=ALL-UNNAMED --add-opens=java.base/java.util=ALL-UNNAMED --add-opens=java.prefs/java.util.prefs=ALL-UNNAMED --add-opens=java.base/java.nio.charset=ALL-UNNAMED --add-opens=java.base/java.net=ALL-UNNAMED --add-opens=java.base/java.util.concurrent.atomic=ALL-UNNAMED --add-opens=java.xml/javax.xml.namespace=ALL-UNNAMED -Xmx6144m -Dfile.encoding=UTF-8 -Duser.country=US -Duser.language=en -Duser.variant -javaagent:C:\Users\u\.gradle\wrapper\dists\gradle-8.12-all\ejduaidbjup3bmmkhw3rie4zb\gradle-8.12\lib\agents\gradle-instrumentation-agent-8.12.jar 
java_command: org.gradle.launcher.daemon.bootstrap.GradleDaemon 8.12
java_class_path (initial): C:\Users\u\.gradle\wrapper\dists\gradle-8.12-all\ejduaidbjup3bmmkhw3rie4zb\gradle-8.12\lib\gradle-daemon-main-8.12.jar
Launcher Type: SUN_STANDARD

[Global flags]
     intx CICompilerCount                          = 3                                         {product} {ergonomic}
     uint ConcGCThreads                            = 1                                         {product} {ergonomic}
     uint G1ConcRefinementThreads                  = 4                                         {product} {ergonomic}
   size_t G1HeapRegionSize                         = 4194304                                   {product} {ergonomic}
    uintx GCDrainStackTargetSize                   = 64                                        {product} {ergonomic}
   size_t InitialHeapSize                          = 134217728                                 {product} {ergonomic}
   size_t MarkStackSize                            = 4194304                                   {product} {ergonomic}
   size_t MaxHeapSize                              = 6442450944                                {product} {command line}
   size_t MaxNewSize                               = 3862953984                                {product} {ergonomic}
   size_t MinHeapDeltaBytes                        = 4194304                                   {product} {ergonomic}
   size_t MinHeapSize                              = 8388608                                   {product} {ergonomic}
    uintx NonNMethodCodeHeapSize                   = 5832780                                {pd product} {ergonomic}
    uintx NonProfiledCodeHeapSize                  = 122912730                              {pd product} {ergonomic}
    uintx ProfiledCodeHeapSize                     = 122912730                              {pd product} {ergonomic}
    uintx ReservedCodeCacheSize                    = 251658240                              {pd product} {ergonomic}
     bool SegmentedCodeCache                       = true                                      {product} {ergonomic}
   size_t SoftMaxHeapSize                          = 6442450944                             {manageable} {ergonomic}
     bool UseCompressedOops                        = true                           {product lp64_product} {ergonomic}
     bool UseG1GC                                  = true                                      {product} {ergonomic}
     bool UseLargePagesIndividualAllocation        = false                                  {pd product} {ergonomic}

Logging:
Log output configuration:
 #0: stdout all=warning uptime,level,tags foldmultilines=false
 #1: stderr all=off uptime,level,tags foldmultilines=false

Release file:
JAVA_VERSION="21.0.11" 
MODULES="java.base java.compiler java.datatransfer java.xml java.prefs java.desktop java.instrument java.logging java.management java.security.sasl java.naming java.rmi java.management.rmi java.net.http java.scripting java.security.jgss java.transaction.xa java.sql java.sql.rowset java.xml.crypto java.se java.smartcardio jdk.accessibility jdk.internal.jvmstat jdk.attach jdk.charsets jdk.internal.opt jdk.zipfs jdk.compiler jdk.crypto.ec jdk.crypto.cryptoki jdk.crypto.mscapi jdk.dynalink jdk.internal.ed jdk.editpad jdk.hotspot.agent jdk.httpserver jdk.internal.le jdk.internal.vm.ci jdk.internal.vm.compiler jdk.internal.vm.compiler.management jdk.jartool jdk.javadoc jdk.jcmd jdk.management jdk.management.agent jdk.jconsole jdk.jdeps jdk.jdwp.agent jdk.jdi jdk.jfr jdk.jshell jdk.jsobject jdk.jstatd jdk.localedata jdk.management.jfr jdk.naming.dns jdk.naming.rmi jdk.net jdk.nio.mapmode jdk.random jdk.sctp jdk.security.auth jdk.security.jgss jdk.unsupported jdk.unsupported.desktop jdk.xml.dom" 

Environment Variables:
JAVA_HOME=C:\Program Files\Eclipse Adoptium\jdk-17.0.19.10-hotspot
PATH=C:\Program Files\Eclipse Adoptium\jdk-17.0.19.10-hotspot\bin;C:\Program Files\Python314\Scripts\;C:\Program Files\Python314\;C:\Windows\system32;C:\Windows;C:\Windows\System32\Wbem;C:\Windows\System32\WindowsPowerShell\v1.0\;C:\Windows\System32\OpenSSH\;C:\ProgramData\chocolatey\bin;npm prefix -g;C:\Program Files\Git\cmd;C:\xampp19\php;C:\ProgramData\ComposerSetup\bin;c:\programData\ComposerSetup\bin;C:\ProgramData\ComposerSetup\bin;C:\Program Files\nodejs\;C:\Program Files\Docker\Docker\resources\bin;C:\Program Files\Eclipse Adoptium\jdk-17.0.19.10-hotspot\bin;C:\Users\u\AppData\Local\Microsoft\WindowsApps;C:\Users\u\AppData\Local\Programs\Microsoft VS Code\bin;C:\Users\u\AppData\Roaming\Composer\vendor\bin;C:\Users\u\AppData\Roaming\npm;C:\flutter\bin;C:\flutter\bin;C:\Users\u\AppData\Local\PowerToys\DSCModules\;C:\Users\u\AppData\Local\Pub\Cache\bin;C:\Users\u\AppData\Local\Pub\Cache\bin;%JAVA_HOME%\bin;%JAVA_HOME%\bin;
USERNAME=u
OS=Windows_NT
PROCESSOR_IDENTIFIER=Intel64 Family 6 Model 78 Stepping 3, GenuineIntel
TMP=C:\Users\u\AppData\Local\Temp
TEMP=C:\Users\u\AppData\Local\Temp




Periodic native trim disabled

---------------  S Y S T E M  ---------------

OS:
 Windows 11 , 64 bit Build 22000 (10.0.22000.2538)
OS uptime: 5 days 12:36 hours
Hyper-V role detected

CPU: total 4 (initial active 4) (2 cores per cpu, 2 threads per core) family 6 model 78 stepping 3 microcode 0xf0, cx8, cmov, fxsr, ht, mmx, 3dnowpref, sse, sse2, sse3, ssse3, sse4.1, sse4.2, popcnt, lzcnt, tsc, tscinvbit, avx, avx2, aes, erms, clmul, bmi1, bmi2, rtm, adx, fma, vzeroupper, clflush, clflushopt, hv, rdtscp, f16c
Processor Information for the first 4 processors :
  Max Mhz: 2496, Current Mhz: 2396, Mhz Limit: 2396

Memory: 4k page, system-wide physical 8072M (129M free)
TotalPageFile size 32648M (AvailPageFile size 141M)
current process WorkingSet (physical memory assigned to process): 499M, peak: 584M
current process commit charge ("private bytes"): 1066M, peak: 2174M

vm_info: OpenJDK 64-Bit Server VM (21.0.11+10-LTS) for windows-amd64 JRE (21.0.11+10-LTS), built on 2026-04-21T00:00:00Z by "admin" with MS VC++ 17.12 (VS2022)

END.
